#
# There is insufficient memory for the Java Runtime Environment to continue.
# Native memory allocation (malloc) failed to allocate 1641776 bytes. Error detail: Chunk::new
# Possible reasons:
#   The system is out of physical RAM or swap space
#   This process is running with CompressedOops enabled, and the Java Heap may be blocking the growth of the native heap
# Possible solutions:
#   Reduce memory load on the system
#   Increase physical memory or swap space
#   Check if swap backing store is full
#   Decrease Java heap size (-Xmx/-Xms)
#   Decrease number of Java threads
#   Decrease Java thread stack sizes (-Xss)
#   Set larger code cache with -XX:ReservedCodeCacheSize=
#   JVM is running with Unscaled Compressed Oops mode in which the Java heap is
#     placed in the first 4GB address space. The Java Heap base address is the
#     maximum limit for the native heap growth. Please use -XX:HeapBaseMinAddress
#     to set the Java Heap base and to place the Java Heap above 4GB virtual address.
# This output file may be truncated or incomplete.
#
#  Out of Memory Error (arena.cpp:168), pid=11124, tid=18740
#
# JRE version: OpenJDK Runtime Environment Temurin-21.0.10+7 (21.0.10+7) (build 21.0.10+7-LTS)
# Java VM: OpenJDK 64-Bit Server VM Temurin-21.0.10+7 (21.0.10+7-LTS, mixed mode, sharing, tiered, compressed oops, compressed class ptrs, parallel gc, windows-amd64)
# No core dump will be written. Minidumps are not enabled by default on client versions of Windows
#

---------------  S U M M A R Y ------------

Command Line: --add-modules=ALL-SYSTEM --add-opens=java.base/java.util=ALL-UNNAMED --add-opens=java.base/java.lang=ALL-UNNAMED --add-opens=java.base/sun.nio.fs=ALL-UNNAMED -Declipse.application=org.eclipse.jdt.ls.core.id1 -Dosgi.bundles.defaultStartLevel=4 -Declipse.product=org.eclipse.jdt.ls.core.product -Djava.import.generatesMetadataFilesAtProjectRoot=false -DDetectVMInstallationsJob.disabled=true -Dfile.encoding=utf8 -XX:+UseParallelGC -XX:GCTimeRatio=4 -XX:AdaptiveSizePolicyWeight=90 -Dsun.zip.disableMemoryMapping=true -Xmx2G -Xms100m -Xlog:disable -javaagent:c:\Users\manth\.vscode\extensions\redhat.java-1.53.0-win32-x64\lombok\lombok-1.18.39-4050.jar -XX:+HeapDumpOnOutOfMemoryError -XX:HeapDumpPath=c:\Users\manth\AppData\Roaming\Code\User\workspaceStorage\de60d85e5002304a71605e9d6aed963e\redhat.java -Daether.dependencyCollector.impl=bf c:\Users\manth\.vscode\extensions\redhat.java-1.53.0-win32-x64\server\plugins\org.eclipse.equinox.launcher_1.7.100.v20251111-0406.jar -configuration c:\Users\manth\AppData\Roaming\Code\User\globalStorage\redhat.java\1.53.0\config_win -data c:\Users\manth\AppData\Roaming\Code\User\workspaceStorage\de60d85e5002304a71605e9d6aed963e\redhat.java\jdt_ws --pipe=\\.\pipe\lsp-20096805e6f866a65f5133c5452df2f0-sock

Host: 11th Gen Intel(R) Core(TM) i5-11400H @ 2.70GHz, 12 cores, 15G,  Windows 11 , 64 bit Build 26100 (10.0.26100.7920)
Time: Sun Mar  8 13:21:47 2026 India Standard Time elapsed time: 4.741147 seconds (0d 0h 0m 4s)

---------------  T H R E A D  ---------------

Current thread (0x000001818bcff0e0):  JavaThread "C2 CompilerThread0" daemon [_thread_in_native, id=18740, stack(0x0000004088900000,0x0000004088a00000) (1024K)]


Current CompileTask:
C2:4741 6106   !   4       org.eclipse.osgi.internal.loader.classpath.ClasspathManager::findClassImpl (328 bytes)

Stack: [0x0000004088900000,0x0000004088a00000]
Native frames: (J=compiled Java code, j=interpreted, Vv=VM code, C=native code)
V  [jvm.dll+0x6d7a39]
V  [jvm.dll+0x8b4b26]
V  [jvm.dll+0x8b70de]
V  [jvm.dll+0x8b77c3]
V  [jvm.dll+0x284346]
V  [jvm.dll+0xc66ed]
V  [jvm.dll+0xc6c31]
V  [jvm.dll+0x3bec01]
V  [jvm.dll+0x38b162]
V  [jvm.dll+0x38a5aa]
V  [jvm.dll+0x24c560]
V  [jvm.dll+0x24bb40]
V  [jvm.dll+0x1cb34e]
V  [jvm.dll+0x25b85d]
V  [jvm.dll+0x259dea]
V  [jvm.dll+0x3f857e]
V  [jvm.dll+0x85f59d]
V  [jvm.dll+0x6d626d]
C  [ucrtbase.dll+0x37b0]
C  [KERNEL32.DLL+0x2e8d7]
C  [ntdll.dll+0x8c48c]


---------------  P R O C E S S  ---------------

Threads class SMR info:
_java_thread_list=0x00000181918b7ee0, length=44, elements={
0x0000018130e234c0, 0x0000018130ec51c0, 0x00000181497ed690, 0x0000018130ec6e20,
0x0000018130ec7e30, 0x0000018130ecef20, 0x0000018130ed40f0, 0x000001818bcff0e0,
0x0000018130eddef0, 0x0000018130ed54a0, 0x000001818bf9c9e0, 0x0000018130ed5b30,
0x000001818bf95d80, 0x0000018130ed61c0, 0x0000018130ed4780, 0x0000018130ed4e10,
0x0000018130ed6850, 0x0000018130ed33d0, 0x0000018130ed3a60, 0x0000018192150000,
0x0000018192150690, 0x0000018192151a40, 0x0000018192150d20, 0x00000181921520d0,
0x00000181921513b0, 0x0000018192152760, 0x0000018192152df0, 0x000001819214f970,
0x0000018192155be0, 0x0000018192155550, 0x0000018192156270, 0x0000018192156900,
0x0000018192154ec0, 0x0000018192153480, 0x0000018192154830, 0x00000181921541a0,
0x0000018192153b10, 0x0000018194749960, 0x0000018194747f20, 0x00000181947492d0,
0x0000018194749ff0, 0x000001819474a680, 0x0000018194747890, 0x000001819474b3a0
}

Java Threads: ( => current thread )
  0x0000018130e234c0 JavaThread "main"                              [_thread_blocked, id=12632, stack(0x0000004087f00000,0x0000004088000000) (1024K)]
  0x0000018130ec51c0 JavaThread "Reference Handler"          daemon [_thread_blocked, id=19484, stack(0x0000004088300000,0x0000004088400000) (1024K)]
  0x00000181497ed690 JavaThread "Finalizer"                  daemon [_thread_blocked, id=19416, stack(0x0000004088400000,0x0000004088500000) (1024K)]
  0x0000018130ec6e20 JavaThread "Signal Dispatcher"          daemon [_thread_blocked, id=26916, stack(0x0000004088500000,0x0000004088600000) (1024K)]
  0x0000018130ec7e30 JavaThread "Attach Listener"            daemon [_thread_blocked, id=15580, stack(0x0000004088600000,0x0000004088700000) (1024K)]
  0x0000018130ecef20 JavaThread "Service Thread"             daemon [_thread_blocked, id=28676, stack(0x0000004088700000,0x0000004088800000) (1024K)]
  0x0000018130ed40f0 JavaThread "Monitor Deflation Thread"   daemon [_thread_blocked, id=5884, stack(0x0000004088800000,0x0000004088900000) (1024K)]
=>0x000001818bcff0e0 JavaThread "C2 CompilerThread0"         daemon [_thread_in_native, id=18740, stack(0x0000004088900000,0x0000004088a00000) (1024K)]
  0x0000018130eddef0 JavaThread "C1 CompilerThread0"         daemon [_thread_blocked, id=28560, stack(0x0000004088a00000,0x0000004088b00000) (1024K)]
  0x0000018130ed54a0 JavaThread "Common-Cleaner"             daemon [_thread_blocked, id=25224, stack(0x0000004088b00000,0x0000004088c00000) (1024K)]
  0x000001818bf9c9e0 JavaThread "C2 CompilerThread1"         daemon [_thread_in_native, id=7444, stack(0x0000004088c00000,0x0000004088d00000) (1024K)]
  0x0000018130ed5b30 JavaThread "Notification Thread"        daemon [_thread_blocked, id=20184, stack(0x0000004088d00000,0x0000004088e00000) (1024K)]
  0x000001818bf95d80 JavaThread "C2 CompilerThread2"         daemon [_thread_in_native, id=7788, stack(0x0000004088e00000,0x0000004088f00000) (1024K)]
  0x0000018130ed61c0 JavaThread "Active Thread: Equinox Container: 5fff0bcf-098e-4fe1-abf8-de40df46a7b2"        [_thread_blocked, id=27956, stack(0x0000004089500000,0x0000004089600000) (1024K)]
  0x0000018130ed4780 JavaThread "Refresh Thread: Equinox Container: 5fff0bcf-098e-4fe1-abf8-de40df46a7b2" daemon [_thread_blocked, id=1864, stack(0x0000004089700000,0x0000004089800000) (1024K)]
  0x0000018130ed4e10 JavaThread "Framework Event Dispatcher: Equinox Container: 5fff0bcf-098e-4fe1-abf8-de40df46a7b2" daemon [_thread_blocked, id=1600, stack(0x0000004089800000,0x0000004089900000) (1024K)]
  0x0000018130ed6850 JavaThread "Start Level: Equinox Container: 5fff0bcf-098e-4fe1-abf8-de40df46a7b2" daemon [_thread_blocked, id=3956, stack(0x0000004089900000,0x0000004089a00000) (1024K)]
  0x0000018130ed33d0 JavaThread "Bundle File Closer"         daemon [_thread_blocked, id=6892, stack(0x0000004089c00000,0x0000004089d00000) (1024K)]
  0x0000018130ed3a60 JavaThread "SCR Component Actor"        daemon [_thread_blocked, id=5904, stack(0x0000004089d00000,0x0000004089e00000) (1024K)]
  0x0000018192150000 JavaThread "Worker-JM"                         [_thread_blocked, id=7936, stack(0x0000004089e00000,0x0000004089f00000) (1024K)]
  0x0000018192150690 JavaThread "JNA Cleaner"                daemon [_thread_blocked, id=14028, stack(0x0000004089f00000,0x000000408a000000) (1024K)]
  0x0000018192151a40 JavaThread "Worker-0: Updating Maven Dependencies"        [_thread_in_vm, id=12400, stack(0x000000408a000000,0x000000408a100000) (1024K)]
  0x0000018192150d20 JavaThread "Worker-1: Refreshing workspace"        [_thread_in_vm, id=17628, stack(0x000000408a100000,0x000000408a200000) (1024K)]
  0x00000181921520d0 JavaThread "Worker-2: Initialize After Load"        [_thread_blocked, id=20408, stack(0x000000408a200000,0x000000408a300000) (1024K)]
  0x00000181921513b0 JavaThread "Java indexing"              daemon [_thread_blocked, id=23956, stack(0x000000408a300000,0x000000408a400000) (1024K)]
  0x0000018192152760 JavaThread "Worker-3: Updating workspace"        [_thread_blocked, id=17688, stack(0x000000408a600000,0x000000408a700000) (1024K)]
  0x0000018192152df0 JavaThread "Worker-4"                          [_thread_blocked, id=29660, stack(0x000000408a700000,0x000000408a800000) (1024K)]
  0x000001819214f970 JavaThread "Worker-5: Repository registry initialization"        [_thread_blocked, id=4680, stack(0x000000408a800000,0x000000408a900000) (1024K)]
  0x0000018192155be0 JavaThread "Thread-1"                   daemon [_thread_in_native, id=27464, stack(0x000000408a900000,0x000000408aa00000) (1024K)]
  0x0000018192155550 JavaThread "Thread-2"                   daemon [_thread_in_native, id=9316, stack(0x000000408aa00000,0x000000408ab00000) (1024K)]
  0x0000018192156270 JavaThread "Thread-3"                   daemon [_thread_in_native, id=24692, stack(0x000000408ab00000,0x000000408ac00000) (1024K)]
  0x0000018192156900 JavaThread "Thread-4"                   daemon [_thread_in_native, id=17820, stack(0x000000408ac00000,0x000000408ad00000) (1024K)]
  0x0000018192154ec0 JavaThread "Thread-5"                   daemon [_thread_in_native, id=29452, stack(0x000000408ad00000,0x000000408ae00000) (1024K)]
  0x0000018192153480 JavaThread "Thread-6"                   daemon [_thread_in_native, id=23356, stack(0x000000408ae00000,0x000000408af00000) (1024K)]
  0x0000018192154830 JavaThread "Thread-7"                   daemon [_thread_in_native, id=7536, stack(0x000000408af00000,0x000000408b000000) (1024K)]
  0x00000181921541a0 JavaThread "Thread-8"                   daemon [_thread_in_native, id=2012, stack(0x000000408b000000,0x000000408b100000) (1024K)]
  0x0000018192153b10 JavaThread "Thread-9"                   daemon [_thread_in_native, id=27876, stack(0x000000408b100000,0x000000408b200000) (1024K)]
  0x0000018194749960 JavaThread "Thread-10"                  daemon [_thread_in_native, id=20192, stack(0x000000408b200000,0x000000408b300000) (1024K)]
  0x0000018194747f20 JavaThread "Thread-11"                  daemon [_thread_in_native, id=2396, stack(0x000000408b300000,0x000000408b400000) (1024K)]
  0x00000181947492d0 JavaThread "Thread-12"                  daemon [_thread_in_native, id=6312, stack(0x000000408b400000,0x000000408b500000) (1024K)]
  0x0000018194749ff0 JavaThread "Thread-13"                  daemon [_thread_in_native, id=14604, stack(0x000000408b500000,0x000000408b600000) (1024K)]
  0x000001819474a680 JavaThread "pool-2-thread-1"                   [_thread_blocked, id=20380, stack(0x000000408b600000,0x000000408b700000) (1024K)]
  0x0000018194747890 JavaThread "WorkspaceEventsHandler"            [_thread_blocked, id=22096, stack(0x000000408b700000,0x000000408b800000) (1024K)]
  0x000001819474b3a0 JavaThread "pool-1-thread-1"                   [_thread_blocked, id=22396, stack(0x000000408b800000,0x000000408b900000) (1024K)]
Total: 44

Other Threads:
  0x0000018130ec0a90 VMThread "VM Thread"                           [id=25568, stack(0x0000004088200000,0x0000004088300000) (1024K)]
  0x0000018130e91e00 WatcherThread "VM Periodic Task Thread"        [id=5964, stack(0x0000004088100000,0x0000004088200000) (1024K)]
  0x0000018130e42f70 WorkerThread "GC Thread#0"                     [id=20852, stack(0x0000004088000000,0x0000004088100000) (1024K)]
  0x000001819138aad0 WorkerThread "GC Thread#1"                     [id=2812, stack(0x0000004088f00000,0x0000004089000000) (1024K)]
  0x0000018191748f40 WorkerThread "GC Thread#2"                     [id=3420, stack(0x0000004089000000,0x0000004089100000) (1024K)]
  0x0000018191114200 WorkerThread "GC Thread#3"                     [id=12156, stack(0x0000004089100000,0x0000004089200000) (1024K)]
  0x0000018191422ee0 WorkerThread "GC Thread#4"                     [id=23784, stack(0x0000004089200000,0x0000004089300000) (1024K)]
  0x0000018191423290 WorkerThread "GC Thread#5"                     [id=2328, stack(0x0000004089300000,0x0000004089400000) (1024K)]
  0x00000181917193c0 WorkerThread "GC Thread#6"                     [id=10136, stack(0x0000004089400000,0x0000004089500000) (1024K)]
  0x000001819168aa20 WorkerThread "GC Thread#7"                     [id=4864, stack(0x0000004089600000,0x0000004089700000) (1024K)]
  0x0000018191d9bfa0 WorkerThread "GC Thread#8"                     [id=27836, stack(0x0000004089a00000,0x0000004089b00000) (1024K)]
  0x0000018191d9c350 WorkerThread "GC Thread#9"                     [id=18200, stack(0x0000004089b00000,0x0000004089c00000) (1024K)]
Total: 12

Threads with active compile tasks:
C2 CompilerThread0  5762 6106   !   4       org.eclipse.osgi.internal.loader.classpath.ClasspathManager::findClassImpl (328 bytes)
C2 CompilerThread1  5762 5931   !   4       org.eclipse.osgi.internal.loader.BundleLoader::findClass0 (490 bytes)
C2 CompilerThread2  5762 6265   !   4       org.eclipse.osgi.internal.loader.BundleLoader::findRequiredSource (283 bytes)
Total: 3

VM state: not at safepoint (normal execution)

VM Mutex/Monitor currently owned by a thread: None

Heap address: 0x0000000080000000, size: 2048 MB, Compressed Oops mode: 32-bit

CDS archive(s) mapped at: [0x000001814a000000-0x000001814aba0000-0x000001814aba0000), size 12189696, SharedBaseAddress: 0x000001814a000000, ArchiveRelocationMode: 1.
Compressed class space mapped at: 0x000001814b000000-0x000001818b000000, reserved size: 1073741824
Narrow klass base: 0x000001814a000000, Narrow klass shift: 0, Narrow klass range: 0x100000000

GC Precious Log:
 CardTable entry size: 512
 CPUs: 12 total, 12 available
 Memory: 16106M
 Large Page Support: Disabled
 NUMA Support: Disabled
 Compressed Oops: Enabled (32-bit)
 Alignments: Space 512K, Generation 512K, Heap 2M
 Heap Min Capacity: 100M
 Heap Initial Capacity: 100M
 Heap Max Capacity: 2G
 Pre-touch: Disabled
 Parallel Workers: 10

Heap:
 PSYoungGen      total 19456K, used 9195K [0x00000000d5580000, 0x00000000d6a80000, 0x0000000100000000)
  eden space 18432K, 46% used [0x00000000d5580000,0x00000000d5dead78,0x00000000d6780000)
  from space 1024K, 56% used [0x00000000d6900000,0x00000000d6990000,0x00000000d6a00000)
  to   space 512K, 0% used [0x00000000d6a00000,0x00000000d6a00000,0x00000000d6a80000)
 ParOldGen       total 68608K, used 28786K [0x0000000080000000, 0x0000000084300000, 0x00000000d5580000)
  object space 68608K, 41% used [0x0000000080000000,0x0000000081c1ca28,0x0000000084300000)
 Metaspace       used 41468K, committed 42688K, reserved 1114112K
  class space    used 4379K, committed 4928K, reserved 1048576K

Card table byte_map: [0x0000018144b30000,0x0000018144f40000] _byte_map_base: 0x0000018144730000

Marking Bits: (ParMarkBitMap*) 0x00007ffa24ce3450
 Begin Bits: [0x00000181451f0000, 0x00000181471f0000)
 End Bits:   [0x00000181471f0000, 0x00000181491f0000)

Polling page: 0x0000018130ef0000

Metaspace:

Usage:
  Non-class:     36.22 MB used.
      Class:      4.28 MB used.
       Both:     40.50 MB used.

Virtual space:
  Non-class space:       64.00 MB reserved,      36.88 MB ( 58%) committed,  1 nodes.
      Class space:        1.00 GB reserved,       4.81 MB ( <1%) committed,  1 nodes.
             Both:        1.06 GB reserved,      41.69 MB (  4%) committed. 

Chunk freelists:
   Non-Class:  10.97 MB
       Class:  11.05 MB
        Both:  22.02 MB

MaxMetaspaceSize: unlimited
CompressedClassSpaceSize: 1.00 GB
Initial GC threshold: 21.00 MB
Current GC threshold: 58.38 MB
CDS: on
 - commit_granule_bytes: 65536.
 - commit_granule_words: 8192.
 - virtual_space_node_default_size: 8388608.
 - enlarge_chunks_in_place: 1.
 - use_allocation_guard: 0.


Internal statistics:

num_allocs_failed_limit: 6.
num_arena_births: 756.
num_arena_deaths: 14.
num_vsnodes_births: 2.
num_vsnodes_deaths: 0.
num_space_committed: 667.
num_space_uncommitted: 0.
num_chunks_returned_to_freelist: 20.
num_chunks_taken_from_freelist: 2536.
num_chunk_merges: 11.
num_chunk_splits: 1597.
num_chunks_enlarged: 954.
num_inconsistent_stats: 0.

CodeHeap 'non-profiled nmethods': size=120000Kb used=2978Kb max_used=2978Kb free=117021Kb
 bounds [0x000001813d420000, 0x000001813d710000, 0x0000018144950000]
CodeHeap 'profiled nmethods': size=120000Kb used=11238Kb max_used=11238Kb free=108761Kb
 bounds [0x0000018135950000, 0x0000018136450000, 0x000001813ce80000]
CodeHeap 'non-nmethods': size=5760Kb used=1371Kb max_used=1436Kb free=4388Kb
 bounds [0x000001813ce80000, 0x000001813d0f0000, 0x000001813d420000]
CodeCache: size=245760Kb, used=15587Kb, max_used=15652Kb, free=230170Kb
 total_blobs=6375, nmethods=5716, adapters=565, full_count=0
Compilation: enabled, stopped_count=0, restarted_count=0

Compilation events (20 events):
Event: 3.725 Thread 0x0000018130eddef0 6281       2       java.util.LinkedHashMap::valuesToArray (80 bytes)
Event: 3.725 Thread 0x0000018130eddef0 nmethod 6281 0x0000018136430b10 code [0x0000018136430ce0, 0x0000018136431058]
Event: 3.731 Thread 0x0000018130eddef0 6282       2       sun.reflect.generics.reflectiveObjects.ParameterizedTypeImpl::getRawType (5 bytes)
Event: 3.732 Thread 0x0000018130eddef0 nmethod 6282 0x0000018136431290 code [0x0000018136431420, 0x0000018136431528]
Event: 3.736 Thread 0x000001818bf95d80 nmethod 6227 0x000001813d702b90 code [0x000001813d702ec0, 0x000001813d704698]
Event: 3.736 Thread 0x000001818bf95d80 6217   !   4       java.util.regex.Pattern::RemoveQEQuoting (370 bytes)
Event: 3.746 Thread 0x0000018130eddef0 6283       2       org.eclipse.core.internal.dtree.DataTreeNode::copy (69 bytes)
Event: 3.746 Thread 0x0000018130eddef0 nmethod 6283 0x0000018136431610 code [0x00000181364317e0, 0x0000018136431bc0]
Event: 3.800 Thread 0x0000018130eddef0 6284       2       org.eclipse.core.internal.jobs.JobManager::select (60 bytes)
Event: 3.801 Thread 0x0000018130eddef0 nmethod 6284 0x0000018136431d90 code [0x0000018136431f60, 0x0000018136432208]
Event: 3.909 Thread 0x0000018130eddef0 6285       2       java.lang.String::matches (6 bytes)
Event: 3.910 Thread 0x0000018130eddef0 nmethod 6285 0x0000018136432390 code [0x0000018136432560, 0x0000018136432760]
Event: 3.910 Thread 0x0000018130eddef0 6287       2       java.util.regex.Pattern$BnM::optimize (179 bytes)
Event: 3.910 Thread 0x0000018130eddef0 nmethod 6287 0x0000018136432890 code [0x0000018136432aa0, 0x00000181364331d0]
Event: 3.910 Thread 0x0000018130eddef0 6286       2       java.util.regex.Pattern::matches (16 bytes)
Event: 3.910 Thread 0x0000018130eddef0 nmethod 6286 0x0000018136433510 code [0x00000181364336e0, 0x00000181364338c8]
Event: 3.925 Thread 0x0000018130eddef0 6289       2       org.eclipse.jdt.ls.core.internal.JobHelpers$ProjectRegistryRefreshJobMatcher::matches (13 bytes)
Event: 3.925 Thread 0x0000018130eddef0 nmethod 6289 0x0000018136433a10 code [0x0000018136433be0, 0x0000018136433e50]
Event: 4.018 Thread 0x0000018130eddef0 6290       2       org.eclipse.core.internal.jobs.JobQueue::peek (26 bytes)
Event: 4.018 Thread 0x0000018130eddef0 nmethod 6290 0x0000018136434090 code [0x0000018136434220, 0x0000018136434348]

GC Heap History (20 events):
Event: 2.935 GC heap before
{Heap before GC invocations=16 (full 1):
 PSYoungGen      total 20992K, used 20978K [0x00000000d5580000, 0x00000000d6d00000, 0x0000000100000000)
  eden space 19968K, 100% used [0x00000000d5580000,0x00000000d6900000,0x00000000d6900000)
  from space 1024K, 98% used [0x00000000d6c00000,0x00000000d6cfcae8,0x00000000d6d00000)
  to   space 2048K, 0% used [0x00000000d6900000,0x00000000d6900000,0x00000000d6b00000)
 ParOldGen       total 68608K, used 23760K [0x0000000080000000, 0x0000000084300000, 0x00000000d5580000)
  object space 68608K, 34% used [0x0000000080000000,0x0000000081734330,0x0000000084300000)
 Metaspace       used 33420K, committed 34496K, reserved 1114112K
  class space    used 3366K, committed 3840K, reserved 1048576K
}
Event: 2.936 GC heap after
{Heap after GC invocations=16 (full 1):
 PSYoungGen      total 22016K, used 1008K [0x00000000d5580000, 0x00000000d6c80000, 0x0000000100000000)
  eden space 19968K, 0% used [0x00000000d5580000,0x00000000d5580000,0x00000000d6900000)
  from space 2048K, 49% used [0x00000000d6900000,0x00000000d69fc180,0x00000000d6b00000)
  to   space 1536K, 0% used [0x00000000d6b00000,0x00000000d6b00000,0x00000000d6c80000)
 ParOldGen       total 68608K, used 24724K [0x0000000080000000, 0x0000000084300000, 0x00000000d5580000)
  object space 68608K, 36% used [0x0000000080000000,0x0000000081825070,0x0000000084300000)
 Metaspace       used 33420K, committed 34496K, reserved 1114112K
  class space    used 3366K, committed 3840K, reserved 1048576K
}
Event: 3.009 GC heap before
{Heap before GC invocations=17 (full 1):
 PSYoungGen      total 22016K, used 20976K [0x00000000d5580000, 0x00000000d6c80000, 0x0000000100000000)
  eden space 19968K, 100% used [0x00000000d5580000,0x00000000d6900000,0x00000000d6900000)
  from space 2048K, 49% used [0x00000000d6900000,0x00000000d69fc180,0x00000000d6b00000)
  to   space 1536K, 0% used [0x00000000d6b00000,0x00000000d6b00000,0x00000000d6c80000)
 ParOldGen       total 68608K, used 24724K [0x0000000080000000, 0x0000000084300000, 0x00000000d5580000)
  object space 68608K, 36% used [0x0000000080000000,0x0000000081825070,0x0000000084300000)
 Metaspace       used 34486K, committed 35648K, reserved 1114112K
  class space    used 3495K, committed 3968K, reserved 1048576K
}
Event: 3.010 GC heap after
{Heap after GC invocations=17 (full 1):
 PSYoungGen      total 19968K, used 1520K [0x00000000d5580000, 0x00000000d7000000, 0x0000000100000000)
  eden space 18432K, 0% used [0x00000000d5580000,0x00000000d5580000,0x00000000d6780000)
  from space 1536K, 98% used [0x00000000d6b00000,0x00000000d6c7c0b8,0x00000000d6c80000)
  to   space 3584K, 0% used [0x00000000d6780000,0x00000000d6780000,0x00000000d6b00000)
 ParOldGen       total 68608K, used 26092K [0x0000000080000000, 0x0000000084300000, 0x00000000d5580000)
  object space 68608K, 38% used [0x0000000080000000,0x000000008197b210,0x0000000084300000)
 Metaspace       used 34486K, committed 35648K, reserved 1114112K
  class space    used 3495K, committed 3968K, reserved 1048576K
}
Event: 3.031 GC heap before
{Heap before GC invocations=18 (full 1):
 PSYoungGen      total 19968K, used 7604K [0x00000000d5580000, 0x00000000d7000000, 0x0000000100000000)
  eden space 18432K, 33% used [0x00000000d5580000,0x00000000d5b70f88,0x00000000d6780000)
  from space 1536K, 98% used [0x00000000d6b00000,0x00000000d6c7c0b8,0x00000000d6c80000)
  to   space 3584K, 0% used [0x00000000d6780000,0x00000000d6780000,0x00000000d6b00000)
 ParOldGen       total 68608K, used 26092K [0x0000000080000000, 0x0000000084300000, 0x00000000d5580000)
  object space 68608K, 38% used [0x0000000080000000,0x000000008197b210,0x0000000084300000)
 Metaspace       used 34800K, committed 35840K, reserved 1114112K
  class space    used 3534K, committed 3968K, reserved 1048576K
}
Event: 3.032 GC heap after
{Heap after GC invocations=18 (full 1):
 PSYoungGen      total 18944K, used 352K [0x00000000d5580000, 0x00000000d6c00000, 0x0000000100000000)
  eden space 18432K, 0% used [0x00000000d5580000,0x00000000d5580000,0x00000000d6780000)
  from space 512K, 68% used [0x00000000d6780000,0x00000000d67d8000,0x00000000d6800000)
  to   space 1536K, 0% used [0x00000000d6a80000,0x00000000d6a80000,0x00000000d6c00000)
 ParOldGen       total 68608K, used 27548K [0x0000000080000000, 0x0000000084300000, 0x00000000d5580000)
  object space 68608K, 40% used [0x0000000080000000,0x0000000081ae72f8,0x0000000084300000)
 Metaspace       used 34800K, committed 35840K, reserved 1114112K
  class space    used 3534K, committed 3968K, reserved 1048576K
}
Event: 3.032 GC heap before
{Heap before GC invocations=19 (full 2):
 PSYoungGen      total 18944K, used 352K [0x00000000d5580000, 0x00000000d6c00000, 0x0000000100000000)
  eden space 18432K, 0% used [0x00000000d5580000,0x00000000d5580000,0x00000000d6780000)
  from space 512K, 68% used [0x00000000d6780000,0x00000000d67d8000,0x00000000d6800000)
  to   space 1536K, 0% used [0x00000000d6a80000,0x00000000d6a80000,0x00000000d6c00000)
 ParOldGen       total 68608K, used 27548K [0x0000000080000000, 0x0000000084300000, 0x00000000d5580000)
  object space 68608K, 40% used [0x0000000080000000,0x0000000081ae72f8,0x0000000084300000)
 Metaspace       used 34800K, committed 35840K, reserved 1114112K
  class space    used 3534K, committed 3968K, reserved 1048576K
}
Event: 3.054 GC heap after
{Heap after GC invocations=19 (full 2):
 PSYoungGen      total 18944K, used 0K [0x00000000d5580000, 0x00000000d6c00000, 0x0000000100000000)
  eden space 18432K, 0% used [0x00000000d5580000,0x00000000d5580000,0x00000000d6780000)
  from space 512K, 0% used [0x00000000d6780000,0x00000000d6780000,0x00000000d6800000)
  to   space 1536K, 0% used [0x00000000d6a80000,0x00000000d6a80000,0x00000000d6c00000)
 ParOldGen       total 68608K, used 26528K [0x0000000080000000, 0x0000000084300000, 0x00000000d5580000)
  object space 68608K, 38% used [0x0000000080000000,0x00000000819e8378,0x0000000084300000)
 Metaspace       used 34800K, committed 35840K, reserved 1114112K
  class space    used 3534K, committed 3968K, reserved 1048576K
}
Event: 3.125 GC heap before
{Heap before GC invocations=20 (full 2):
 PSYoungGen      total 18944K, used 18432K [0x00000000d5580000, 0x00000000d6c00000, 0x0000000100000000)
  eden space 18432K, 100% used [0x00000000d5580000,0x00000000d6780000,0x00000000d6780000)
  from space 512K, 0% used [0x00000000d6780000,0x00000000d6780000,0x00000000d6800000)
  to   space 1536K, 0% used [0x00000000d6a80000,0x00000000d6a80000,0x00000000d6c00000)
 ParOldGen       total 68608K, used 26528K [0x0000000080000000, 0x0000000084300000, 0x00000000d5580000)
  object space 68608K, 38% used [0x0000000080000000,0x00000000819e8378,0x0000000084300000)
 Metaspace       used 35743K, committed 36800K, reserved 1114112K
  class space    used 3663K, committed 4096K, reserved 1048576K
}
Event: 3.126 GC heap after
{Heap after GC invocations=20 (full 2):
 PSYoungGen      total 19456K, used 832K [0x00000000d5580000, 0x00000000d6b80000, 0x0000000100000000)
  eden space 18432K, 0% used [0x00000000d5580000,0x00000000d5580000,0x00000000d6780000)
  from space 1024K, 81% used [0x00000000d6a80000,0x00000000d6b50000,0x00000000d6b80000)
  to   space 1024K, 0% used [0x00000000d6980000,0x00000000d6980000,0x00000000d6a80000)
 ParOldGen       total 68608K, used 26536K [0x0000000080000000, 0x0000000084300000, 0x00000000d5580000)
  object space 68608K, 38% used [0x0000000080000000,0x00000000819ea378,0x0000000084300000)
 Metaspace       used 35743K, committed 36800K, reserved 1114112K
  class space    used 3663K, committed 4096K, reserved 1048576K
}
Event: 3.236 GC heap before
{Heap before GC invocations=21 (full 2):
 PSYoungGen      total 19456K, used 19264K [0x00000000d5580000, 0x00000000d6b80000, 0x0000000100000000)
  eden space 18432K, 100% used [0x00000000d5580000,0x00000000d6780000,0x00000000d6780000)
  from space 1024K, 81% used [0x00000000d6a80000,0x00000000d6b50000,0x00000000d6b80000)
  to   space 1024K, 0% used [0x00000000d6980000,0x00000000d6980000,0x00000000d6a80000)
 ParOldGen       total 68608K, used 26536K [0x0000000080000000, 0x0000000084300000, 0x00000000d5580000)
  object space 68608K, 38% used [0x0000000080000000,0x00000000819ea378,0x0000000084300000)
 Metaspace       used 37232K, committed 38400K, reserved 1114112K
  class space    used 3847K, committed 4352K, reserved 1048576K
}
Event: 3.237 GC heap after
{Heap after GC invocations=21 (full 2):
 PSYoungGen      total 19456K, used 832K [0x00000000d5580000, 0x00000000d6b00000, 0x0000000100000000)
  eden space 18432K, 0% used [0x00000000d5580000,0x00000000d5580000,0x00000000d6780000)
  from space 1024K, 81% used [0x00000000d6980000,0x00000000d6a50000,0x00000000d6a80000)
  to   space 512K, 0% used [0x00000000d6a80000,0x00000000d6a80000,0x00000000d6b00000)
 ParOldGen       total 68608K, used 27088K [0x0000000080000000, 0x0000000084300000, 0x00000000d5580000)
  object space 68608K, 39% used [0x0000000080000000,0x0000000081a74388,0x0000000084300000)
 Metaspace       used 37232K, committed 38400K, reserved 1114112K
  class space    used 3847K, committed 4352K, reserved 1048576K
}
Event: 3.360 GC heap before
{Heap before GC invocations=22 (full 2):
 PSYoungGen      total 19456K, used 19264K [0x00000000d5580000, 0x00000000d6b00000, 0x0000000100000000)
  eden space 18432K, 100% used [0x00000000d5580000,0x00000000d6780000,0x00000000d6780000)
  from space 1024K, 81% used [0x00000000d6980000,0x00000000d6a50000,0x00000000d6a80000)
  to   space 512K, 0% used [0x00000000d6a80000,0x00000000d6a80000,0x00000000d6b00000)
 ParOldGen       total 68608K, used 27088K [0x0000000080000000, 0x0000000084300000, 0x00000000d5580000)
  object space 68608K, 39% used [0x0000000080000000,0x0000000081a74388,0x0000000084300000)
 Metaspace       used 38032K, committed 39168K, reserved 1114112K
  class space    used 3951K, committed 4480K, reserved 1048576K
}
Event: 3.360 GC heap after
{Heap after GC invocations=22 (full 2):
 PSYoungGen      total 18944K, used 493K [0x00000000d5580000, 0x00000000d6b00000, 0x0000000100000000)
  eden space 18432K, 0% used [0x00000000d5580000,0x00000000d5580000,0x00000000d6780000)
  from space 512K, 96% used [0x00000000d6a80000,0x00000000d6afb610,0x00000000d6b00000)
  to   space 1536K, 0% used [0x00000000d6800000,0x00000000d6800000,0x00000000d6980000)
 ParOldGen       total 68608K, used 27761K [0x0000000080000000, 0x0000000084300000, 0x00000000d5580000)
  object space 68608K, 40% used [0x0000000080000000,0x0000000081b1c740,0x0000000084300000)
 Metaspace       used 38032K, committed 39168K, reserved 1114112K
  class space    used 3951K, committed 4480K, reserved 1048576K
}
Event: 3.483 GC heap before
{Heap before GC invocations=23 (full 2):
 PSYoungGen      total 18944K, used 18910K [0x00000000d5580000, 0x00000000d6b00000, 0x0000000100000000)
  eden space 18432K, 99% used [0x00000000d5580000,0x00000000d677c530,0x00000000d6780000)
  from space 512K, 96% used [0x00000000d6a80000,0x00000000d6afb610,0x00000000d6b00000)
  to   space 1536K, 0% used [0x00000000d6800000,0x00000000d6800000,0x00000000d6980000)
 ParOldGen       total 68608K, used 27761K [0x0000000080000000, 0x0000000084300000, 0x00000000d5580000)
  object space 68608K, 40% used [0x0000000080000000,0x0000000081b1c740,0x0000000084300000)
 Metaspace       used 38918K, committed 40128K, reserved 1114112K
  class space    used 4053K, committed 4608K, reserved 1048576K
}
Event: 3.483 GC heap after
{Heap after GC invocations=23 (full 2):
 PSYoungGen      total 19968K, used 576K [0x00000000d5580000, 0x00000000d6b00000, 0x0000000100000000)
  eden space 18432K, 0% used [0x00000000d5580000,0x00000000d5580000,0x00000000d6780000)
  from space 1536K, 37% used [0x00000000d6800000,0x00000000d6890000,0x00000000d6980000)
  to   space 1024K, 0% used [0x00000000d6a00000,0x00000000d6a00000,0x00000000d6b00000)
 ParOldGen       total 68608K, used 28114K [0x0000000080000000, 0x0000000084300000, 0x00000000d5580000)
  object space 68608K, 40% used [0x0000000080000000,0x0000000081b74a28,0x0000000084300000)
 Metaspace       used 38918K, committed 40128K, reserved 1114112K
  class space    used 4053K, committed 4608K, reserved 1048576K
}
Event: 3.599 GC heap before
{Heap before GC invocations=24 (full 2):
 PSYoungGen      total 19968K, used 19008K [0x00000000d5580000, 0x00000000d6b00000, 0x0000000100000000)
  eden space 18432K, 100% used [0x00000000d5580000,0x00000000d6780000,0x00000000d6780000)
  from space 1536K, 37% used [0x00000000d6800000,0x00000000d6890000,0x00000000d6980000)
  to   space 1024K, 0% used [0x00000000d6a00000,0x00000000d6a00000,0x00000000d6b00000)
 ParOldGen       total 68608K, used 28114K [0x0000000080000000, 0x0000000084300000, 0x00000000d5580000)
  object space 68608K, 40% used [0x0000000080000000,0x0000000081b74a28,0x0000000084300000)
 Metaspace       used 39915K, committed 41152K, reserved 1114112K
  class space    used 4178K, committed 4736K, reserved 1048576K
}
Event: 3.599 GC heap after
{Heap after GC invocations=24 (full 2):
 PSYoungGen      total 19456K, used 544K [0x00000000d5580000, 0x00000000d6b00000, 0x0000000100000000)
  eden space 18432K, 0% used [0x00000000d5580000,0x00000000d5580000,0x00000000d6780000)
  from space 1024K, 53% used [0x00000000d6a00000,0x00000000d6a88000,0x00000000d6b00000)
  to   space 1024K, 0% used [0x00000000d6900000,0x00000000d6900000,0x00000000d6a00000)
 ParOldGen       total 68608K, used 28426K [0x0000000080000000, 0x0000000084300000, 0x00000000d5580000)
  object space 68608K, 41% used [0x0000000080000000,0x0000000081bc2a28,0x0000000084300000)
 Metaspace       used 39915K, committed 41152K, reserved 1114112K
  class space    used 4178K, committed 4736K, reserved 1048576K
}
Event: 3.720 GC heap before
{Heap before GC invocations=25 (full 2):
 PSYoungGen      total 19456K, used 18976K [0x00000000d5580000, 0x00000000d6b00000, 0x0000000100000000)
  eden space 18432K, 100% used [0x00000000d5580000,0x00000000d6780000,0x00000000d6780000)
  from space 1024K, 53% used [0x00000000d6a00000,0x00000000d6a88000,0x00000000d6b00000)
  to   space 1024K, 0% used [0x00000000d6900000,0x00000000d6900000,0x00000000d6a00000)
 ParOldGen       total 68608K, used 28426K [0x0000000080000000, 0x0000000084300000, 0x00000000d5580000)
  object space 68608K, 41% used [0x0000000080000000,0x0000000081bc2a28,0x0000000084300000)
 Metaspace       used 40974K, committed 42176K, reserved 1114112K
  class space    used 4324K, committed 4864K, reserved 1048576K
}
Event: 3.720 GC heap after
{Heap after GC invocations=25 (full 2):
 PSYoungGen      total 19456K, used 576K [0x00000000d5580000, 0x00000000d6a80000, 0x0000000100000000)
  eden space 18432K, 0% used [0x00000000d5580000,0x00000000d5580000,0x00000000d6780000)
  from space 1024K, 56% used [0x00000000d6900000,0x00000000d6990000,0x00000000d6a00000)
  to   space 512K, 0% used [0x00000000d6a00000,0x00000000d6a00000,0x00000000d6a80000)
 ParOldGen       total 68608K, used 28786K [0x0000000080000000, 0x0000000084300000, 0x00000000d5580000)
  object space 68608K, 41% used [0x0000000080000000,0x0000000081c1ca28,0x0000000084300000)
 Metaspace       used 40974K, committed 42176K, reserved 1114112K
  class space    used 4324K, committed 4864K, reserved 1048576K
}

Dll operation events (10 events):
Event: 0.009 Loaded shared library c:\Users\manth\.vscode\extensions\redhat.java-1.53.0-win32-x64\jre\21.0.10-win32-x86_64\bin\java.dll
Event: 0.069 Loaded shared library c:\Users\manth\.vscode\extensions\redhat.java-1.53.0-win32-x64\jre\21.0.10-win32-x86_64\bin\zip.dll
Event: 0.086 Loaded shared library C:\Users\manth\.vscode\extensions\redhat.java-1.53.0-win32-x64\jre\21.0.10-win32-x86_64\bin\instrument.dll
Event: 0.090 Loaded shared library C:\Users\manth\.vscode\extensions\redhat.java-1.53.0-win32-x64\jre\21.0.10-win32-x86_64\bin\net.dll
Event: 0.092 Loaded shared library C:\Users\manth\.vscode\extensions\redhat.java-1.53.0-win32-x64\jre\21.0.10-win32-x86_64\bin\nio.dll
Event: 0.094 Loaded shared library C:\Users\manth\.vscode\extensions\redhat.java-1.53.0-win32-x64\jre\21.0.10-win32-x86_64\bin\zip.dll
Event: 0.106 Loaded shared library C:\Users\manth\.vscode\extensions\redhat.java-1.53.0-win32-x64\jre\21.0.10-win32-x86_64\bin\jimage.dll
Event: 0.148 Loaded shared library c:\Users\manth\.vscode\extensions\redhat.java-1.53.0-win32-x64\jre\21.0.10-win32-x86_64\bin\verify.dll
Event: 0.784 Loaded shared library C:\Users\manth\AppData\Roaming\Code\User\globalStorage\redhat.java\1.53.0\config_win\org.eclipse.equinox.launcher\org.eclipse.equinox.launcher.win32.win32.x86_64_1.3.0.v20260203-2149\eclipse_11919.dll
Event: 1.792 Loaded shared library C:\Users\manth\AppData\Local\Temp\jna-103662926\jna13445614661937970604.dll

Deoptimization events (20 events):
Event: 3.434 Thread 0x0000018192151a40 DEOPT PACKING pc=0x000001813638cbd3 sp=0x000000408a0fe020
Event: 3.434 Thread 0x0000018192151a40 DEOPT UNPACKING pc=0x000001813ced78e2 sp=0x000000408a0fd490 mode 0
Event: 3.590 Thread 0x0000018192150d20 Uncommon trap: trap_request=0xffffffc6 fr.pc=0x000001813d6c1b54 relative=0x0000000000001414
Event: 3.590 Thread 0x0000018192150d20 Uncommon trap: reason=bimorphic_or_optimized_type_check action=maybe_recompile pc=0x000001813d6c1b54 method=org.eclipse.core.internal.dtree.AbstractDataTreeNode.assembleWith([Lorg/eclipse/core/internal/dtree/AbstractDataTreeNode;[Lorg/eclipse/core/interna
Event: 3.590 Thread 0x0000018192150d20 DEOPT PACKING pc=0x000001813d6c1b54 sp=0x000000408a1fded0
Event: 3.590 Thread 0x0000018192150d20 DEOPT UNPACKING pc=0x000001813ced6da2 sp=0x000000408a1fde90 mode 2
Event: 3.590 Thread 0x0000018192150d20 Uncommon trap: trap_request=0xffffffc6 fr.pc=0x000001813d6c1b54 relative=0x0000000000001414
Event: 3.590 Thread 0x0000018192150d20 Uncommon trap: reason=bimorphic_or_optimized_type_check action=maybe_recompile pc=0x000001813d6c1b54 method=org.eclipse.core.internal.dtree.AbstractDataTreeNode.assembleWith([Lorg/eclipse/core/internal/dtree/AbstractDataTreeNode;[Lorg/eclipse/core/interna
Event: 3.590 Thread 0x0000018192150d20 DEOPT PACKING pc=0x000001813d6c1b54 sp=0x000000408a1fded0
Event: 3.590 Thread 0x0000018192150d20 DEOPT UNPACKING pc=0x000001813ced6da2 sp=0x000000408a1fde90 mode 2
Event: 3.590 Thread 0x0000018192150d20 Uncommon trap: trap_request=0xffffffc6 fr.pc=0x000001813d6c1b54 relative=0x0000000000001414
Event: 3.590 Thread 0x0000018192150d20 Uncommon trap: reason=bimorphic_or_optimized_type_check action=maybe_recompile pc=0x000001813d6c1b54 method=org.eclipse.core.internal.dtree.AbstractDataTreeNode.assembleWith([Lorg/eclipse/core/internal/dtree/AbstractDataTreeNode;[Lorg/eclipse/core/interna
Event: 3.590 Thread 0x0000018192150d20 DEOPT PACKING pc=0x000001813d6c1b54 sp=0x000000408a1fded0
Event: 3.590 Thread 0x0000018192150d20 DEOPT UNPACKING pc=0x000001813ced6da2 sp=0x000000408a1fde90 mode 2
Event: 3.591 Thread 0x0000018192150d20 Uncommon trap: trap_request=0xffffffc6 fr.pc=0x000001813d6c1b54 relative=0x0000000000001414
Event: 3.591 Thread 0x0000018192150d20 Uncommon trap: reason=bimorphic_or_optimized_type_check action=maybe_recompile pc=0x000001813d6c1b54 method=org.eclipse.core.internal.dtree.AbstractDataTreeNode.assembleWith([Lorg/eclipse/core/internal/dtree/AbstractDataTreeNode;[Lorg/eclipse/core/interna
Event: 3.591 Thread 0x0000018192150d20 DEOPT PACKING pc=0x000001813d6c1b54 sp=0x000000408a1fded0
Event: 3.591 Thread 0x0000018192150d20 DEOPT UNPACKING pc=0x000001813ced6da2 sp=0x000000408a1fde90 mode 2
Event: 3.703 Thread 0x0000018192150d20 DEOPT PACKING pc=0x000001813635d422 sp=0x000000408a1fe680
Event: 3.703 Thread 0x0000018192150d20 DEOPT UNPACKING pc=0x000001813ced78e2 sp=0x000000408a1fdb30 mode 0

Classes loaded (20 events):
Event: 3.188 Loading class sun/reflect/annotation/AnnotatedTypeFactory
Event: 3.188 Loading class sun/reflect/annotation/AnnotatedTypeFactory done
Event: 3.188 Loading class sun/reflect/annotation/AnnotatedTypeFactory$AnnotatedTypeBaseImpl
Event: 3.188 Loading class sun/reflect/annotation/AnnotatedTypeFactory$AnnotatedTypeBaseImpl done
Event: 3.209 Loading class java/lang/invoke/MethodHandleImpl$CountingWrapper
Event: 3.209 Loading class java/lang/invoke/MethodHandleImpl$CountingWrapper done
Event: 3.244 Loading class java/lang/annotation/ElementType
Event: 3.244 Loading class java/lang/annotation/ElementType done
Event: 3.298 Loading class java/lang/annotation/IncompleteAnnotationException
Event: 3.298 Loading class java/lang/annotation/IncompleteAnnotationException done
Event: 3.339 Loading class java/lang/foreign/MemorySegment
Event: 3.339 Loading class java/lang/foreign/MemorySegment done
Event: 3.548 Loading class sun/reflect/annotation/AnnotatedTypeFactory$AnnotatedParameterizedTypeImpl
Event: 3.548 Loading class java/lang/reflect/AnnotatedParameterizedType
Event: 3.548 Loading class java/lang/reflect/AnnotatedParameterizedType done
Event: 3.548 Loading class sun/reflect/annotation/AnnotatedTypeFactory$AnnotatedParameterizedTypeImpl done
Event: 3.674 Loading class sun/reflect/generics/scope/ConstructorScope
Event: 3.674 Loading class sun/reflect/generics/scope/ConstructorScope done
Event: 3.674 Loading class sun/reflect/generics/tree/VoidDescriptor
Event: 3.674 Loading class sun/reflect/generics/tree/VoidDescriptor done

Classes unloaded (7 events):
Event: 2.212 Thread 0x0000018130ec0a90 Unloading class 0x000001814b1a4800 'java/lang/invoke/LambdaForm$MH+0x000001814b1a4800'
Event: 2.212 Thread 0x0000018130ec0a90 Unloading class 0x000001814b1a4400 'java/lang/invoke/LambdaForm$MH+0x000001814b1a4400'
Event: 2.212 Thread 0x0000018130ec0a90 Unloading class 0x000001814b1a4000 'java/lang/invoke/LambdaForm$MH+0x000001814b1a4000'
Event: 2.212 Thread 0x0000018130ec0a90 Unloading class 0x000001814b1a3c00 'java/lang/invoke/LambdaForm$MH+0x000001814b1a3c00'
Event: 2.212 Thread 0x0000018130ec0a90 Unloading class 0x000001814b1a3800 'java/lang/invoke/LambdaForm$BMH+0x000001814b1a3800'
Event: 2.212 Thread 0x0000018130ec0a90 Unloading class 0x000001814b1a3400 'java/lang/invoke/LambdaForm$DMH+0x000001814b1a3400'
Event: 2.212 Thread 0x0000018130ec0a90 Unloading class 0x000001814b1a2000 'java/lang/invoke/LambdaForm$DMH+0x000001814b1a2000'

Classes redefined (0 events):
No events

Internal exceptions (20 events):
Event: 2.960 Thread 0x0000018192151a40 Exception <a 'java/lang/NoSuchMethodError'{0x00000000d5c045a8}: 'java.lang.Object java.lang.invoke.DirectMethodHandle$Holder.newInvokeSpecial(java.lang.Object, java.lang.Object, java.lang.Object, java.lang.Object, java.lang.Object)'> (0x00000000d5c045a8) 
thrown [s\src\hotspot\share\interpreter\linkResolver.cpp, line 773]
Event: 2.967 Thread 0x0000018192151a40 Exception <a 'java/lang/NoSuchMethodError'{0x00000000d5d597e0}: 'java.lang.Object java.lang.invoke.DirectMethodHandle$Holder.invokeStaticInit(java.lang.Object, java.lang.Object, java.lang.Object, java.lang.Object, java.lang.Object, java.lang.Object, java.lang.Object)'> (0x00000000d5d597e0) 
thrown [s\src\hotspot\share\interpreter\linkResolver.cpp, line 773]
Event: 2.968 Thread 0x0000018192151a40 Exception <a 'java/lang/NoSuchMethodError'{0x00000000d5db54c8}: 'java.lang.Object java.lang.invoke.Invokers$Holder.invoke_MT(java.lang.Object, java.lang.Object, java.lang.Object, java.lang.Object, java.lang.Object, java.lang.Object, java.lang.Object, java.lang.Object, java.lang.Object)'> (0x00000000d5db54c8) 
thrown [s\src\hotspot\share\interpreter\linkResolver.cpp, line 773]
Event: 2.973 Thread 0x0000018192151a40 Exception <a 'java/lang/NoSuchMethodError'{0x00000000d5f018e0}: 'int java.lang.invoke.DirectMethodHandle$Holder.invokeVirtual(java.lang.Object, java.lang.Object, java.lang.Object)'> (0x00000000d5f018e0) 
thrown [s\src\hotspot\share\interpreter\linkResolver.cpp, line 773]
Event: 2.974 Thread 0x0000018192151a40 Exception <a 'java/lang/NoSuchMethodError'{0x00000000d5f1b828}: 'int java.lang.invoke.DirectMethodHandle$Holder.invokeStaticInit(java.lang.Object, int, int)'> (0x00000000d5f1b828) 
thrown [s\src\hotspot\share\interpreter\linkResolver.cpp, line 773]
Event: 2.974 Thread 0x0000018192151a40 Exception <a 'java/lang/NoSuchMethodError'{0x00000000d5f390b0}: 'int java.lang.invoke.DirectMethodHandle$Holder.invokeStaticInit(java.lang.Object, long, long)'> (0x00000000d5f390b0) 
thrown [s\src\hotspot\share\interpreter\linkResolver.cpp, line 773]
Event: 2.975 Thread 0x0000018192151a40 Exception <a 'java/lang/NoSuchMethodError'{0x00000000d5f59b18}: 'int java.lang.invoke.DirectMethodHandle$Holder.invokeStaticInit(java.lang.Object, float, float)'> (0x00000000d5f59b18) 
thrown [s\src\hotspot\share\interpreter\linkResolver.cpp, line 773]
Event: 2.975 Thread 0x0000018192151a40 Exception <a 'java/lang/NoSuchMethodError'{0x00000000d5f76a28}: 'int java.lang.invoke.DirectMethodHandle$Holder.invokeStaticInit(java.lang.Object, double, double)'> (0x00000000d5f76a28) 
thrown [s\src\hotspot\share\interpreter\linkResolver.cpp, line 773]
Event: 2.976 Thread 0x0000018192151a40 Exception <a 'java/lang/NoSuchMethodError'{0x00000000d5f7b410}: 'int java.lang.invoke.DirectMethodHandle$Holder.invokeStatic(java.lang.Object, long)'> (0x00000000d5f7b410) 
thrown [s\src\hotspot\share\interpreter\linkResolver.cpp, line 773]
Event: 2.978 Thread 0x0000018192151a40 Exception <a 'java/lang/NoSuchMethodError'{0x00000000d60254e0}: 'int java.lang.invoke.Invokers$Holder.linkToTargetMethod(java.lang.Object, java.lang.Object)'> (0x00000000d60254e0) 
thrown [s\src\hotspot\share\interpreter\linkResolver.cpp, line 773]
Event: 3.009 Thread 0x0000018192151a40 Exception <a 'java/lang/NoSuchMethodError'{0x00000000d68e8e28}: 'java.lang.Object java.lang.invoke.DirectMethodHandle$Holder.invokeSpecialIFC(java.lang.Object, java.lang.Object, java.lang.Object, java.lang.Object)'> (0x00000000d68e8e28) 
thrown [s\src\hotspot\share\interpreter\linkResolver.cpp, line 773]
Event: 3.065 Thread 0x0000018130e234c0 Exception <a 'java/lang/NoSuchMethodError'{0x00000000d5887588}: 'void java.lang.invoke.DirectMethodHandle$Holder.invokeSpecial(java.lang.Object, java.lang.Object, java.lang.Object, java.lang.Object, java.lang.Object, java.lang.Object)'> (0x00000000d5887588) 
thrown [s\src\hotspot\share\interpreter\linkResolver.cpp, line 773]
Event: 3.067 Thread 0x0000018130e234c0 Exception <a 'java/lang/IncompatibleClassChangeError'{0x00000000d588f828}: Found class java.lang.Object, but interface was expected> (0x00000000d588f828) 
thrown [s\src\hotspot\share\interpreter\linkResolver.cpp, line 840]
Event: 3.067 Thread 0x0000018130e234c0 Exception <a 'java/lang/IncompatibleClassChangeError'{0x00000000d59138d0}: Found class java.lang.Object, but interface was expected> (0x00000000d59138d0) 
thrown [s\src\hotspot\share\interpreter\linkResolver.cpp, line 840]
Event: 3.207 Thread 0x000001819214f970 Exception <a 'java/lang/NoSuchMethodError'{0x00000000d637b948}: 'int java.lang.invoke.DirectMethodHandle$Holder.invokeSpecial(java.lang.Object, java.lang.Object, java.lang.Object, java.lang.Object)'> (0x00000000d637b948) 
thrown [s\src\hotspot\share\interpreter\linkResolver.cpp, line 773]
Event: 3.209 Thread 0x000001819214f970 Exception <a 'java/lang/NoSuchMethodError'{0x00000000d63a65b8}: 'java.lang.Object java.lang.invoke.DirectMethodHandle$Holder.invokeStatic(java.lang.Object, int, java.lang.Object, java.lang.Object)'> (0x00000000d63a65b8) 
thrown [s\src\hotspot\share\interpreter\linkResolver.cpp, line 773]
Event: 3.209 Thread 0x000001819214f970 Exception <a 'java/lang/NoSuchMethodError'{0x00000000d63aa000}: 'java.lang.Object java.lang.invoke.DelegatingMethodHandle$Holder.delegate(java.lang.Object, int, java.lang.Object, java.lang.Object)'> (0x00000000d63aa000) 
thrown [s\src\hotspot\share\interpreter\linkResolver.cpp, line 773]
Event: 3.210 Thread 0x000001819214f970 Implicit null exception at 0x000001813d644d76 to 0x000001813d645098
Event: 3.211 Thread 0x000001819214f970 Exception <a 'java/lang/NoSuchMethodError'{0x00000000d63f8438}: 'int java.lang.invoke.Invokers$Holder.linkToTargetMethod(java.lang.Object, java.lang.Object, java.lang.Object)'> (0x00000000d63f8438) 
thrown [s\src\hotspot\share\interpreter\linkResolver.cpp, line 773]
Event: 3.298 Thread 0x0000018192151a40 Exception <a 'java/lang/NoClassDefFoundError'{0x00000000d5c11c98}: javax/enterprise/inject/Typed> (0x00000000d5c11c98) 
thrown [s\src\hotspot\share\classfile\systemDictionary.cpp, line 301]

ZGC Phase Switch (0 events):
No events

VM Operations (20 events):
Event: 3.125 Executing safepoint VM operation: ParallelGCFailedAllocation (Allocation Failure)
Event: 3.126 Executing safepoint VM operation: ParallelGCFailedAllocation (Allocation Failure) done
Event: 3.236 Executing safepoint VM operation: ParallelGCFailedAllocation (Allocation Failure)
Event: 3.237 Executing safepoint VM operation: ParallelGCFailedAllocation (Allocation Failure) done
Event: 3.290 Executing non-safepoint VM operation: HandshakeAllThreads (Deoptimize)
Event: 3.290 Executing non-safepoint VM operation: HandshakeAllThreads (Deoptimize) done
Event: 3.293 Executing non-safepoint VM operation: HandshakeAllThreads (Deoptimize)
Event: 3.293 Executing non-safepoint VM operation: HandshakeAllThreads (Deoptimize) done
Event: 3.360 Executing safepoint VM operation: ParallelGCFailedAllocation (Allocation Failure)
Event: 3.360 Executing safepoint VM operation: ParallelGCFailedAllocation (Allocation Failure) done
Event: 3.483 Executing safepoint VM operation: ParallelGCFailedAllocation (Allocation Failure)
Event: 3.483 Executing safepoint VM operation: ParallelGCFailedAllocation (Allocation Failure) done
Event: 3.589 Executing non-safepoint VM operation: HandshakeAllThreads (Deoptimize)
Event: 3.589 Executing non-safepoint VM operation: HandshakeAllThreads (Deoptimize) done
Event: 3.599 Executing safepoint VM operation: ParallelGCFailedAllocation (Allocation Failure)
Event: 3.599 Executing safepoint VM operation: ParallelGCFailedAllocation (Allocation Failure) done
Event: 3.719 Executing safepoint VM operation: ParallelGCFailedAllocation (Allocation Failure)
Event: 3.720 Executing safepoint VM operation: ParallelGCFailedAllocation (Allocation Failure) done
Event: 4.722 Executing safepoint VM operation: Cleanup
Event: 4.722 Executing safepoint VM operation: Cleanup done

Memory protections (0 events):
No events

Nmethod flushes (20 events):
Event: 3.044 Thread 0x0000018130ec0a90 flushing  nmethod 0x0000018135fc6810
Event: 3.044 Thread 0x0000018130ec0a90 flushing  nmethod 0x0000018135fc7410
Event: 3.044 Thread 0x0000018130ec0a90 flushing  nmethod 0x000001813601b990
Event: 3.044 Thread 0x0000018130ec0a90 flushing  nmethod 0x000001813601da90
Event: 3.044 Thread 0x0000018130ec0a90 flushing  nmethod 0x000001813601e390
Event: 3.044 Thread 0x0000018130ec0a90 flushing  nmethod 0x000001813601f590
Event: 3.044 Thread 0x0000018130ec0a90 flushing  nmethod 0x0000018136020210
Event: 3.044 Thread 0x0000018130ec0a90 flushing  nmethod 0x0000018136020990
Event: 3.044 Thread 0x0000018130ec0a90 flushing  nmethod 0x0000018136022310
Event: 3.044 Thread 0x0000018130ec0a90 flushing  nmethod 0x0000018136022e90
Event: 3.044 Thread 0x0000018130ec0a90 flushing  nmethod 0x0000018136023790
Event: 3.044 Thread 0x0000018130ec0a90 flushing  nmethod 0x0000018136024990
Event: 3.044 Thread 0x0000018130ec0a90 flushing  nmethod 0x0000018136026510
Event: 3.044 Thread 0x0000018130ec0a90 flushing  nmethod 0x0000018136026a10
Event: 3.044 Thread 0x0000018130ec0a90 flushing  nmethod 0x000001813602fa10
Event: 3.044 Thread 0x0000018130ec0a90 flushing  nmethod 0x0000018136030790
Event: 3.044 Thread 0x0000018130ec0a90 flushing  nmethod 0x0000018136070e90
Event: 3.044 Thread 0x0000018130ec0a90 flushing  nmethod 0x0000018136073c90
Event: 3.044 Thread 0x0000018130ec0a90 flushing  nmethod 0x0000018136073f90
Event: 3.044 Thread 0x0000018130ec0a90 flushing  nmethod 0x00000181360b7690

Events (20 events):
Event: 2.668 Thread 0x0000018130ed6850 Thread added: 0x00000181921513b0
Event: 2.792 Thread 0x00000181921520d0 Thread added: 0x0000018192152760
Event: 2.820 Thread 0x0000018192152760 Thread added: 0x0000018192152df0
Event: 2.832 Thread 0x0000018192152df0 Thread added: 0x000001819214f970
Event: 2.834 Thread 0x0000018130e234c0 Thread added: 0x0000018192155be0
Event: 2.834 Thread 0x0000018130e234c0 Thread added: 0x0000018192155550
Event: 2.834 Thread 0x0000018130e234c0 Thread added: 0x0000018192156270
Event: 2.834 Thread 0x0000018130e234c0 Thread added: 0x0000018192156900
Event: 2.834 Thread 0x0000018130e234c0 Thread added: 0x0000018192154ec0
Event: 2.834 Thread 0x0000018130e234c0 Thread added: 0x0000018192153480
Event: 2.834 Thread 0x0000018130e234c0 Thread added: 0x0000018192154830
Event: 2.835 Thread 0x0000018130e234c0 Thread added: 0x00000181921541a0
Event: 2.835 Thread 0x0000018130e234c0 Thread added: 0x0000018192153b10
Event: 2.836 Thread 0x0000018130e234c0 Thread added: 0x0000018194749960
Event: 2.836 Thread 0x0000018130e234c0 Thread added: 0x0000018194747f20
Event: 2.836 Thread 0x0000018130e234c0 Thread added: 0x00000181947492d0
Event: 2.836 Thread 0x0000018130e234c0 Thread added: 0x0000018194749ff0
Event: 2.861 Thread 0x0000018130e234c0 Thread added: 0x000001819474a680
Event: 3.092 Thread 0x0000018130e234c0 Thread added: 0x0000018194747890
Event: 3.092 Thread 0x0000018130e234c0 Thread added: 0x000001819474b3a0


Dynamic libraries:
0x00007ff79fb80000 - 0x00007ff79fb8e000 	c:\Users\manth\.vscode\extensions\redhat.java-1.53.0-win32-x64\jre\21.0.10-win32-x86_64\bin\java.exe
0x00007ffb0d1e0000 - 0x00007ffb0d447000 	C:\WINDOWS\SYSTEM32\ntdll.dll
0x00007ffb0c3c0000 - 0x00007ffb0c489000 	C:\WINDOWS\System32\KERNEL32.DLL
0x00007ffb0aa00000 - 0x00007ffb0adf1000 	C:\WINDOWS\System32\KERNELBASE.dll
0x00007ffb0a360000 - 0x00007ffb0a4ab000 	C:\WINDOWS\System32\ucrtbase.dll
0x00007ffad6ab0000 - 0x00007ffad6ac8000 	c:\Users\manth\.vscode\extensions\redhat.java-1.53.0-win32-x64\jre\21.0.10-win32-x86_64\bin\jli.dll
0x00007ffad6a30000 - 0x00007ffad6a4e000 	c:\Users\manth\.vscode\extensions\redhat.java-1.53.0-win32-x64\jre\21.0.10-win32-x86_64\bin\VCRUNTIME140.dll
0x00007ffb0bb70000 - 0x00007ffb0bd35000 	C:\WINDOWS\System32\USER32.dll
0x00007ffaec270000 - 0x00007ffaec503000 	C:\WINDOWS\WinSxS\amd64_microsoft.windows.common-controls_6595b64144ccf1df_6.0.26100.7922_none_3e089e1ee3342171\COMCTL32.dll
0x00007ffb09ac0000 - 0x00007ffb09ae7000 	C:\WINDOWS\System32\win32u.dll
0x00007ffb0cfe0000 - 0x00007ffb0d089000 	C:\WINDOWS\System32\msvcrt.dll
0x00007ffb0b0a0000 - 0x00007ffb0b0cb000 	C:\WINDOWS\System32\GDI32.dll
0x00007ffb0a540000 - 0x00007ffb0a66a000 	C:\WINDOWS\System32\gdi32full.dll
0x00007ffb0a730000 - 0x00007ffb0a7d3000 	C:\WINDOWS\System32\msvcp_win.dll
0x00007ffb0cd60000 - 0x00007ffb0cd91000 	C:\WINDOWS\System32\IMM32.DLL
0x00007ffaff6c0000 - 0x00007ffaff6cc000 	c:\Users\manth\.vscode\extensions\redhat.java-1.53.0-win32-x64\jre\21.0.10-win32-x86_64\bin\vcruntime140_1.dll
0x00007ffaa6970000 - 0x00007ffaa69fd000 	c:\Users\manth\.vscode\extensions\redhat.java-1.53.0-win32-x64\jre\21.0.10-win32-x86_64\bin\msvcp140.dll
0x00007ffa24020000 - 0x00007ffa24dc1000 	c:\Users\manth\.vscode\extensions\redhat.java-1.53.0-win32-x64\jre\21.0.10-win32-x86_64\bin\server\jvm.dll
0x00007ffb0cda0000 - 0x00007ffb0ce5b000 	C:\WINDOWS\System32\ADVAPI32.dll
0x00007ffb0c930000 - 0x00007ffb0c9d7000 	C:\WINDOWS\System32\sechost.dll
0x00007ffb0af80000 - 0x00007ffb0b098000 	C:\WINDOWS\System32\RPCRT4.dll
0x00007ffb0b130000 - 0x00007ffb0b1a4000 	C:\WINDOWS\System32\WS2_32.dll
0x00007ffb086c0000 - 0x00007ffb0871e000 	C:\WINDOWS\SYSTEM32\POWRPROF.dll
0x00007ffafe0b0000 - 0x00007ffafe0bb000 	C:\WINDOWS\SYSTEM32\VERSION.dll
0x00007ffaf8bb0000 - 0x00007ffaf8be5000 	C:\WINDOWS\SYSTEM32\WINMM.dll
0x00007ffb086a0000 - 0x00007ffb086b4000 	C:\WINDOWS\SYSTEM32\UMPDC.dll
0x00007ffb08970000 - 0x00007ffb0898b000 	C:\WINDOWS\SYSTEM32\kernel.appcore.dll
0x00007ffad7310000 - 0x00007ffad731a000 	c:\Users\manth\.vscode\extensions\redhat.java-1.53.0-win32-x64\jre\21.0.10-win32-x86_64\bin\jimage.dll
0x00007ffb07b50000 - 0x00007ffb07d92000 	C:\WINDOWS\SYSTEM32\DBGHELP.DLL
0x00007ffb0c570000 - 0x00007ffb0c8f2000 	C:\WINDOWS\System32\combase.dll
0x00007ffb0c490000 - 0x00007ffb0c567000 	C:\WINDOWS\System32\OLEAUT32.dll
0x00007ffae8bf0000 - 0x00007ffae8c2b000 	C:\WINDOWS\SYSTEM32\dbgcore.DLL
0x00007ffb0a950000 - 0x00007ffb0a9f5000 	C:\WINDOWS\System32\bcryptPrimitives.dll
0x00007ffade140000 - 0x00007ffade14f000 	c:\Users\manth\.vscode\extensions\redhat.java-1.53.0-win32-x64\jre\21.0.10-win32-x86_64\bin\instrument.dll
0x00007ffad6550000 - 0x00007ffad6570000 	c:\Users\manth\.vscode\extensions\redhat.java-1.53.0-win32-x64\jre\21.0.10-win32-x86_64\bin\java.dll
0x00007ffb0b220000 - 0x00007ffb0b97f000 	C:\WINDOWS\System32\SHELL32.dll
0x00007ffb0a7e0000 - 0x00007ffb0a94a000 	C:\WINDOWS\System32\wintypes.dll
0x00007ffb09af0000 - 0x00007ffb0a354000 	C:\WINDOWS\System32\windows.storage.dll
0x00007ffb0c260000 - 0x00007ffb0c357000 	C:\WINDOWS\System32\SHCORE.dll
0x00007ffb0b1b0000 - 0x00007ffb0b217000 	C:\WINDOWS\System32\shlwapi.dll
0x00007ffb099e0000 - 0x00007ffb09a09000 	C:\WINDOWS\SYSTEM32\profapi.dll
0x00007ffad2910000 - 0x00007ffad2928000 	c:\Users\manth\.vscode\extensions\redhat.java-1.53.0-win32-x64\jre\21.0.10-win32-x86_64\bin\zip.dll
0x00007ffad7090000 - 0x00007ffad70a0000 	C:\Users\manth\.vscode\extensions\redhat.java-1.53.0-win32-x64\jre\21.0.10-win32-x86_64\bin\net.dll
0x00007ffb00de0000 - 0x00007ffb00f07000 	C:\WINDOWS\SYSTEM32\WINHTTP.dll
0x00007ffb08ee0000 - 0x00007ffb08f4b000 	C:\WINDOWS\system32\mswsock.dll
0x00007ffac7240000 - 0x00007ffac7256000 	C:\Users\manth\.vscode\extensions\redhat.java-1.53.0-win32-x64\jre\21.0.10-win32-x86_64\bin\nio.dll
0x00007ffade130000 - 0x00007ffade140000 	c:\Users\manth\.vscode\extensions\redhat.java-1.53.0-win32-x64\jre\21.0.10-win32-x86_64\bin\verify.dll
0x00007ffac49e0000 - 0x00007ffac4a25000 	C:\Users\manth\AppData\Roaming\Code\User\globalStorage\redhat.java\1.53.0\config_win\org.eclipse.equinox.launcher\org.eclipse.equinox.launcher.win32.win32.x86_64_1.3.0.v20260203-2149\eclipse_11919.dll
0x00007ffb0caa0000 - 0x00007ffb0cc35000 	C:\WINDOWS\System32\ole32.dll
0x00007ffb091c0000 - 0x00007ffb091db000 	C:\WINDOWS\SYSTEM32\CRYPTSP.dll
0x00007ffb088d0000 - 0x00007ffb08909000 	C:\WINDOWS\system32\rsaenh.dll
0x00007ffb08f90000 - 0x00007ffb08fc2000 	C:\WINDOWS\SYSTEM32\USERENV.dll
0x00007ffb099b0000 - 0x00007ffb099da000 	C:\WINDOWS\SYSTEM32\bcrypt.dll
0x00007ffb091e0000 - 0x00007ffb091ec000 	C:\WINDOWS\SYSTEM32\CRYPTBASE.dll
0x00007ffb08300000 - 0x00007ffb08333000 	C:\WINDOWS\SYSTEM32\IPHLPAPI.DLL
0x00007ffb0ccc0000 - 0x00007ffb0ccca000 	C:\WINDOWS\System32\NSI.dll
0x00007ffac41c0000 - 0x00007ffac4209000 	C:\Users\manth\AppData\Local\Temp\jna-103662926\jna13445614661937970604.dll
0x00007ffb0b120000 - 0x00007ffb0b128000 	C:\WINDOWS\System32\PSAPI.DLL
0x00007ffb00fb0000 - 0x00007ffb00fcd000 	C:\WINDOWS\SYSTEM32\dhcpcsvc6.DLL
0x00007ffb00f80000 - 0x00007ffb00fa3000 	C:\WINDOWS\SYSTEM32\dhcpcsvc.DLL

JVMTI agents:
c:\Users\manth\.vscode\extensions\redhat.java-1.53.0-win32-x64\lombok\lombok-1.18.39-4050.jar path:c:\Users\manth\.vscode\extensions\redhat.java-1.53.0-win32-x64\jre\21.0.10-win32-x86_64\bin\instrument.dll, loaded, initialized, instrumentlib options:none

dbghelp: loaded successfully - version: 4.0.5 - missing functions: none
symbol engine: initialized successfully - sym options: 0x614 - pdb path: .;c:\Users\manth\.vscode\extensions\redhat.java-1.53.0-win32-x64\jre\21.0.10-win32-x86_64\bin;C:\WINDOWS\SYSTEM32;C:\WINDOWS\WinSxS\amd64_microsoft.windows.common-controls_6595b64144ccf1df_6.0.26100.7922_none_3e089e1ee3342171;c:\Users\manth\.vscode\extensions\redhat.java-1.53.0-win32-x64\jre\21.0.10-win32-x86_64\bin\server;C:\Users\manth\AppData\Roaming\Code\User\globalStorage\redhat.java\1.53.0\config_win\org.eclipse.equinox.launcher\org.eclipse.equinox.launcher.win32.win32.x86_64_1.3.0.v20260203-2149;C:\Users\manth\AppData\Local\Temp\jna-103662926

VM Arguments:
jvm_args: --add-modules=ALL-SYSTEM --add-opens=java.base/java.util=ALL-UNNAMED --add-opens=java.base/java.lang=ALL-UNNAMED --add-opens=java.base/sun.nio.fs=ALL-UNNAMED -Declipse.application=org.eclipse.jdt.ls.core.id1 -Dosgi.bundles.defaultStartLevel=4 -Declipse.product=org.eclipse.jdt.ls.core.product -Djava.import.generatesMetadataFilesAtProjectRoot=false -DDetectVMInstallationsJob.disabled=true -Dfile.encoding=utf8 -XX:+UseParallelGC -XX:GCTimeRatio=4 -XX:AdaptiveSizePolicyWeight=90 -Dsun.zip.disableMemoryMapping=true -Xmx2G -Xms100m -Xlog:disable -javaagent:c:\Users\manth\.vscode\extensions\redhat.java-1.53.0-win32-x64\lombok\lombok-1.18.39-4050.jar -XX:+HeapDumpOnOutOfMemoryError -XX:HeapDumpPath=c:\Users\manth\AppData\Roaming\Code\User\workspaceStorage\de60d85e5002304a71605e9d6aed963e\redhat.java -Daether.dependencyCollector.impl=bf 
java_command: c:\Users\manth\.vscode\extensions\redhat.java-1.53.0-win32-x64\server\plugins\org.eclipse.equinox.launcher_1.7.100.v20251111-0406.jar -configuration c:\Users\manth\AppData\Roaming\Code\User\globalStorage\redhat.java\1.53.0\config_win -data c:\Users\manth\AppData\Roaming\Code\User\workspaceStorage\de60d85e5002304a71605e9d6aed963e\redhat.java\jdt_ws --pipe=\\.\pipe\lsp-20096805e6f866a65f5133c5452df2f0-sock
java_class_path (initial): c:\Users\manth\.vscode\extensions\redhat.java-1.53.0-win32-x64\server\plugins\org.eclipse.equinox.launcher_1.7.100.v20251111-0406.jar
Launcher Type: SUN_STANDARD

[Global flags]
    uintx AdaptiveSizePolicyWeight                 = 90                                        {product} {command line}
     intx CICompilerCount                          = 4                                         {product} {ergonomic}
    uintx GCTimeRatio                              = 4                                         {product} {command line}
     bool HeapDumpOnOutOfMemoryError               = true                                   {manageable} {command line}
    ccstr HeapDumpPath                             = c:\Users\manth\AppData\Roaming\Code\User\workspaceStorage\de60d85e5002304a71605e9d6aed963e\redhat.java         {manageable} {command line}
   size_t InitialHeapSize                          = 104857600                                 {product} {command line}
   size_t MaxHeapSize                              = 2147483648                                {product} {command line}
   size_t MaxNewSize                               = 715653120                                 {product} {ergonomic}
   size_t MinHeapDeltaBytes                        = 524288                                    {product} {ergonomic}
   size_t MinHeapSize                              = 104857600                                 {product} {command line}
   size_t NewSize                                  = 34603008                                  {product} {ergonomic}
    uintx NonNMethodCodeHeapSize                   = 5839372                                {pd product} {ergonomic}
    uintx NonProfiledCodeHeapSize                  = 122909434                              {pd product} {ergonomic}
   size_t OldSize                                  = 70254592                                  {product} {ergonomic}
    uintx ProfiledCodeHeapSize                     = 122909434                              {pd product} {ergonomic}
    uintx ReservedCodeCacheSize                    = 251658240                              {pd product} {ergonomic}
     bool SegmentedCodeCache                       = true                                      {product} {ergonomic}
   size_t SoftMaxHeapSize                          = 2147483648                             {manageable} {ergonomic}
     bool UseCompressedOops                        = true                           {product lp64_product} {ergonomic}
     bool UseLargePagesIndividualAllocation        = false                                  {pd product} {ergonomic}
     bool UseParallelGC                            = true                                      {product} {command line}

Logging:
Log output configuration:
 #0: stdout all=off uptime,level,tags foldmultilines=false
 #1: stderr all=off uptime,level,tags foldmultilines=false

Release file:
JAVA_VERSION="21.0.10" 
MODULES="java.base java.compiler java.datatransfer java.xml java.prefs java.desktop java.instrument java.logging java.management java.security.sasl java.naming java.rmi java.management.rmi java.net.http java.scripting java.security.jgss java.transaction.xa java.sql java.sql.rowset java.xml.crypto java.se java.smartcardio jdk.accessibility jdk.internal.jvmstat jdk.attach jdk.charsets jdk.internal.opt jdk.zipfs jdk.compiler jdk.crypto.ec jdk.crypto.cryptoki jdk.crypto.mscapi jdk.dynalink jdk.internal.ed jdk.editpad jdk.hotspot.agent jdk.httpserver jdk.internal.le jdk.internal.vm.ci jdk.internal.vm.compiler jdk.internal.vm.compiler.management jdk.jartool jdk.javadoc jdk.jcmd jdk.management jdk.management.agent jdk.jconsole jdk.jdeps jdk.jdwp.agent jdk.jdi jdk.jfr jdk.jshell jdk.jsobject jdk.jstatd jdk.localedata jdk.management.jfr jdk.naming.dns jdk.naming.rmi jdk.net jdk.nio.mapmode jdk.random jdk.sctp jdk.security.auth jdk.security.jgss jdk.unsupported jdk.unsupported.desktop jdk.xml.dom" 

Environment Variables:
JAVA_HOME=C:\Program Files\Microsoft\jdk-17.0.14.7-hotspot\
PATH=C:\Users\manth\AppData\Local\Programs\Microsoft VS Code;C:\Program Files\Microsoft\jdk-17.0.14.7-hotspot\bin;C:\Program Files\Common Files\Oracle\Java\javapath;C:\Program Files (x86)\Common Files\Oracle\Java\java8path;C:\Program Files (x86)\Common Files\Oracle\Java\javapath;C:\Users\manth\AppData\Local\Android\Sdk\platform-tools;C:\Windows;C:\Windows\System32\Wbem;C:\Windows\System32\WindowsPowerShell\v1.0\;C:\Windows\System32\OpenSSH\;C:\Program Files (x86)\NVIDIA Corporation\PhysX\Common;C:\Program Files\NVIDIA Corporation\NVIDIA NvDLISR;C:\WINDOWS\system32;C:\WINDOWS;C:\WINDOWS\System32\Wbem;C:\WINDOWS\System32\WindowsPowerShell\v1.0\;C:\WINDOWS\System32\OpenSSH\;C:\Program Files\dotnet\;C:\Program Files\nodejs\;C:\ProgramData\chocolatey\bin;C:\Program Files\Git\cmd;C:\Program Files\Java\jdk-17;C:\Users\manth\AppData\Local\Android\Sdk;C:\Users\manth\AppData\Local\Android\Sdk\emulator;C:\Users\manth\AppData\Local\Android\Sdk\tools;C:\Users\manth\AppData\Local\Android\Sdk\tools\bin;C:\Users\manth\AppData\Local\Android\Sdk\platform-tools;C:\Program Files\OpenSSL-Win64\bin;C:\Users\manth\AppData\Local\Microsoft\WindowsApps;C:\Users\manth\AppData\Local\Programs\Microsoft VS Code\bin;C:\Users\manth\AppData\Roaming\npm;C:\Users\manth\AppData\Local\Microsoft\WinGet\Packages\Schniz.fnm_Microsoft.Winget.Source_8wekyb3d8bbwe;C:\Users\manth\AppData\Local\GitHubDesktop\bin;C:\Program Files\OpenSSL-Win64\bin;C:\Users\manth\AppData\Local\JetBrains\Toolbox\scripts;
USERNAME=manth
OS=Windows_NT
PROCESSOR_IDENTIFIER=Intel64 Family 6 Model 141 Stepping 1, GenuineIntel
TMP=C:\Users\manth\AppData\Local\Temp
TEMP=C:\Users\manth\AppData\Local\Temp




Periodic native trim disabled

---------------  S Y S T E M  ---------------

OS:
 Windows 11 , 64 bit Build 26100 (10.0.26100.7920)
OS uptime: 1 days 19:56 hours
Hyper-V role detected

CPU: total 12 (initial active 12) (6 cores per cpu, 2 threads per core) family 6 model 141 stepping 1 microcode 0x34, cx8, cmov, fxsr, ht, mmx, 3dnowpref, sse, sse2, sse3, ssse3, sse4.1, sse4.2, popcnt, lzcnt, tsc, tscinvbit, avx, avx2, aes, erms, clmul, bmi1, bmi2, adx, avx512f, avx512dq, avx512cd, avx512bw, avx512vl, sha, fma, vzeroupper, avx512_vpopcntdq, avx512_vpclmulqdq, avx512_vaes, avx512_vnni, clflush, clflushopt, clwb, avx512_vbmi2, avx512_vbmi, hv, rdtscp, rdpid, fsrm, gfni, avx512_bitalg, f16c, cet_ibt, cet_ss, avx512_ifma
Processor Information for the first 12 processors :
  Max Mhz: 2688, Current Mhz: 2688, Mhz Limit: 2688

Memory: 4k page, system-wide physical 16106M (582M free)
TotalPageFile size 45539M (AvailPageFile size 7M)
current process WorkingSet (physical memory assigned to process): 220M, peak: 220M
current process commit charge ("private bytes"): 337M, peak: 338M

vm_info: OpenJDK 64-Bit Server VM (21.0.10+7-LTS) for windows-amd64 JRE (21.0.10+7-LTS), built on 2026-01-20T00:00:00Z by "admin" with MS VC++ 17.12 (VS2022)

END.
