#
# There is insufficient memory for the Java Runtime Environment to continue.
# Native memory allocation (malloc) failed to allocate 867216 bytes. Error detail: Chunk::new
# Possible reasons:
#   The system is out of physical RAM or swap space
#   This process is running with CompressedOops enabled, and the Java Heap may be blocking the growth of the native heap
# Possible solutions:
#   Reduce memory load on the system
#   Increase physical memory or swap space
#   Check if swap backing store is full
#   Decrease Java heap size (-Xmx/-Xms)
#   Decrease number of Java threads
#   Decrease Java thread stack sizes (-Xss)
#   Set larger code cache with -XX:ReservedCodeCacheSize=
#   JVM is running with Unscaled Compressed Oops mode in which the Java heap is
#     placed in the first 4GB address space. The Java Heap base address is the
#     maximum limit for the native heap growth. Please use -XX:HeapBaseMinAddress
#     to set the Java Heap base and to place the Java Heap above 4GB virtual address.
# This output file may be truncated or incomplete.
#
#  Out of Memory Error (arena.cpp:168), pid=13884, tid=7436
#
# JRE version: OpenJDK Runtime Environment Temurin-21.0.10+7 (21.0.10+7) (build 21.0.10+7-LTS)
# Java VM: OpenJDK 64-Bit Server VM Temurin-21.0.10+7 (21.0.10+7-LTS, mixed mode, sharing, tiered, compressed oops, compressed class ptrs, parallel gc, windows-amd64)
# No core dump will be written. Minidumps are not enabled by default on client versions of Windows
#

---------------  S U M M A R Y ------------

Command Line: --add-modules=ALL-SYSTEM --add-opens=java.base/java.util=ALL-UNNAMED --add-opens=java.base/java.lang=ALL-UNNAMED --add-opens=java.base/sun.nio.fs=ALL-UNNAMED -Declipse.application=org.eclipse.jdt.ls.core.id1 -Dosgi.bundles.defaultStartLevel=4 -Declipse.product=org.eclipse.jdt.ls.core.product -Djava.import.generatesMetadataFilesAtProjectRoot=false -DDetectVMInstallationsJob.disabled=true -Dfile.encoding=utf8 -XX:+UseParallelGC -XX:GCTimeRatio=4 -XX:AdaptiveSizePolicyWeight=90 -Dsun.zip.disableMemoryMapping=true -Xmx2G -Xms100m -Xlog:disable -javaagent:c:\Users\manth\.vscode\extensions\redhat.java-1.53.0-win32-x64\lombok\lombok-1.18.39-4050.jar -XX:+HeapDumpOnOutOfMemoryError -XX:HeapDumpPath=c:\Users\manth\AppData\Roaming\Code\User\workspaceStorage\de60d85e5002304a71605e9d6aed963e\redhat.java -Daether.dependencyCollector.impl=bf c:\Users\manth\.vscode\extensions\redhat.java-1.53.0-win32-x64\server\plugins\org.eclipse.equinox.launcher_1.7.100.v20251111-0406.jar -configuration c:\Users\manth\AppData\Roaming\Code\User\globalStorage\redhat.java\1.53.0\config_win -data c:\Users\manth\AppData\Roaming\Code\User\workspaceStorage\de60d85e5002304a71605e9d6aed963e\redhat.java\jdt_ws --pipe=\\.\pipe\lsp-5a8d73d4ff5c0814eb33406a10024211-sock

Host: 11th Gen Intel(R) Core(TM) i5-11400H @ 2.70GHz, 12 cores, 15G,  Windows 11 , 64 bit Build 26100 (10.0.26100.7920)
Time: Sun Mar  8 13:21:55 2026 India Standard Time elapsed time: 6.528140 seconds (0d 0h 0m 6s)

---------------  T H R E A D  ---------------

Current thread (0x0000024e5e382d50):  JavaThread "C2 CompilerThread2" daemon [_thread_in_native, id=7436, stack(0x000000911b000000,0x000000911b100000) (1024K)]


Current CompileTask:
C2:6528 7950   !   4       org.eclipse.osgi.internal.loader.BundleLoader::findRequiredSource (283 bytes)

Stack: [0x000000911b000000,0x000000911b100000]
Native frames: (J=compiled Java code, j=interpreted, Vv=VM code, C=native code)
V  [jvm.dll+0x6d7a39]
V  [jvm.dll+0x8b4b26]
V  [jvm.dll+0x8b70de]
V  [jvm.dll+0x8b77c3]
V  [jvm.dll+0x284346]
V  [jvm.dll+0xc66ed]
V  [jvm.dll+0xc6c31]
V  [jvm.dll+0x2fb29e]
V  [jvm.dll+0x5fe884]
V  [jvm.dll+0x255b17]
V  [jvm.dll+0x24e12a]
V  [jvm.dll+0x24ba42]
V  [jvm.dll+0x1cb34e]
V  [jvm.dll+0x25b85d]
V  [jvm.dll+0x259dea]
V  [jvm.dll+0x3f857e]
V  [jvm.dll+0x85f59d]
V  [jvm.dll+0x6d626d]
C  [ucrtbase.dll+0x37b0]
C  [KERNEL32.DLL+0x2e8d7]
C  [ntdll.dll+0x8c48c]


---------------  P R O C E S S  ---------------

Threads class SMR info:
_java_thread_list=0x0000024e6585d540, length=53, elements={
0x0000024e0523d390, 0x0000024e051ed740, 0x0000024e051ee910, 0x0000024e052e4400,
0x0000024e052e5410, 0x0000024e052e94e0, 0x0000024e052f04d0, 0x0000024e5e034840,
0x0000024e5e035490, 0x0000024e5e239f40, 0x0000024e5e262200, 0x0000024e5e382d50,
0x0000024e5e37bd20, 0x0000024e5e3e03a0, 0x0000024e6397b220, 0x0000024e6371d1d0,
0x0000024e636d90e0, 0x0000024e63b063b0, 0x0000024e63fab030, 0x0000024e6423d2a0,
0x0000024e64137e20, 0x0000024e641384b0, 0x0000024e641356c0, 0x0000024e64137100,
0x0000024e64138b40, 0x0000024e64136a70, 0x0000024e64135d50, 0x0000024e64137790,
0x0000024e63a9ea70, 0x0000024e63a9e3e0, 0x0000024e63a9fe20, 0x0000024e63aa1860,
0x0000024e63a9f790, 0x0000024e63a9f100, 0x0000024e63aa1ef0, 0x0000024e63aa3930,
0x0000024e63aa2580, 0x0000024e63aa32a0, 0x0000024e63aa0b40, 0x0000024e63aa2c10,
0x0000024e63aa04b0, 0x0000024e63aa3fc0, 0x0000024e63aa11d0, 0x0000024e63aa4ce0,
0x0000024e66906fc0, 0x0000024e66907ce0, 0x0000024e66905c10, 0x0000024e66908370,
0x0000024e66904ef0, 0x0000024e66908a00, 0x0000024e66909090, 0x0000024e66909720,
0x0000024e669062a0
}

Java Threads: ( => current thread )
  0x0000024e0523d390 JavaThread "main"                              [_thread_blocked, id=19044, stack(0x000000911a200000,0x000000911a300000) (1024K)]
  0x0000024e051ed740 JavaThread "Reference Handler"          daemon [_thread_blocked, id=17836, stack(0x000000911a600000,0x000000911a700000) (1024K)]
  0x0000024e051ee910 JavaThread "Finalizer"                  daemon [_thread_blocked, id=13388, stack(0x000000911a700000,0x000000911a800000) (1024K)]
  0x0000024e052e4400 JavaThread "Signal Dispatcher"          daemon [_thread_blocked, id=10096, stack(0x000000911a800000,0x000000911a900000) (1024K)]
  0x0000024e052e5410 JavaThread "Attach Listener"            daemon [_thread_blocked, id=17172, stack(0x000000911a900000,0x000000911aa00000) (1024K)]
  0x0000024e052e94e0 JavaThread "Service Thread"             daemon [_thread_blocked, id=22660, stack(0x000000911aa00000,0x000000911ab00000) (1024K)]
  0x0000024e052f04d0 JavaThread "Monitor Deflation Thread"   daemon [_thread_blocked, id=20508, stack(0x000000911ab00000,0x000000911ac00000) (1024K)]
  0x0000024e5e034840 JavaThread "C2 CompilerThread0"         daemon [_thread_in_native, id=16476, stack(0x000000911ac00000,0x000000911ad00000) (1024K)]
  0x0000024e5e035490 JavaThread "C1 CompilerThread0"         daemon [_thread_blocked, id=28732, stack(0x000000911ad00000,0x000000911ae00000) (1024K)]
  0x0000024e5e239f40 JavaThread "Common-Cleaner"             daemon [_thread_blocked, id=5516, stack(0x000000911ae00000,0x000000911af00000) (1024K)]
  0x0000024e5e262200 JavaThread "C2 CompilerThread1"         daemon [_thread_in_native, id=17848, stack(0x000000911af00000,0x000000911b000000) (1024K)]
=>0x0000024e5e382d50 JavaThread "C2 CompilerThread2"         daemon [_thread_in_native, id=7436, stack(0x000000911b000000,0x000000911b100000) (1024K)]
  0x0000024e5e37bd20 JavaThread "Notification Thread"        daemon [_thread_blocked, id=20152, stack(0x000000911b100000,0x000000911b200000) (1024K)]
  0x0000024e5e3e03a0 JavaThread "Active Thread: Equinox Container: 3044f4d8-2e04-4c88-80b6-c0ddde5fe9ee"        [_thread_blocked, id=19396, stack(0x000000911b800000,0x000000911b900000) (1024K)]
  0x0000024e6397b220 JavaThread "Refresh Thread: Equinox Container: 3044f4d8-2e04-4c88-80b6-c0ddde5fe9ee" daemon [_thread_blocked, id=27656, stack(0x000000911ba00000,0x000000911bb00000) (1024K)]
  0x0000024e6371d1d0 JavaThread "Framework Event Dispatcher: Equinox Container: 3044f4d8-2e04-4c88-80b6-c0ddde5fe9ee" daemon [_thread_blocked, id=12260, stack(0x000000911bb00000,0x000000911bc00000) (1024K)]
  0x0000024e636d90e0 JavaThread "Start Level: Equinox Container: 3044f4d8-2e04-4c88-80b6-c0ddde5fe9ee" daemon [_thread_blocked, id=24860, stack(0x000000911bc00000,0x000000911bd00000) (1024K)]
  0x0000024e63b063b0 JavaThread "Bundle File Closer"         daemon [_thread_blocked, id=16380, stack(0x000000911bf00000,0x000000911c000000) (1024K)]
  0x0000024e63fab030 JavaThread "SCR Component Actor"        daemon [_thread_blocked, id=24792, stack(0x000000911c000000,0x000000911c100000) (1024K)]
  0x0000024e6423d2a0 JavaThread "Worker-JM"                         [_thread_blocked, id=2652, stack(0x000000911c100000,0x000000911c200000) (1024K)]
  0x0000024e64137e20 JavaThread "JNA Cleaner"                daemon [_thread_blocked, id=25240, stack(0x000000911c200000,0x000000911c300000) (1024K)]
  0x0000024e641384b0 JavaThread "Worker-0"                          [_thread_blocked, id=2288, stack(0x000000911c300000,0x000000911c400000) (1024K)]
  0x0000024e641356c0 JavaThread "Worker-1: Refreshing workspace"        [_thread_blocked, id=12084, stack(0x000000911c400000,0x000000911c500000) (1024K)]
  0x0000024e64137100 JavaThread "Worker-2: Initialize After Load"        [_thread_blocked, id=17264, stack(0x000000911c500000,0x000000911c600000) (1024K)]
  0x0000024e64138b40 JavaThread "Java indexing"              daemon [_thread_blocked, id=2580, stack(0x000000911c600000,0x000000911c700000) (1024K)]
  0x0000024e64136a70 JavaThread "Worker-3"                          [_thread_blocked, id=18640, stack(0x000000911c900000,0x000000911ca00000) (1024K)]
  0x0000024e64135d50 JavaThread "Worker-4"                          [_thread_blocked, id=7372, stack(0x000000911ca00000,0x000000911cb00000) (1024K)]
  0x0000024e64137790 JavaThread "Thread-1"                   daemon [_thread_in_native, id=12240, stack(0x000000911cb00000,0x000000911cc00000) (1024K)]
  0x0000024e63a9ea70 JavaThread "Thread-2"                   daemon [_thread_in_native, id=29336, stack(0x000000911cc00000,0x000000911cd00000) (1024K)]
  0x0000024e63a9e3e0 JavaThread "Thread-3"                   daemon [_thread_in_native, id=4328, stack(0x000000911cd00000,0x000000911ce00000) (1024K)]
  0x0000024e63a9fe20 JavaThread "Thread-4"                   daemon [_thread_in_native, id=26400, stack(0x000000911ce00000,0x000000911cf00000) (1024K)]
  0x0000024e63aa1860 JavaThread "Thread-5"                   daemon [_thread_in_native, id=936, stack(0x000000911cf00000,0x000000911d000000) (1024K)]
  0x0000024e63a9f790 JavaThread "Thread-6"                   daemon [_thread_in_native, id=29364, stack(0x000000911d000000,0x000000911d100000) (1024K)]
  0x0000024e63a9f100 JavaThread "Thread-7"                   daemon [_thread_in_native, id=28900, stack(0x000000911d100000,0x000000911d200000) (1024K)]
  0x0000024e63aa1ef0 JavaThread "Thread-8"                   daemon [_thread_in_native, id=15252, stack(0x000000911d200000,0x000000911d300000) (1024K)]
  0x0000024e63aa3930 JavaThread "Thread-9"                   daemon [_thread_in_native, id=27376, stack(0x000000911d300000,0x000000911d400000) (1024K)]
  0x0000024e63aa2580 JavaThread "Thread-10"                  daemon [_thread_in_native, id=18280, stack(0x000000911d400000,0x000000911d500000) (1024K)]
  0x0000024e63aa32a0 JavaThread "Thread-11"                  daemon [_thread_in_native, id=29216, stack(0x000000911d500000,0x000000911d600000) (1024K)]
  0x0000024e63aa0b40 JavaThread "Thread-12"                  daemon [_thread_in_native, id=2856, stack(0x000000911d600000,0x000000911d700000) (1024K)]
  0x0000024e63aa2c10 JavaThread "Thread-13"                  daemon [_thread_in_native, id=27160, stack(0x000000911d700000,0x000000911d800000) (1024K)]
  0x0000024e63aa04b0 JavaThread "Worker-5"                          [_thread_blocked, id=2304, stack(0x000000911d800000,0x000000911d900000) (1024K)]
  0x0000024e63aa3fc0 JavaThread "pool-2-thread-1"                   [_thread_blocked, id=15892, stack(0x000000911d900000,0x000000911da00000) (1024K)]
  0x0000024e63aa11d0 JavaThread "WorkspaceEventsHandler"            [_thread_blocked, id=26940, stack(0x000000911da00000,0x000000911db00000) (1024K)]
  0x0000024e63aa4ce0 JavaThread "pool-1-thread-1"                   [_thread_blocked, id=29064, stack(0x000000911db00000,0x000000911dc00000) (1024K)]
  0x0000024e66906fc0 JavaThread "ForkJoinPool.commonPool-worker-1" daemon [_thread_in_Java, id=22484, stack(0x000000911dc00000,0x000000911dd00000) (1024K)]
  0x0000024e66907ce0 JavaThread "ForkJoinPool.commonPool-worker-2" daemon [_thread_in_native, id=23484, stack(0x000000911dd00000,0x000000911de00000) (1024K)]
  0x0000024e66905c10 JavaThread "ForkJoinPool.commonPool-worker-3" daemon [_thread_in_Java, id=16304, stack(0x000000911de00000,0x000000911df00000) (1024K)]
  0x0000024e66908370 JavaThread "ForkJoinPool.commonPool-worker-4" daemon [_thread_in_native, id=28588, stack(0x000000911df00000,0x000000911e000000) (1024K)]
  0x0000024e66904ef0 JavaThread "ForkJoinPool.commonPool-worker-5" daemon [_thread_in_Java, id=28136, stack(0x000000911e000000,0x000000911e100000) (1024K)]
  0x0000024e66908a00 JavaThread "ForkJoinPool.commonPool-worker-6" daemon [_thread_in_Java, id=29352, stack(0x000000911e100000,0x000000911e200000) (1024K)]
  0x0000024e66909090 JavaThread "ForkJoinPool.commonPool-worker-7" daemon [_thread_in_Java, id=4044, stack(0x000000911e200000,0x000000911e300000) (1024K)]
  0x0000024e66909720 JavaThread "ForkJoinPool.commonPool-worker-8" daemon [_thread_in_Java, id=26680, stack(0x000000911e300000,0x000000911e400000) (1024K)]
  0x0000024e669062a0 JavaThread "ForkJoinPool.commonPool-worker-9" daemon [_thread_in_Java, id=22156, stack(0x000000911e400000,0x000000911e500000) (1024K)]
Total: 53

Other Threads:
  0x0000024e052dfbf0 VMThread "VM Thread"                           [id=18008, stack(0x000000911a500000,0x000000911a600000) (1024K)]
  0x0000024e052aaec0 WatcherThread "VM Periodic Task Thread"        [id=16692, stack(0x000000911a400000,0x000000911a500000) (1024K)]
  0x0000024e0525bac0 WorkerThread "GC Thread#0"                     [id=11988, stack(0x000000911a300000,0x000000911a400000) (1024K)]
  0x0000024e6392d830 WorkerThread "GC Thread#1"                     [id=15780, stack(0x000000911b200000,0x000000911b300000) (1024K)]
  0x0000024e637f2260 WorkerThread "GC Thread#2"                     [id=27768, stack(0x000000911b300000,0x000000911b400000) (1024K)]
  0x0000024e637f2610 WorkerThread "GC Thread#3"                     [id=24608, stack(0x000000911b400000,0x000000911b500000) (1024K)]
  0x0000024e6339a670 WorkerThread "GC Thread#4"                     [id=7060, stack(0x000000911b500000,0x000000911b600000) (1024K)]
  0x0000024e6339aa20 WorkerThread "GC Thread#5"                     [id=10900, stack(0x000000911b600000,0x000000911b700000) (1024K)]
  0x0000024e6339add0 WorkerThread "GC Thread#6"                     [id=29420, stack(0x000000911b700000,0x000000911b800000) (1024K)]
  0x0000024e63a33010 WorkerThread "GC Thread#7"                     [id=24636, stack(0x000000911b900000,0x000000911ba00000) (1024K)]
  0x0000024e63f25ef0 WorkerThread "GC Thread#8"                     [id=10928, stack(0x000000911bd00000,0x000000911be00000) (1024K)]
  0x0000024e63f262a0 WorkerThread "GC Thread#9"                     [id=2308, stack(0x000000911be00000,0x000000911bf00000) (1024K)]
Total: 12

Threads with active compile tasks:
C2 CompilerThread0  6547 7984       4       org.eclipse.jdt.internal.core.index.DiskIndex::readStreamChars (529 bytes)
C1 CompilerThread0  6547 7983       3       java.util.concurrent.ScheduledThreadPoolExecutor$ScheduledFutureTask::compareTo (101 bytes)
C2 CompilerThread1  6547 7969       4       org.eclipse.jdt.internal.core.index.FileIndexLocation::equals (24 bytes)
C2 CompilerThread2  6547 7950   !   4       org.eclipse.osgi.internal.loader.BundleLoader::findRequiredSource (283 bytes)
Total: 4

VM state: not at safepoint (normal execution)

VM Mutex/Monitor currently owned by a thread: None

Heap address: 0x0000000080000000, size: 2048 MB, Compressed Oops mode: 32-bit

CDS archive(s) mapped at: [0x0000024e1c000000-0x0000024e1cba0000-0x0000024e1cba0000), size 12189696, SharedBaseAddress: 0x0000024e1c000000, ArchiveRelocationMode: 1.
Compressed class space mapped at: 0x0000024e1d000000-0x0000024e5d000000, reserved size: 1073741824
Narrow klass base: 0x0000024e1c000000, Narrow klass shift: 0, Narrow klass range: 0x100000000

GC Precious Log:
 CardTable entry size: 512
 CPUs: 12 total, 12 available
 Memory: 16106M
 Large Page Support: Disabled
 NUMA Support: Disabled
 Compressed Oops: Enabled (32-bit)
 Alignments: Space 512K, Generation 512K, Heap 2M
 Heap Min Capacity: 100M
 Heap Initial Capacity: 100M
 Heap Max Capacity: 2G
 Pre-touch: Disabled
 Parallel Workers: 10

Heap:
 PSYoungGen      total 18944K, used 2837K [0x00000000d5580000, 0x00000000d6a80000, 0x0000000100000000)
  eden space 17408K, 7% used [0x00000000d5580000,0x00000000d56cb0e8,0x00000000d6680000)
  from space 1536K, 98% used [0x00000000d6780000,0x00000000d68fa570,0x00000000d6900000)
  to   space 1536K, 0% used [0x00000000d6900000,0x00000000d6900000,0x00000000d6a80000)
 ParOldGen       total 68608K, used 46513K [0x0000000080000000, 0x0000000084300000, 0x00000000d5580000)
  object space 68608K, 67% used [0x0000000080000000,0x0000000082d6c6a0,0x0000000084300000)
 Metaspace       used 47722K, committed 48960K, reserved 1114112K
  class space    used 5123K, committed 5632K, reserved 1048576K

Card table byte_map: [0x0000024e04be0000,0x0000024e04ff0000] _byte_map_base: 0x0000024e047e0000

Marking Bits: (ParMarkBitMap*) 0x00007ffa24ce3450
 Begin Bits: [0x0000024e176f0000, 0x0000024e196f0000)
 End Bits:   [0x0000024e196f0000, 0x0000024e1b6f0000)

Polling page: 0x0000024e03070000

Metaspace:

Usage:
  Non-class:     41.60 MB used.
      Class:      5.00 MB used.
       Both:     46.60 MB used.

Virtual space:
  Non-class space:       64.00 MB reserved,      42.31 MB ( 66%) committed,  1 nodes.
      Class space:        1.00 GB reserved,       5.50 MB ( <1%) committed,  1 nodes.
             Both:        1.06 GB reserved,      47.81 MB (  4%) committed. 

Chunk freelists:
   Non-Class:  5.53 MB
       Class:  10.52 MB
        Both:  16.05 MB

MaxMetaspaceSize: unlimited
CompressedClassSpaceSize: 1.00 GB
Initial GC threshold: 21.00 MB
Current GC threshold: 58.38 MB
CDS: on
 - commit_granule_bytes: 65536.
 - commit_granule_words: 8192.
 - virtual_space_node_default_size: 8388608.
 - enlarge_chunks_in_place: 1.
 - use_allocation_guard: 0.


Internal statistics:

num_allocs_failed_limit: 6.
num_arena_births: 832.
num_arena_deaths: 14.
num_vsnodes_births: 2.
num_vsnodes_deaths: 0.
num_space_committed: 765.
num_space_uncommitted: 0.
num_chunks_returned_to_freelist: 20.
num_chunks_taken_from_freelist: 2928.
num_chunk_merges: 12.
num_chunk_splits: 1831.
num_chunks_enlarged: 1088.
num_inconsistent_stats: 0.

CodeHeap 'non-profiled nmethods': size=120000Kb used=4333Kb max_used=4333Kb free=115666Kb
 bounds [0x0000024e0ff10000, 0x0000024e10350000, 0x0000024e17440000]
CodeHeap 'profiled nmethods': size=120000Kb used=14337Kb max_used=14337Kb free=105662Kb
 bounds [0x0000024e08440000, 0x0000024e09250000, 0x0000024e0f970000]
CodeHeap 'non-nmethods': size=5760Kb used=1384Kb max_used=1433Kb free=4376Kb
 bounds [0x0000024e0f970000, 0x0000024e0fbe0000, 0x0000024e0ff10000]
CodeCache: size=245760Kb, used=20054Kb, max_used=20103Kb, free=225704Kb
 total_blobs=8033, nmethods=7360, adapters=579, full_count=0
Compilation: enabled, stopped_count=0, restarted_count=0

Compilation events (20 events):
Event: 4.467 Thread 0x0000024e5e035490 nmethod 7954 0x0000024e09230310 code [0x0000024e092305a0, 0x0000024e09231460]
Event: 4.467 Thread 0x0000024e5e035490 7956       3       org.eclipse.jdt.internal.compiler.util.HashtableOfIntValues::put (113 bytes)
Event: 4.467 Thread 0x0000024e5e035490 nmethod 7956 0x0000024e09231a10 code [0x0000024e09231c20, 0x0000024e092322a0]
Event: 4.468 Thread 0x0000024e5e262200 nmethod 7912 0x0000024e10339d10 code [0x0000024e10339f60, 0x0000024e1033a780]
Event: 4.468 Thread 0x0000024e5e262200 7953       4       org.eclipse.core.internal.resources.Resource::getName (10 bytes)
Event: 4.468 Thread 0x0000024e5e262200 nmethod 7953 0x0000024e1033b010 code [0x0000024e1033b1a0, 0x0000024e1033b2b8]
Event: 4.468 Thread 0x0000024e5e262200 7955       4       java.io.WinNTFileSystem::resolve (326 bytes)
Event: 4.477 Thread 0x0000024e5e262200 nmethod 7955 0x0000024e1033b410 code [0x0000024e1033b680, 0x0000024e1033c998]
Event: 4.477 Thread 0x0000024e5e262200 7957       4       java.lang.reflect.AccessibleObject::checkAccess (40 bytes)
Event: 4.479 Thread 0x0000024e5e035490 7962       3       org.eclipse.jdt.internal.compiler.util.SimpleSetOfCharArray::get (84 bytes)
Event: 4.480 Thread 0x0000024e5e035490 nmethod 7962 0x0000024e09232610 code [0x0000024e09232820, 0x0000024e09232de0]
Event: 4.480 Thread 0x0000024e5e035490 7963       3       org.eclipse.jdt.internal.core.search.indexing.IndexManager::getIndexStates (149 bytes)
Event: 4.481 Thread 0x0000024e5e035490 nmethod 7963 0x0000024e09233090 code [0x0000024e092334a0, 0x0000024e09234bd0]
Event: 4.493 Thread 0x0000024e5e262200 nmethod 7957 0x0000024e1033d610 code [0x0000024e1033d880, 0x0000024e1033efa0]
Event: 4.493 Thread 0x0000024e5e262200 7961       4       org.eclipse.jdt.ls.core.internal.filesystem.JLSFsUtils::isExcluded (96 bytes)
Event: 4.495 Thread 0x0000024e5e034840 nmethod 7947 0x0000024e10340010 code [0x0000024e10340480, 0x0000024e10343860]
Event: 4.496 Thread 0x0000024e5e034840 7964       4       org.eclipse.core.runtime.Path::isPrefixOf (118 bytes)
Event: 4.499 Thread 0x0000024e5e034840 nmethod 7964 0x0000024e10345a10 code [0x0000024e10345be0, 0x0000024e103460c0]
Event: 4.499 Thread 0x0000024e5e034840 7960       4       java.lang.reflect.AccessibleObject::verifyAccess (55 bytes)
Event: 4.513 Thread 0x0000024e5e035490 7965       3       org.eclipse.core.internal.jobs.ThreadJob::pop (53 bytes)

GC Heap History (20 events):
Event: 3.790 GC heap before
{Heap before GC invocations=27 (full 2):
 PSYoungGen      total 19968K, used 19776K [0x00000000d5580000, 0x00000000d6a00000, 0x0000000100000000)
  eden space 18944K, 100% used [0x00000000d5580000,0x00000000d6800000,0x00000000d6800000)
  from space 1024K, 81% used [0x00000000d6900000,0x00000000d69d0000,0x00000000d6a00000)
  to   space 1024K, 0% used [0x00000000d6800000,0x00000000d6800000,0x00000000d6900000)
 ParOldGen       total 68608K, used 29294K [0x0000000080000000, 0x0000000084300000, 0x00000000d5580000)
  object space 68608K, 42% used [0x0000000080000000,0x0000000081c9b920,0x0000000084300000)
 Metaspace       used 44421K, committed 45632K, reserved 1114112K
  class space    used 4779K, committed 5312K, reserved 1048576K
}
Event: 3.792 GC heap after
{Heap after GC invocations=27 (full 2):
 PSYoungGen      total 19968K, used 1024K [0x00000000d5580000, 0x00000000d6d00000, 0x0000000100000000)
  eden space 18944K, 0% used [0x00000000d5580000,0x00000000d5580000,0x00000000d6800000)
  from space 1024K, 100% used [0x00000000d6800000,0x00000000d6900000,0x00000000d6900000)
  to   space 2560K, 0% used [0x00000000d6a80000,0x00000000d6a80000,0x00000000d6d00000)
 ParOldGen       total 68608K, used 30465K [0x0000000080000000, 0x0000000084300000, 0x00000000d5580000)
  object space 68608K, 44% used [0x0000000080000000,0x0000000081dc06d8,0x0000000084300000)
 Metaspace       used 44421K, committed 45632K, reserved 1114112K
  class space    used 4779K, committed 5312K, reserved 1048576K
}
Event: 3.877 GC heap before
{Heap before GC invocations=28 (full 2):
 PSYoungGen      total 19968K, used 19968K [0x00000000d5580000, 0x00000000d6d00000, 0x0000000100000000)
  eden space 18944K, 100% used [0x00000000d5580000,0x00000000d6800000,0x00000000d6800000)
  from space 1024K, 100% used [0x00000000d6800000,0x00000000d6900000,0x00000000d6900000)
  to   space 2560K, 0% used [0x00000000d6a80000,0x00000000d6a80000,0x00000000d6d00000)
 ParOldGen       total 68608K, used 30465K [0x0000000080000000, 0x0000000084300000, 0x00000000d5580000)
  object space 68608K, 44% used [0x0000000080000000,0x0000000081dc06d8,0x0000000084300000)
 Metaspace       used 45461K, committed 46656K, reserved 1114112K
  class space    used 4899K, committed 5440K, reserved 1048576K
}
Event: 3.879 GC heap after
{Heap after GC invocations=28 (full 2):
 PSYoungGen      total 20992K, used 1824K [0x00000000d5580000, 0x00000000d6c80000, 0x0000000100000000)
  eden space 18944K, 0% used [0x00000000d5580000,0x00000000d5580000,0x00000000d6800000)
  from space 2048K, 89% used [0x00000000d6a80000,0x00000000d6c48030,0x00000000d6c80000)
  to   space 2048K, 0% used [0x00000000d6880000,0x00000000d6880000,0x00000000d6a80000)
 ParOldGen       total 68608K, used 31471K [0x0000000080000000, 0x0000000084300000, 0x00000000d5580000)
  object space 68608K, 45% used [0x0000000080000000,0x0000000081ebbe40,0x0000000084300000)
 Metaspace       used 45461K, committed 46656K, reserved 1114112K
  class space    used 4899K, committed 5440K, reserved 1048576K
}
Event: 3.932 GC heap before
{Heap before GC invocations=29 (full 2):
 PSYoungGen      total 20992K, used 20768K [0x00000000d5580000, 0x00000000d6c80000, 0x0000000100000000)
  eden space 18944K, 100% used [0x00000000d5580000,0x00000000d6800000,0x00000000d6800000)
  from space 2048K, 89% used [0x00000000d6a80000,0x00000000d6c48030,0x00000000d6c80000)
  to   space 2048K, 0% used [0x00000000d6880000,0x00000000d6880000,0x00000000d6a80000)
 ParOldGen       total 68608K, used 31471K [0x0000000080000000, 0x0000000084300000, 0x00000000d5580000)
  object space 68608K, 45% used [0x0000000080000000,0x0000000081ebbe40,0x0000000084300000)
 Metaspace       used 45929K, committed 47040K, reserved 1114112K
  class space    used 4954K, committed 5440K, reserved 1048576K
}
Event: 3.934 GC heap after
{Heap after GC invocations=29 (full 2):
 PSYoungGen      total 20992K, used 2022K [0x00000000d5580000, 0x00000000d7100000, 0x0000000100000000)
  eden space 18944K, 0% used [0x00000000d5580000,0x00000000d5580000,0x00000000d6800000)
  from space 2048K, 98% used [0x00000000d6880000,0x00000000d6a79968,0x00000000d6a80000)
  to   space 4608K, 0% used [0x00000000d6c80000,0x00000000d6c80000,0x00000000d7100000)
 ParOldGen       total 68608K, used 33223K [0x0000000080000000, 0x0000000084300000, 0x00000000d5580000)
  object space 68608K, 48% used [0x0000000080000000,0x0000000082071e70,0x0000000084300000)
 Metaspace       used 45929K, committed 47040K, reserved 1114112K
  class space    used 4954K, committed 5440K, reserved 1048576K
}
Event: 3.985 GC heap before
{Heap before GC invocations=30 (full 2):
 PSYoungGen      total 20992K, used 20966K [0x00000000d5580000, 0x00000000d7100000, 0x0000000100000000)
  eden space 18944K, 100% used [0x00000000d5580000,0x00000000d6800000,0x00000000d6800000)
  from space 2048K, 98% used [0x00000000d6880000,0x00000000d6a79968,0x00000000d6a80000)
  to   space 4608K, 0% used [0x00000000d6c80000,0x00000000d6c80000,0x00000000d7100000)
 ParOldGen       total 68608K, used 33223K [0x0000000080000000, 0x0000000084300000, 0x00000000d5580000)
  object space 68608K, 48% used [0x0000000080000000,0x0000000082071e70,0x0000000084300000)
 Metaspace       used 46769K, committed 47936K, reserved 1114112K
  class space    used 5062K, committed 5568K, reserved 1048576K
}
Event: 3.987 GC heap after
{Heap after GC invocations=30 (full 2):
 PSYoungGen      total 20992K, used 1883K [0x00000000d5580000, 0x00000000d6e80000, 0x0000000100000000)
  eden space 18944K, 0% used [0x00000000d5580000,0x00000000d5580000,0x00000000d6800000)
  from space 2048K, 91% used [0x00000000d6c80000,0x00000000d6e56eb8,0x00000000d6e80000)
  to   space 3072K, 0% used [0x00000000d6880000,0x00000000d6880000,0x00000000d6b80000)
 ParOldGen       total 68608K, used 35154K [0x0000000080000000, 0x0000000084300000, 0x00000000d5580000)
  object space 68608K, 51% used [0x0000000080000000,0x0000000082254930,0x0000000084300000)
 Metaspace       used 46769K, committed 47936K, reserved 1114112K
  class space    used 5062K, committed 5568K, reserved 1048576K
}
Event: 4.016 GC heap before
{Heap before GC invocations=31 (full 2):
 PSYoungGen      total 20992K, used 20827K [0x00000000d5580000, 0x00000000d6e80000, 0x0000000100000000)
  eden space 18944K, 100% used [0x00000000d5580000,0x00000000d6800000,0x00000000d6800000)
  from space 2048K, 91% used [0x00000000d6c80000,0x00000000d6e56eb8,0x00000000d6e80000)
  to   space 3072K, 0% used [0x00000000d6880000,0x00000000d6880000,0x00000000d6b80000)
 ParOldGen       total 68608K, used 35154K [0x0000000080000000, 0x0000000084300000, 0x00000000d5580000)
  object space 68608K, 51% used [0x0000000080000000,0x0000000082254930,0x0000000084300000)
 Metaspace       used 46777K, committed 47936K, reserved 1114112K
  class space    used 5062K, committed 5568K, reserved 1048576K
}
Event: 4.018 GC heap after
{Heap after GC invocations=31 (full 2):
 PSYoungGen      total 21504K, used 2210K [0x00000000d5580000, 0x00000000d6d00000, 0x0000000100000000)
  eden space 18944K, 0% used [0x00000000d5580000,0x00000000d5580000,0x00000000d6800000)
  from space 2560K, 86% used [0x00000000d6880000,0x00000000d6aa8800,0x00000000d6b00000)
  to   space 2048K, 0% used [0x00000000d6b00000,0x00000000d6b00000,0x00000000d6d00000)
 ParOldGen       total 68608K, used 36845K [0x0000000080000000, 0x0000000084300000, 0x00000000d5580000)
  object space 68608K, 53% used [0x0000000080000000,0x00000000823fb4c8,0x0000000084300000)
 Metaspace       used 46777K, committed 47936K, reserved 1114112K
  class space    used 5062K, committed 5568K, reserved 1048576K
}
Event: 4.046 GC heap before
{Heap before GC invocations=32 (full 2):
 PSYoungGen      total 21504K, used 21153K [0x00000000d5580000, 0x00000000d6d00000, 0x0000000100000000)
  eden space 18944K, 99% used [0x00000000d5580000,0x00000000d67fffc8,0x00000000d6800000)
  from space 2560K, 86% used [0x00000000d6880000,0x00000000d6aa8800,0x00000000d6b00000)
  to   space 2048K, 0% used [0x00000000d6b00000,0x00000000d6b00000,0x00000000d6d00000)
 ParOldGen       total 68608K, used 36845K [0x0000000080000000, 0x0000000084300000, 0x00000000d5580000)
  object space 68608K, 53% used [0x0000000080000000,0x00000000823fb4c8,0x0000000084300000)
 Metaspace       used 46789K, committed 48000K, reserved 1114112K
  class space    used 5062K, committed 5568K, reserved 1048576K
}
Event: 4.048 GC heap after
{Heap after GC invocations=32 (full 2):
 PSYoungGen      total 19456K, used 2020K [0x00000000d5580000, 0x00000000d7100000, 0x0000000100000000)
  eden space 17408K, 0% used [0x00000000d5580000,0x00000000d5580000,0x00000000d6680000)
  from space 2048K, 98% used [0x00000000d6b00000,0x00000000d6cf9000,0x00000000d6d00000)
  to   space 4608K, 0% used [0x00000000d6680000,0x00000000d6680000,0x00000000d6b00000)
 ParOldGen       total 68608K, used 38867K [0x0000000080000000, 0x0000000084300000, 0x00000000d5580000)
  object space 68608K, 56% used [0x0000000080000000,0x00000000825f4e78,0x0000000084300000)
 Metaspace       used 46789K, committed 48000K, reserved 1114112K
  class space    used 5062K, committed 5568K, reserved 1048576K
}
Event: 4.080 GC heap before
{Heap before GC invocations=33 (full 2):
 PSYoungGen      total 19456K, used 19428K [0x00000000d5580000, 0x00000000d7100000, 0x0000000100000000)
  eden space 17408K, 100% used [0x00000000d5580000,0x00000000d6680000,0x00000000d6680000)
  from space 2048K, 98% used [0x00000000d6b00000,0x00000000d6cf9000,0x00000000d6d00000)
  to   space 4608K, 0% used [0x00000000d6680000,0x00000000d6680000,0x00000000d6b00000)
 ParOldGen       total 68608K, used 38867K [0x0000000080000000, 0x0000000084300000, 0x00000000d5580000)
  object space 68608K, 56% used [0x0000000080000000,0x00000000825f4e78,0x0000000084300000)
 Metaspace       used 46812K, committed 48000K, reserved 1114112K
  class space    used 5063K, committed 5568K, reserved 1048576K
}
Event: 4.082 GC heap after
{Heap after GC invocations=33 (full 2):
 PSYoungGen      total 19968K, used 2048K [0x00000000d5580000, 0x00000000d6c80000, 0x0000000100000000)
  eden space 17408K, 0% used [0x00000000d5580000,0x00000000d5580000,0x00000000d6680000)
  from space 2560K, 80% used [0x00000000d6680000,0x00000000d6880010,0x00000000d6900000)
  to   space 3072K, 0% used [0x00000000d6980000,0x00000000d6980000,0x00000000d6c80000)
 ParOldGen       total 68608K, used 40849K [0x0000000080000000, 0x0000000084300000, 0x00000000d5580000)
  object space 68608K, 59% used [0x0000000080000000,0x00000000827e44a0,0x0000000084300000)
 Metaspace       used 46812K, committed 48000K, reserved 1114112K
  class space    used 5063K, committed 5568K, reserved 1048576K
}
Event: 4.111 GC heap before
{Heap before GC invocations=34 (full 2):
 PSYoungGen      total 19968K, used 19456K [0x00000000d5580000, 0x00000000d6c80000, 0x0000000100000000)
  eden space 17408K, 100% used [0x00000000d5580000,0x00000000d6680000,0x00000000d6680000)
  from space 2560K, 80% used [0x00000000d6680000,0x00000000d6880010,0x00000000d6900000)
  to   space 3072K, 0% used [0x00000000d6980000,0x00000000d6980000,0x00000000d6c80000)
 ParOldGen       total 68608K, used 40849K [0x0000000080000000, 0x0000000084300000, 0x00000000d5580000)
  object space 68608K, 59% used [0x0000000080000000,0x00000000827e44a0,0x0000000084300000)
 Metaspace       used 46835K, committed 48064K, reserved 1114112K
  class space    used 5063K, committed 5568K, reserved 1048576K
}
Event: 4.113 GC heap after
{Heap after GC invocations=34 (full 2):
 PSYoungGen      total 19456K, used 1816K [0x00000000d5580000, 0x00000000d6b80000, 0x0000000100000000)
  eden space 17408K, 0% used [0x00000000d5580000,0x00000000d5580000,0x00000000d6680000)
  from space 2048K, 88% used [0x00000000d6980000,0x00000000d6b46200,0x00000000d6b80000)
  to   space 2048K, 0% used [0x00000000d6780000,0x00000000d6780000,0x00000000d6980000)
 ParOldGen       total 68608K, used 42817K [0x0000000080000000, 0x0000000084300000, 0x00000000d5580000)
  object space 68608K, 62% used [0x0000000080000000,0x00000000829d04b0,0x0000000084300000)
 Metaspace       used 46835K, committed 48064K, reserved 1114112K
  class space    used 5063K, committed 5568K, reserved 1048576K
}
Event: 4.221 GC heap before
{Heap before GC invocations=35 (full 2):
 PSYoungGen      total 19456K, used 18913K [0x00000000d5580000, 0x00000000d6b80000, 0x0000000100000000)
  eden space 17408K, 98% used [0x00000000d5580000,0x00000000d66322b0,0x00000000d6680000)
  from space 2048K, 88% used [0x00000000d6980000,0x00000000d6b46200,0x00000000d6b80000)
  to   space 2048K, 0% used [0x00000000d6780000,0x00000000d6780000,0x00000000d6980000)
 ParOldGen       total 68608K, used 42817K [0x0000000080000000, 0x0000000084300000, 0x00000000d5580000)
  object space 68608K, 62% used [0x0000000080000000,0x00000000829d04b0,0x0000000084300000)
 Metaspace       used 47015K, committed 48256K, reserved 1114112K
  class space    used 5067K, committed 5568K, reserved 1048576K
}
Event: 4.223 GC heap after
{Heap after GC invocations=35 (full 2):
 PSYoungGen      total 19456K, used 1645K [0x00000000d5580000, 0x00000000d6a80000, 0x0000000100000000)
  eden space 17408K, 0% used [0x00000000d5580000,0x00000000d5580000,0x00000000d6680000)
  from space 2048K, 80% used [0x00000000d6780000,0x00000000d691b510,0x00000000d6980000)
  to   space 1024K, 0% used [0x00000000d6980000,0x00000000d6980000,0x00000000d6a80000)
 ParOldGen       total 68608K, used 44473K [0x0000000080000000, 0x0000000084300000, 0x00000000d5580000)
  object space 68608K, 64% used [0x0000000080000000,0x0000000082b6e6b0,0x0000000084300000)
 Metaspace       used 47015K, committed 48256K, reserved 1114112K
  class space    used 5067K, committed 5568K, reserved 1048576K
}
Event: 4.402 GC heap before
{Heap before GC invocations=36 (full 2):
 PSYoungGen      total 19456K, used 19053K [0x00000000d5580000, 0x00000000d6a80000, 0x0000000100000000)
  eden space 17408K, 100% used [0x00000000d5580000,0x00000000d6680000,0x00000000d6680000)
  from space 2048K, 80% used [0x00000000d6780000,0x00000000d691b510,0x00000000d6980000)
  to   space 1024K, 0% used [0x00000000d6980000,0x00000000d6980000,0x00000000d6a80000)
 ParOldGen       total 68608K, used 44473K [0x0000000080000000, 0x0000000084300000, 0x00000000d5580000)
  object space 68608K, 64% used [0x0000000080000000,0x0000000082b6e6b0,0x0000000084300000)
 Metaspace       used 47477K, committed 48704K, reserved 1114112K
  class space    used 5102K, committed 5632K, reserved 1048576K
}
Event: 4.403 GC heap after
{Heap after GC invocations=36 (full 2):
 PSYoungGen      total 18432K, used 728K [0x00000000d5580000, 0x00000000d6a80000, 0x0000000100000000)
  eden space 17408K, 0% used [0x00000000d5580000,0x00000000d5580000,0x00000000d6680000)
  from space 1024K, 71% used [0x00000000d6980000,0x00000000d6a36108,0x00000000d6a80000)
  to   space 1536K, 0% used [0x00000000d6780000,0x00000000d6780000,0x00000000d6900000)
 ParOldGen       total 68608K, used 45995K [0x0000000080000000, 0x0000000084300000, 0x00000000d5580000)
  object space 68608K, 67% used [0x0000000080000000,0x0000000082ceaf18,0x0000000084300000)
 Metaspace       used 47477K, committed 48704K, reserved 1114112K
  class space    used 5102K, committed 5632K, reserved 1048576K
}

Dll operation events (10 events):
Event: 0.009 Loaded shared library c:\Users\manth\.vscode\extensions\redhat.java-1.53.0-win32-x64\jre\21.0.10-win32-x86_64\bin\java.dll
Event: 0.059 Loaded shared library c:\Users\manth\.vscode\extensions\redhat.java-1.53.0-win32-x64\jre\21.0.10-win32-x86_64\bin\zip.dll
Event: 0.072 Loaded shared library C:\Users\manth\.vscode\extensions\redhat.java-1.53.0-win32-x64\jre\21.0.10-win32-x86_64\bin\instrument.dll
Event: 0.075 Loaded shared library C:\Users\manth\.vscode\extensions\redhat.java-1.53.0-win32-x64\jre\21.0.10-win32-x86_64\bin\net.dll
Event: 0.076 Loaded shared library C:\Users\manth\.vscode\extensions\redhat.java-1.53.0-win32-x64\jre\21.0.10-win32-x86_64\bin\nio.dll
Event: 0.078 Loaded shared library C:\Users\manth\.vscode\extensions\redhat.java-1.53.0-win32-x64\jre\21.0.10-win32-x86_64\bin\zip.dll
Event: 0.089 Loaded shared library C:\Users\manth\.vscode\extensions\redhat.java-1.53.0-win32-x64\jre\21.0.10-win32-x86_64\bin\jimage.dll
Event: 0.136 Loaded shared library c:\Users\manth\.vscode\extensions\redhat.java-1.53.0-win32-x64\jre\21.0.10-win32-x86_64\bin\verify.dll
Event: 0.759 Loaded shared library C:\Users\manth\AppData\Roaming\Code\User\globalStorage\redhat.java\1.53.0\config_win\org.eclipse.equinox.launcher\org.eclipse.equinox.launcher.win32.win32.x86_64_1.3.0.v20260203-2149\eclipse_11919.dll
Event: 1.733 Loaded shared library C:\Users\manth\AppData\Local\Temp\jna-103662926\jna16469423340118335212.dll

Deoptimization events (20 events):
Event: 4.265 Thread 0x0000024e641356c0 Uncommon trap: trap_request=0xffffff45 fr.pc=0x0000024e1022aeb0 relative=0x0000000000000090
Event: 4.265 Thread 0x0000024e641356c0 Uncommon trap: reason=unstable_if action=reinterpret pc=0x0000024e1022aeb0 method=org.eclipse.core.internal.jobs.InternalJob.getState()I @ 10 c2
Event: 4.265 Thread 0x0000024e641356c0 DEOPT PACKING pc=0x0000024e1022aeb0 sp=0x000000911c4fe720
Event: 4.265 Thread 0x0000024e641356c0 DEOPT UNPACKING pc=0x0000024e0f9c6da2 sp=0x000000911c4fe6b0 mode 2
Event: 4.265 Thread 0x0000024e641356c0 Uncommon trap: trap_request=0xffffffde fr.pc=0x0000024e101eebf4 relative=0x0000000000000614
Event: 4.265 Thread 0x0000024e641356c0 Uncommon trap: reason=class_check action=maybe_recompile pc=0x0000024e101eebf4 method=org.eclipse.core.internal.dtree.AbstractDataTreeNode.assembleWith(Lorg/eclipse/core/internal/dtree/AbstractDataTreeNode;)Lorg/eclipse/core/internal/dtree/AbstractDataTre
Event: 4.265 Thread 0x0000024e641356c0 DEOPT PACKING pc=0x0000024e101eebf4 sp=0x000000911c4fe920
Event: 4.265 Thread 0x0000024e641356c0 DEOPT UNPACKING pc=0x0000024e0f9c6da2 sp=0x000000911c4fe8c8 mode 2
Event: 4.361 Thread 0x0000024e64137100 Uncommon trap: trap_request=0xffffffde fr.pc=0x0000024e0ffd1d64 relative=0x0000000000000d04
Event: 4.361 Thread 0x0000024e64137100 Uncommon trap: reason=class_check action=maybe_recompile pc=0x0000024e0ffd1d64 method=java.util.HashMap.putVal(ILjava/lang/Object;Ljava/lang/Object;ZZ)Ljava/lang/Object; @ 203 c2
Event: 4.361 Thread 0x0000024e64137100 DEOPT PACKING pc=0x0000024e0ffd1d64 sp=0x000000911c5ff180
Event: 4.361 Thread 0x0000024e64137100 DEOPT UNPACKING pc=0x0000024e0f9c6da2 sp=0x000000911c5ff018 mode 2
Event: 4.405 Thread 0x0000024e64137100 DEOPT PACKING pc=0x0000024e08f4863c sp=0x000000911c5f6f30
Event: 4.405 Thread 0x0000024e64137100 DEOPT UNPACKING pc=0x0000024e0f9c78e2 sp=0x000000911c5f6450 mode 0
Event: 4.410 Thread 0x0000024e64137100 Uncommon trap: trap_request=0xffffff45 fr.pc=0x0000024e1017d7b4 relative=0x0000000000001434
Event: 4.410 Thread 0x0000024e64137100 Uncommon trap: reason=unstable_if action=reinterpret pc=0x0000024e1017d7b4 method=org.eclipse.core.runtime.Path.toOSString()Ljava/lang/String; @ 28 c2
Event: 4.410 Thread 0x0000024e64137100 DEOPT PACKING pc=0x0000024e1017d7b4 sp=0x000000911c5fe960
Event: 4.410 Thread 0x0000024e64137100 DEOPT UNPACKING pc=0x0000024e0f9c6da2 sp=0x000000911c5fe920 mode 2
Event: 4.479 Thread 0x0000024e641356c0 DEOPT PACKING pc=0x0000024e08de0628 sp=0x000000911c4fe6f0
Event: 4.479 Thread 0x0000024e641356c0 DEOPT UNPACKING pc=0x0000024e0f9c78e2 sp=0x000000911c4fdb98 mode 0

Classes loaded (20 events):
Event: 3.959 Loading class java/nio/channels/NonWritableChannelException
Event: 3.959 Loading class java/nio/channels/NonWritableChannelException done
Event: 3.965 Loading class java/util/regex/Pattern$Pos
Event: 3.965 Loading class java/util/regex/Pattern$Pos done
Event: 3.979 Loading class sun/security/provider/MD5
Event: 3.979 Loading class sun/security/provider/MD5 done
Event: 3.980 Loading class sun/security/provider/ByteArrayAccess$LE
Event: 3.980 Loading class sun/security/provider/ByteArrayAccess$LE done
Event: 4.230 Loading class java/util/WeakHashMap$KeyIterator
Event: 4.230 Loading class java/util/WeakHashMap$KeyIterator done
Event: 4.286 Loading class java/io/DataOutputStream
Event: 4.286 Loading class java/io/DataOutputStream done
Event: 4.411 Loading class sun/nio/cs/ThreadLocalCoders
Event: 4.411 Loading class sun/nio/cs/ThreadLocalCoders done
Event: 4.411 Loading class sun/nio/cs/ThreadLocalCoders$1
Event: 4.411 Loading class sun/nio/cs/ThreadLocalCoders$Cache
Event: 4.411 Loading class sun/nio/cs/ThreadLocalCoders$Cache done
Event: 4.411 Loading class sun/nio/cs/ThreadLocalCoders$1 done
Event: 4.411 Loading class sun/nio/cs/ThreadLocalCoders$2
Event: 4.411 Loading class sun/nio/cs/ThreadLocalCoders$2 done

Classes unloaded (7 events):
Event: 2.129 Thread 0x0000024e052dfbf0 Unloading class 0x0000024e1d1aac00 'java/lang/invoke/LambdaForm$MH+0x0000024e1d1aac00'
Event: 2.129 Thread 0x0000024e052dfbf0 Unloading class 0x0000024e1d1aa800 'java/lang/invoke/LambdaForm$MH+0x0000024e1d1aa800'
Event: 2.129 Thread 0x0000024e052dfbf0 Unloading class 0x0000024e1d1aa400 'java/lang/invoke/LambdaForm$MH+0x0000024e1d1aa400'
Event: 2.129 Thread 0x0000024e052dfbf0 Unloading class 0x0000024e1d1aa000 'java/lang/invoke/LambdaForm$MH+0x0000024e1d1aa000'
Event: 2.129 Thread 0x0000024e052dfbf0 Unloading class 0x0000024e1d1a9c00 'java/lang/invoke/LambdaForm$BMH+0x0000024e1d1a9c00'
Event: 2.129 Thread 0x0000024e052dfbf0 Unloading class 0x0000024e1d1a9800 'java/lang/invoke/LambdaForm$DMH+0x0000024e1d1a9800'
Event: 2.129 Thread 0x0000024e052dfbf0 Unloading class 0x0000024e1d1a8400 'java/lang/invoke/LambdaForm$DMH+0x0000024e1d1a8400'

Classes redefined (0 events):
No events

Internal exceptions (20 events):
Event: 4.218 Thread 0x0000024e641356c0 Exception <a 'sun/nio/fs/WindowsException'{0x00000000d63d2568}> (0x00000000d63d2568) 
thrown [s\src\hotspot\share\prims\jni.cpp, line 520]
Event: 4.218 Thread 0x0000024e641356c0 Exception <a 'sun/nio/fs/WindowsException'{0x00000000d63d2ef0}> (0x00000000d63d2ef0) 
thrown [s\src\hotspot\share\prims\jni.cpp, line 520]
Event: 4.218 Thread 0x0000024e641356c0 Exception <a 'sun/nio/fs/WindowsException'{0x00000000d63d5388}> (0x00000000d63d5388) 
thrown [s\src\hotspot\share\prims\jni.cpp, line 520]
Event: 4.218 Thread 0x0000024e641356c0 Exception <a 'sun/nio/fs/WindowsException'{0x00000000d63d5d10}> (0x00000000d63d5d10) 
thrown [s\src\hotspot\share\prims\jni.cpp, line 520]
Event: 4.218 Thread 0x0000024e641356c0 Exception <a 'sun/nio/fs/WindowsException'{0x00000000d63d7310}> (0x00000000d63d7310) 
thrown [s\src\hotspot\share\prims\jni.cpp, line 520]
Event: 4.218 Thread 0x0000024e641356c0 Exception <a 'sun/nio/fs/WindowsException'{0x00000000d63d7c98}> (0x00000000d63d7c98) 
thrown [s\src\hotspot\share\prims\jni.cpp, line 520]
Event: 4.219 Thread 0x0000024e641356c0 Exception <a 'sun/nio/fs/WindowsException'{0x00000000d63dc170}> (0x00000000d63dc170) 
thrown [s\src\hotspot\share\prims\jni.cpp, line 520]
Event: 4.219 Thread 0x0000024e641356c0 Exception <a 'sun/nio/fs/WindowsException'{0x00000000d63dcaf8}> (0x00000000d63dcaf8) 
thrown [s\src\hotspot\share\prims\jni.cpp, line 520]
Event: 4.220 Thread 0x0000024e641356c0 Exception <a 'sun/nio/fs/WindowsException'{0x00000000d63de0f8}> (0x00000000d63de0f8) 
thrown [s\src\hotspot\share\prims\jni.cpp, line 520]
Event: 4.220 Thread 0x0000024e641356c0 Exception <a 'sun/nio/fs/WindowsException'{0x00000000d63dea80}> (0x00000000d63dea80) 
thrown [s\src\hotspot\share\prims\jni.cpp, line 520]
Event: 4.221 Thread 0x0000024e641356c0 Exception <a 'sun/nio/fs/WindowsException'{0x00000000d63e20b0}> (0x00000000d63e20b0) 
thrown [s\src\hotspot\share\prims\jni.cpp, line 520]
Event: 4.221 Thread 0x0000024e641356c0 Exception <a 'sun/nio/fs/WindowsException'{0x00000000d63e2a38}> (0x00000000d63e2a38) 
thrown [s\src\hotspot\share\prims\jni.cpp, line 520]
Event: 4.223 Thread 0x0000024e641356c0 Exception <a 'sun/nio/fs/WindowsException'{0x00000000d5643fd8}> (0x00000000d5643fd8) 
thrown [s\src\hotspot\share\prims\jni.cpp, line 520]
Event: 4.223 Thread 0x0000024e641356c0 Exception <a 'sun/nio/fs/WindowsException'{0x00000000d5644960}> (0x00000000d5644960) 
thrown [s\src\hotspot\share\prims\jni.cpp, line 520]
Event: 4.231 Thread 0x0000024e641356c0 Exception <a 'java/io/FileNotFoundException'{0x00000000d57b8730}> (0x00000000d57b8730) 
thrown [s\src\hotspot\share\prims\jni.cpp, line 520]
Event: 4.231 Thread 0x0000024e641356c0 Exception <a 'java/io/FileNotFoundException'{0x00000000d57b9730}> (0x00000000d57b9730) 
thrown [s\src\hotspot\share\prims\jni.cpp, line 520]
Event: 4.231 Thread 0x0000024e641356c0 Exception <a 'java/io/FileNotFoundException'{0x00000000d57ba488}> (0x00000000d57ba488) 
thrown [s\src\hotspot\share\prims\jni.cpp, line 520]
Event: 4.410 Thread 0x0000024e64137100 Implicit null exception at 0x0000024e1017c677 to 0x0000024e1017d798
Event: 4.637 Thread 0x0000024e64137100 Exception <a 'java/io/FileNotFoundException'{0x00000000d6559700}> (0x00000000d6559700) 
thrown [s\src\hotspot\share\prims\jni.cpp, line 520]
Event: 4.638 Thread 0x0000024e64137100 Exception <a 'java/io/FileNotFoundException'{0x00000000d655a448}> (0x00000000d655a448) 
thrown [s\src\hotspot\share\prims\jni.cpp, line 520]

ZGC Phase Switch (0 events):
No events

VM Operations (20 events):
Event: 3.879 Executing safepoint VM operation: ParallelGCFailedAllocation (Allocation Failure) done
Event: 3.894 Executing non-safepoint VM operation: HandshakeAllThreads (Deoptimize)
Event: 3.894 Executing non-safepoint VM operation: HandshakeAllThreads (Deoptimize) done
Event: 3.931 Executing safepoint VM operation: ParallelGCFailedAllocation (Allocation Failure)
Event: 3.934 Executing safepoint VM operation: ParallelGCFailedAllocation (Allocation Failure) done
Event: 3.985 Executing safepoint VM operation: ParallelGCFailedAllocation (Allocation Failure)
Event: 3.987 Executing safepoint VM operation: ParallelGCFailedAllocation (Allocation Failure) done
Event: 4.016 Executing safepoint VM operation: ParallelGCFailedAllocation (Allocation Failure)
Event: 4.018 Executing safepoint VM operation: ParallelGCFailedAllocation (Allocation Failure) done
Event: 4.046 Executing safepoint VM operation: ParallelGCFailedAllocation (Allocation Failure)
Event: 4.048 Executing safepoint VM operation: ParallelGCFailedAllocation (Allocation Failure) done
Event: 4.080 Executing safepoint VM operation: ParallelGCFailedAllocation (Allocation Failure)
Event: 4.082 Executing safepoint VM operation: ParallelGCFailedAllocation (Allocation Failure) done
Event: 4.111 Executing safepoint VM operation: ParallelGCFailedAllocation (Allocation Failure)
Event: 4.113 Executing safepoint VM operation: ParallelGCFailedAllocation (Allocation Failure) done
Event: 4.221 Executing safepoint VM operation: ParallelGCFailedAllocation (Allocation Failure)
Event: 4.223 Executing safepoint VM operation: ParallelGCFailedAllocation (Allocation Failure) done
Event: 4.401 Executing safepoint VM operation: ParallelGCFailedAllocation (Allocation Failure)
Event: 4.403 Executing safepoint VM operation: ParallelGCFailedAllocation (Allocation Failure) done
Event: 5.418 Executing safepoint VM operation: Cleanup

Memory protections (0 events):
No events

Nmethod flushes (20 events):
Event: 2.928 Thread 0x0000024e052dfbf0 flushing  nmethod 0x0000024e08af0c90
Event: 2.928 Thread 0x0000024e052dfbf0 flushing  nmethod 0x0000024e08af1590
Event: 2.928 Thread 0x0000024e052dfbf0 flushing  nmethod 0x0000024e08af2790
Event: 2.928 Thread 0x0000024e052dfbf0 flushing  nmethod 0x0000024e08af3410
Event: 2.928 Thread 0x0000024e052dfbf0 flushing  nmethod 0x0000024e08af3b90
Event: 2.928 Thread 0x0000024e052dfbf0 flushing  nmethod 0x0000024e08af5110
Event: 2.928 Thread 0x0000024e052dfbf0 flushing  nmethod 0x0000024e08af5610
Event: 2.928 Thread 0x0000024e052dfbf0 flushing  nmethod 0x0000024e08af5a90
Event: 2.928 Thread 0x0000024e052dfbf0 flushing  nmethod 0x0000024e08af7890
Event: 2.928 Thread 0x0000024e052dfbf0 flushing  nmethod 0x0000024e08af8210
Event: 2.928 Thread 0x0000024e052dfbf0 flushing  nmethod 0x0000024e08af8710
Event: 2.928 Thread 0x0000024e052dfbf0 flushing  nmethod 0x0000024e08b01710
Event: 2.928 Thread 0x0000024e052dfbf0 flushing  nmethod 0x0000024e08b04290
Event: 2.928 Thread 0x0000024e052dfbf0 flushing  nmethod 0x0000024e08b04c10
Event: 2.928 Thread 0x0000024e052dfbf0 flushing  nmethod 0x0000024e08b17790
Event: 2.928 Thread 0x0000024e052dfbf0 flushing  nmethod 0x0000024e08b20810
Event: 2.928 Thread 0x0000024e052dfbf0 flushing  nmethod 0x0000024e08b2c310
Event: 2.928 Thread 0x0000024e052dfbf0 flushing  nmethod 0x0000024e08b31910
Event: 2.928 Thread 0x0000024e052dfbf0 flushing  nmethod 0x0000024e08b33c10
Event: 2.928 Thread 0x0000024e052dfbf0 flushing  nmethod 0x0000024e08b3ab90

Events (20 events):
Event: 2.561 Thread 0x0000024e636d90e0 Thread added: 0x0000024e64138b40
Event: 2.688 Thread 0x0000024e64137100 Thread added: 0x0000024e64136a70
Event: 2.713 Thread 0x0000024e64136a70 Thread added: 0x0000024e64135d50
Event: 2.726 Thread 0x0000024e0523d390 Thread added: 0x0000024e64137790
Event: 2.726 Thread 0x0000024e0523d390 Thread added: 0x0000024e63a9ea70
Event: 2.726 Thread 0x0000024e0523d390 Thread added: 0x0000024e63a9e3e0
Event: 2.726 Thread 0x0000024e0523d390 Thread added: 0x0000024e63a9fe20
Event: 2.726 Thread 0x0000024e0523d390 Thread added: 0x0000024e63aa1860
Event: 2.727 Thread 0x0000024e0523d390 Thread added: 0x0000024e63a9f790
Event: 2.727 Thread 0x0000024e0523d390 Thread added: 0x0000024e63a9f100
Event: 2.728 Thread 0x0000024e0523d390 Thread added: 0x0000024e63aa1ef0
Event: 2.728 Thread 0x0000024e0523d390 Thread added: 0x0000024e63aa3930
Event: 2.728 Thread 0x0000024e0523d390 Thread added: 0x0000024e63aa2580
Event: 2.728 Thread 0x0000024e0523d390 Thread added: 0x0000024e63aa32a0
Event: 2.728 Thread 0x0000024e0523d390 Thread added: 0x0000024e63aa0b40
Event: 2.728 Thread 0x0000024e0523d390 Thread added: 0x0000024e63aa2c10
Event: 2.729 Thread 0x0000024e64135d50 Thread added: 0x0000024e63aa04b0
Event: 2.753 Thread 0x0000024e0523d390 Thread added: 0x0000024e63aa3fc0
Event: 2.957 Thread 0x0000024e0523d390 Thread added: 0x0000024e63aa11d0
Event: 2.957 Thread 0x0000024e0523d390 Thread added: 0x0000024e63aa4ce0


Dynamic libraries:
0x00007ff79fb80000 - 0x00007ff79fb8e000 	c:\Users\manth\.vscode\extensions\redhat.java-1.53.0-win32-x64\jre\21.0.10-win32-x86_64\bin\java.exe
0x00007ffb0d1e0000 - 0x00007ffb0d447000 	C:\WINDOWS\SYSTEM32\ntdll.dll
0x00007ffb0c3c0000 - 0x00007ffb0c489000 	C:\WINDOWS\System32\KERNEL32.DLL
0x00007ffb0aa00000 - 0x00007ffb0adf1000 	C:\WINDOWS\System32\KERNELBASE.dll
0x00007ffb0a360000 - 0x00007ffb0a4ab000 	C:\WINDOWS\System32\ucrtbase.dll
0x00007ffad6ab0000 - 0x00007ffad6ac8000 	c:\Users\manth\.vscode\extensions\redhat.java-1.53.0-win32-x64\jre\21.0.10-win32-x86_64\bin\jli.dll
0x00007ffad6a30000 - 0x00007ffad6a4e000 	c:\Users\manth\.vscode\extensions\redhat.java-1.53.0-win32-x64\jre\21.0.10-win32-x86_64\bin\VCRUNTIME140.dll
0x00007ffb0bb70000 - 0x00007ffb0bd35000 	C:\WINDOWS\System32\USER32.dll
0x00007ffaec270000 - 0x00007ffaec503000 	C:\WINDOWS\WinSxS\amd64_microsoft.windows.common-controls_6595b64144ccf1df_6.0.26100.7922_none_3e089e1ee3342171\COMCTL32.dll
0x00007ffb09ac0000 - 0x00007ffb09ae7000 	C:\WINDOWS\System32\win32u.dll
0x00007ffb0cfe0000 - 0x00007ffb0d089000 	C:\WINDOWS\System32\msvcrt.dll
0x00007ffb0b0a0000 - 0x00007ffb0b0cb000 	C:\WINDOWS\System32\GDI32.dll
0x00007ffb0a540000 - 0x00007ffb0a66a000 	C:\WINDOWS\System32\gdi32full.dll
0x00007ffb0a730000 - 0x00007ffb0a7d3000 	C:\WINDOWS\System32\msvcp_win.dll
0x00007ffb0cd60000 - 0x00007ffb0cd91000 	C:\WINDOWS\System32\IMM32.DLL
0x00007ffaff6c0000 - 0x00007ffaff6cc000 	c:\Users\manth\.vscode\extensions\redhat.java-1.53.0-win32-x64\jre\21.0.10-win32-x86_64\bin\vcruntime140_1.dll
0x00007ffaa6970000 - 0x00007ffaa69fd000 	c:\Users\manth\.vscode\extensions\redhat.java-1.53.0-win32-x64\jre\21.0.10-win32-x86_64\bin\msvcp140.dll
0x00007ffa24020000 - 0x00007ffa24dc1000 	c:\Users\manth\.vscode\extensions\redhat.java-1.53.0-win32-x64\jre\21.0.10-win32-x86_64\bin\server\jvm.dll
0x00007ffb0cda0000 - 0x00007ffb0ce5b000 	C:\WINDOWS\System32\ADVAPI32.dll
0x00007ffb0c930000 - 0x00007ffb0c9d7000 	C:\WINDOWS\System32\sechost.dll
0x00007ffb0af80000 - 0x00007ffb0b098000 	C:\WINDOWS\System32\RPCRT4.dll
0x00007ffb0b130000 - 0x00007ffb0b1a4000 	C:\WINDOWS\System32\WS2_32.dll
0x00007ffb086c0000 - 0x00007ffb0871e000 	C:\WINDOWS\SYSTEM32\POWRPROF.dll
0x00007ffaf8bb0000 - 0x00007ffaf8be5000 	C:\WINDOWS\SYSTEM32\WINMM.dll
0x00007ffafe0b0000 - 0x00007ffafe0bb000 	C:\WINDOWS\SYSTEM32\VERSION.dll
0x00007ffb086a0000 - 0x00007ffb086b4000 	C:\WINDOWS\SYSTEM32\UMPDC.dll
0x00007ffb08970000 - 0x00007ffb0898b000 	C:\WINDOWS\SYSTEM32\kernel.appcore.dll
0x00007ffad7310000 - 0x00007ffad731a000 	c:\Users\manth\.vscode\extensions\redhat.java-1.53.0-win32-x64\jre\21.0.10-win32-x86_64\bin\jimage.dll
0x00007ffb07b50000 - 0x00007ffb07d92000 	C:\WINDOWS\SYSTEM32\DBGHELP.DLL
0x00007ffb0c570000 - 0x00007ffb0c8f2000 	C:\WINDOWS\System32\combase.dll
0x00007ffb0c490000 - 0x00007ffb0c567000 	C:\WINDOWS\System32\OLEAUT32.dll
0x00007ffae8bf0000 - 0x00007ffae8c2b000 	C:\WINDOWS\SYSTEM32\dbgcore.DLL
0x00007ffb0a950000 - 0x00007ffb0a9f5000 	C:\WINDOWS\System32\bcryptPrimitives.dll
0x00007ffade140000 - 0x00007ffade14f000 	c:\Users\manth\.vscode\extensions\redhat.java-1.53.0-win32-x64\jre\21.0.10-win32-x86_64\bin\instrument.dll
0x00007ffad6550000 - 0x00007ffad6570000 	c:\Users\manth\.vscode\extensions\redhat.java-1.53.0-win32-x64\jre\21.0.10-win32-x86_64\bin\java.dll
0x00007ffb0b220000 - 0x00007ffb0b97f000 	C:\WINDOWS\System32\SHELL32.dll
0x00007ffb0a7e0000 - 0x00007ffb0a94a000 	C:\WINDOWS\System32\wintypes.dll
0x00007ffb09af0000 - 0x00007ffb0a354000 	C:\WINDOWS\System32\windows.storage.dll
0x00007ffb0c260000 - 0x00007ffb0c357000 	C:\WINDOWS\System32\SHCORE.dll
0x00007ffb0b1b0000 - 0x00007ffb0b217000 	C:\WINDOWS\System32\shlwapi.dll
0x00007ffb099e0000 - 0x00007ffb09a09000 	C:\WINDOWS\SYSTEM32\profapi.dll
0x00007ffad2910000 - 0x00007ffad2928000 	c:\Users\manth\.vscode\extensions\redhat.java-1.53.0-win32-x64\jre\21.0.10-win32-x86_64\bin\zip.dll
0x00007ffad7090000 - 0x00007ffad70a0000 	C:\Users\manth\.vscode\extensions\redhat.java-1.53.0-win32-x64\jre\21.0.10-win32-x86_64\bin\net.dll
0x00007ffb00de0000 - 0x00007ffb00f07000 	C:\WINDOWS\SYSTEM32\WINHTTP.dll
0x00007ffb08ee0000 - 0x00007ffb08f4b000 	C:\WINDOWS\system32\mswsock.dll
0x00007ffac7240000 - 0x00007ffac7256000 	C:\Users\manth\.vscode\extensions\redhat.java-1.53.0-win32-x64\jre\21.0.10-win32-x86_64\bin\nio.dll
0x00007ffade130000 - 0x00007ffade140000 	c:\Users\manth\.vscode\extensions\redhat.java-1.53.0-win32-x64\jre\21.0.10-win32-x86_64\bin\verify.dll
0x00007ffac49e0000 - 0x00007ffac4a25000 	C:\Users\manth\AppData\Roaming\Code\User\globalStorage\redhat.java\1.53.0\config_win\org.eclipse.equinox.launcher\org.eclipse.equinox.launcher.win32.win32.x86_64_1.3.0.v20260203-2149\eclipse_11919.dll
0x00007ffb0caa0000 - 0x00007ffb0cc35000 	C:\WINDOWS\System32\ole32.dll
0x00007ffb091c0000 - 0x00007ffb091db000 	C:\WINDOWS\SYSTEM32\CRYPTSP.dll
0x00007ffb088d0000 - 0x00007ffb08909000 	C:\WINDOWS\system32\rsaenh.dll
0x00007ffb08f90000 - 0x00007ffb08fc2000 	C:\WINDOWS\SYSTEM32\USERENV.dll
0x00007ffb099b0000 - 0x00007ffb099da000 	C:\WINDOWS\SYSTEM32\bcrypt.dll
0x00007ffb091e0000 - 0x00007ffb091ec000 	C:\WINDOWS\SYSTEM32\CRYPTBASE.dll
0x00007ffb08300000 - 0x00007ffb08333000 	C:\WINDOWS\SYSTEM32\IPHLPAPI.DLL
0x00007ffb0ccc0000 - 0x00007ffb0ccca000 	C:\WINDOWS\System32\NSI.dll
0x00007ffac41c0000 - 0x00007ffac4209000 	C:\Users\manth\AppData\Local\Temp\jna-103662926\jna16469423340118335212.dll
0x00007ffb0b120000 - 0x00007ffb0b128000 	C:\WINDOWS\System32\PSAPI.DLL
0x00007ffb00fb0000 - 0x00007ffb00fcd000 	C:\WINDOWS\SYSTEM32\dhcpcsvc6.DLL
0x00007ffb00f80000 - 0x00007ffb00fa3000 	C:\WINDOWS\SYSTEM32\dhcpcsvc.DLL

JVMTI agents:
c:\Users\manth\.vscode\extensions\redhat.java-1.53.0-win32-x64\lombok\lombok-1.18.39-4050.jar path:c:\Users\manth\.vscode\extensions\redhat.java-1.53.0-win32-x64\jre\21.0.10-win32-x86_64\bin\instrument.dll, loaded, initialized, instrumentlib options:none

dbghelp: loaded successfully - version: 4.0.5 - missing functions: none
symbol engine: initialized successfully - sym options: 0x614 - pdb path: .;c:\Users\manth\.vscode\extensions\redhat.java-1.53.0-win32-x64\jre\21.0.10-win32-x86_64\bin;C:\WINDOWS\SYSTEM32;C:\WINDOWS\WinSxS\amd64_microsoft.windows.common-controls_6595b64144ccf1df_6.0.26100.7922_none_3e089e1ee3342171;c:\Users\manth\.vscode\extensions\redhat.java-1.53.0-win32-x64\jre\21.0.10-win32-x86_64\bin\server;C:\Users\manth\AppData\Roaming\Code\User\globalStorage\redhat.java\1.53.0\config_win\org.eclipse.equinox.launcher\org.eclipse.equinox.launcher.win32.win32.x86_64_1.3.0.v20260203-2149;C:\Users\manth\AppData\Local\Temp\jna-103662926

VM Arguments:
jvm_args: --add-modules=ALL-SYSTEM --add-opens=java.base/java.util=ALL-UNNAMED --add-opens=java.base/java.lang=ALL-UNNAMED --add-opens=java.base/sun.nio.fs=ALL-UNNAMED -Declipse.application=org.eclipse.jdt.ls.core.id1 -Dosgi.bundles.defaultStartLevel=4 -Declipse.product=org.eclipse.jdt.ls.core.product -Djava.import.generatesMetadataFilesAtProjectRoot=false -DDetectVMInstallationsJob.disabled=true -Dfile.encoding=utf8 -XX:+UseParallelGC -XX:GCTimeRatio=4 -XX:AdaptiveSizePolicyWeight=90 -Dsun.zip.disableMemoryMapping=true -Xmx2G -Xms100m -Xlog:disable -javaagent:c:\Users\manth\.vscode\extensions\redhat.java-1.53.0-win32-x64\lombok\lombok-1.18.39-4050.jar -XX:+HeapDumpOnOutOfMemoryError -XX:HeapDumpPath=c:\Users\manth\AppData\Roaming\Code\User\workspaceStorage\de60d85e5002304a71605e9d6aed963e\redhat.java -Daether.dependencyCollector.impl=bf 
java_command: c:\Users\manth\.vscode\extensions\redhat.java-1.53.0-win32-x64\server\plugins\org.eclipse.equinox.launcher_1.7.100.v20251111-0406.jar -configuration c:\Users\manth\AppData\Roaming\Code\User\globalStorage\redhat.java\1.53.0\config_win -data c:\Users\manth\AppData\Roaming\Code\User\workspaceStorage\de60d85e5002304a71605e9d6aed963e\redhat.java\jdt_ws --pipe=\\.\pipe\lsp-5a8d73d4ff5c0814eb33406a10024211-sock
java_class_path (initial): c:\Users\manth\.vscode\extensions\redhat.java-1.53.0-win32-x64\server\plugins\org.eclipse.equinox.launcher_1.7.100.v20251111-0406.jar
Launcher Type: SUN_STANDARD

[Global flags]
    uintx AdaptiveSizePolicyWeight                 = 90                                        {product} {command line}
     intx CICompilerCount                          = 4                                         {product} {ergonomic}
    uintx GCTimeRatio                              = 4                                         {product} {command line}
     bool HeapDumpOnOutOfMemoryError               = true                                   {manageable} {command line}
    ccstr HeapDumpPath                             = c:\Users\manth\AppData\Roaming\Code\User\workspaceStorage\de60d85e5002304a71605e9d6aed963e\redhat.java         {manageable} {command line}
   size_t InitialHeapSize                          = 104857600                                 {product} {command line}
   size_t MaxHeapSize                              = 2147483648                                {product} {command line}
   size_t MaxNewSize                               = 715653120                                 {product} {ergonomic}
   size_t MinHeapDeltaBytes                        = 524288                                    {product} {ergonomic}
   size_t MinHeapSize                              = 104857600                                 {product} {command line}
   size_t NewSize                                  = 34603008                                  {product} {ergonomic}
    uintx NonNMethodCodeHeapSize                   = 5839372                                {pd product} {ergonomic}
    uintx NonProfiledCodeHeapSize                  = 122909434                              {pd product} {ergonomic}
   size_t OldSize                                  = 70254592                                  {product} {ergonomic}
    uintx ProfiledCodeHeapSize                     = 122909434                              {pd product} {ergonomic}
    uintx ReservedCodeCacheSize                    = 251658240                              {pd product} {ergonomic}
     bool SegmentedCodeCache                       = true                                      {product} {ergonomic}
   size_t SoftMaxHeapSize                          = 2147483648                             {manageable} {ergonomic}
     bool UseCompressedOops                        = true                           {product lp64_product} {ergonomic}
     bool UseLargePagesIndividualAllocation        = false                                  {pd product} {ergonomic}
     bool UseParallelGC                            = true                                      {product} {command line}

Logging:
Log output configuration:
 #0: stdout all=off uptime,level,tags foldmultilines=false
 #1: stderr all=off uptime,level,tags foldmultilines=false

Release file:
JAVA_VERSION="21.0.10" 
MODULES="java.base java.compiler java.datatransfer java.xml java.prefs java.desktop java.instrument java.logging java.management java.security.sasl java.naming java.rmi java.management.rmi java.net.http java.scripting java.security.jgss java.transaction.xa java.sql java.sql.rowset java.xml.crypto java.se java.smartcardio jdk.accessibility jdk.internal.jvmstat jdk.attach jdk.charsets jdk.internal.opt jdk.zipfs jdk.compiler jdk.crypto.ec jdk.crypto.cryptoki jdk.crypto.mscapi jdk.dynalink jdk.internal.ed jdk.editpad jdk.hotspot.agent jdk.httpserver jdk.internal.le jdk.internal.vm.ci jdk.internal.vm.compiler jdk.internal.vm.compiler.management jdk.jartool jdk.javadoc jdk.jcmd jdk.management jdk.management.agent jdk.jconsole jdk.jdeps jdk.jdwp.agent jdk.jdi jdk.jfr jdk.jshell jdk.jsobject jdk.jstatd jdk.localedata jdk.management.jfr jdk.naming.dns jdk.naming.rmi jdk.net jdk.nio.mapmode jdk.random jdk.sctp jdk.security.auth jdk.security.jgss jdk.unsupported jdk.unsupported.desktop jdk.xml.dom" 

Environment Variables:
JAVA_HOME=C:\Program Files\Microsoft\jdk-17.0.14.7-hotspot\
PATH=C:\Users\manth\AppData\Local\Programs\Microsoft VS Code;C:\Program Files\Microsoft\jdk-17.0.14.7-hotspot\bin;C:\Program Files\Common Files\Oracle\Java\javapath;C:\Program Files (x86)\Common Files\Oracle\Java\java8path;C:\Program Files (x86)\Common Files\Oracle\Java\javapath;C:\Users\manth\AppData\Local\Android\Sdk\platform-tools;C:\Windows;C:\Windows\System32\Wbem;C:\Windows\System32\WindowsPowerShell\v1.0\;C:\Windows\System32\OpenSSH\;C:\Program Files (x86)\NVIDIA Corporation\PhysX\Common;C:\Program Files\NVIDIA Corporation\NVIDIA NvDLISR;C:\WINDOWS\system32;C:\WINDOWS;C:\WINDOWS\System32\Wbem;C:\WINDOWS\System32\WindowsPowerShell\v1.0\;C:\WINDOWS\System32\OpenSSH\;C:\Program Files\dotnet\;C:\Program Files\nodejs\;C:\ProgramData\chocolatey\bin;C:\Program Files\Git\cmd;C:\Program Files\Java\jdk-17;C:\Users\manth\AppData\Local\Android\Sdk;C:\Users\manth\AppData\Local\Android\Sdk\emulator;C:\Users\manth\AppData\Local\Android\Sdk\tools;C:\Users\manth\AppData\Local\Android\Sdk\tools\bin;C:\Users\manth\AppData\Local\Android\Sdk\platform-tools;C:\Program Files\OpenSSL-Win64\bin;C:\Users\manth\AppData\Local\Microsoft\WindowsApps;C:\Users\manth\AppData\Local\Programs\Microsoft VS Code\bin;C:\Users\manth\AppData\Roaming\npm;C:\Users\manth\AppData\Local\Microsoft\WinGet\Packages\Schniz.fnm_Microsoft.Winget.Source_8wekyb3d8bbwe;C:\Users\manth\AppData\Local\GitHubDesktop\bin;C:\Program Files\OpenSSL-Win64\bin;C:\Users\manth\AppData\Local\JetBrains\Toolbox\scripts;
USERNAME=manth
OS=Windows_NT
PROCESSOR_IDENTIFIER=Intel64 Family 6 Model 141 Stepping 1, GenuineIntel
TMP=C:\Users\manth\AppData\Local\Temp
TEMP=C:\Users\manth\AppData\Local\Temp




Periodic native trim disabled

---------------  S Y S T E M  ---------------

OS:
 Windows 11 , 64 bit Build 26100 (10.0.26100.7920)
OS uptime: 1 days 19:56 hours
Hyper-V role detected

CPU: total 12 (initial active 12) (6 cores per cpu, 2 threads per core) family 6 model 141 stepping 1 microcode 0x34, cx8, cmov, fxsr, ht, mmx, 3dnowpref, sse, sse2, sse3, ssse3, sse4.1, sse4.2, popcnt, lzcnt, tsc, tscinvbit, avx, avx2, aes, erms, clmul, bmi1, bmi2, adx, avx512f, avx512dq, avx512cd, avx512bw, avx512vl, sha, fma, vzeroupper, avx512_vpopcntdq, avx512_vpclmulqdq, avx512_vaes, avx512_vnni, clflush, clflushopt, clwb, avx512_vbmi2, avx512_vbmi, hv, rdtscp, rdpid, fsrm, gfni, avx512_bitalg, f16c, cet_ibt, cet_ss, avx512_ifma
Processor Information for the first 12 processors :
  Max Mhz: 2688, Current Mhz: 2688, Mhz Limit: 2688

Memory: 4k page, system-wide physical 16106M (553M free)
TotalPageFile size 45539M (AvailPageFile size 19M)
current process WorkingSet (physical memory assigned to process): 233M, peak: 251M
current process commit charge ("private bytes"): 333M, peak: 355M

vm_info: OpenJDK 64-Bit Server VM (21.0.10+7-LTS) for windows-amd64 JRE (21.0.10+7-LTS), built on 2026-01-20T00:00:00Z by "admin" with MS VC++ 17.12 (VS2022)

END.
