#
# There is insufficient memory for the Java Runtime Environment to continue.
# Native memory allocation (malloc) failed to allocate 1794864 bytes. Error detail: Chunk::new
# Possible reasons:
#   The system is out of physical RAM or swap space
#   This process is running with CompressedOops enabled, and the Java Heap may be blocking the growth of the native heap
# Possible solutions:
#   Reduce memory load on the system
#   Increase physical memory or swap space
#   Check if swap backing store is full
#   Decrease Java heap size (-Xmx/-Xms)
#   Decrease number of Java threads
#   Decrease Java thread stack sizes (-Xss)
#   Set larger code cache with -XX:ReservedCodeCacheSize=
#   JVM is running with Unscaled Compressed Oops mode in which the Java heap is
#     placed in the first 4GB address space. The Java Heap base address is the
#     maximum limit for the native heap growth. Please use -XX:HeapBaseMinAddress
#     to set the Java Heap base and to place the Java Heap above 4GB virtual address.
# This output file may be truncated or incomplete.
#
#  Out of Memory Error (arena.cpp:168), pid=12644, tid=10748
#
# JRE version: OpenJDK Runtime Environment Temurin-21.0.10+7 (21.0.10+7) (build 21.0.10+7-LTS)
# Java VM: OpenJDK 64-Bit Server VM Temurin-21.0.10+7 (21.0.10+7-LTS, mixed mode, sharing, tiered, compressed oops, compressed class ptrs, parallel gc, windows-amd64)
# No core dump will be written. Minidumps are not enabled by default on client versions of Windows
#

---------------  S U M M A R Y ------------

Command Line: --add-modules=ALL-SYSTEM --add-opens=java.base/java.util=ALL-UNNAMED --add-opens=java.base/java.lang=ALL-UNNAMED --add-opens=java.base/sun.nio.fs=ALL-UNNAMED -Declipse.application=org.eclipse.jdt.ls.core.id1 -Dosgi.bundles.defaultStartLevel=4 -Declipse.product=org.eclipse.jdt.ls.core.product -Djava.import.generatesMetadataFilesAtProjectRoot=false -DDetectVMInstallationsJob.disabled=true -Dfile.encoding=utf8 -XX:+UseParallelGC -XX:GCTimeRatio=4 -XX:AdaptiveSizePolicyWeight=90 -Dsun.zip.disableMemoryMapping=true -Xmx2G -Xms100m -Xlog:disable -javaagent:c:\Users\manth\.vscode\extensions\redhat.java-1.53.0-win32-x64\lombok\lombok-1.18.39-4050.jar -XX:+HeapDumpOnOutOfMemoryError -XX:HeapDumpPath=c:\Users\manth\AppData\Roaming\Code\User\workspaceStorage\de60d85e5002304a71605e9d6aed963e\redhat.java -Daether.dependencyCollector.impl=bf c:\Users\manth\.vscode\extensions\redhat.java-1.53.0-win32-x64\server\plugins\org.eclipse.equinox.launcher_1.7.100.v20251111-0406.jar -configuration c:\Users\manth\AppData\Roaming\Code\User\globalStorage\redhat.java\1.53.0\config_win -data c:\Users\manth\AppData\Roaming\Code\User\workspaceStorage\de60d85e5002304a71605e9d6aed963e\redhat.java\jdt_ws --pipe=\\.\pipe\lsp-298f6716b664abcd048eeda732be1974-sock

Host: 11th Gen Intel(R) Core(TM) i5-11400H @ 2.70GHz, 12 cores, 15G,  Windows 11 , 64 bit Build 26100 (10.0.26100.7920)
Time: Sun Mar  8 13:22:02 2026 India Standard Time elapsed time: 6.843551 seconds (0d 0h 0m 6s)

---------------  T H R E A D  ---------------

Current thread (0x0000019bcf2f9f90):  JavaThread "C2 CompilerThread0" daemon [_thread_in_native, id=10748, stack(0x00000058e1e00000,0x00000058e1f00000) (1024K)]


Current CompileTask:
C2:6843 3025       4       org.eclipse.core.internal.dtree.DataTreeReader::readNode (248 bytes)

Stack: [0x00000058e1e00000,0x00000058e1f00000]
Native frames: (J=compiled Java code, j=interpreted, Vv=VM code, C=native code)
V  [jvm.dll+0x6d7a39]
V  [jvm.dll+0x8b4b26]
V  [jvm.dll+0x8b70de]
V  [jvm.dll+0x8b77c3]
V  [jvm.dll+0x284346]
V  [jvm.dll+0xc66ed]
V  [jvm.dll+0xc6c31]
V  [jvm.dll+0x3bec3b]
V  [jvm.dll+0x1e3f69]
V  [jvm.dll+0x24c6b3]
V  [jvm.dll+0x24bb40]
V  [jvm.dll+0x1cb34e]
V  [jvm.dll+0x25b85d]
V  [jvm.dll+0x259dea]
V  [jvm.dll+0x3f857e]
V  [jvm.dll+0x85f59d]
V  [jvm.dll+0x6d626d]
C  [ucrtbase.dll+0x37b0]
C  [KERNEL32.DLL+0x2e8d7]
C  [ntdll.dll+0x8c48c]


---------------  P R O C E S S  ---------------

Threads class SMR info:
_java_thread_list=0x0000019bed07e5f0, length=19, elements={
0x0000019bcce1abb0, 0x0000019bcf1ee600, 0x0000019bcf2e3390, 0x0000019bcf2e7310,
0x0000019bcf2e6c80, 0x0000019bcf2e86c0, 0x0000019bcf2e79a0, 0x0000019bcf2f9f90,
0x0000019bcf2faa30, 0x0000019bcf2ea100, 0x0000019bcf2e8030, 0x0000019bcf2e8d50,
0x0000019bcf2e9a70, 0x0000019bcf2e93e0, 0x0000019bec6c0fa0, 0x0000019bec6c4420,
0x0000019bec6c1630, 0x0000019bec6c4ab0, 0x0000019be71f8ea0
}

Java Threads: ( => current thread )
  0x0000019bcce1abb0 JavaThread "main"                              [_thread_blocked, id=20704, stack(0x00000058e1400000,0x00000058e1500000) (1024K)]
  0x0000019bcf1ee600 JavaThread "Reference Handler"          daemon [_thread_blocked, id=24076, stack(0x00000058e1800000,0x00000058e1900000) (1024K)]
  0x0000019bcf2e3390 JavaThread "Finalizer"                  daemon [_thread_blocked, id=19204, stack(0x00000058e1900000,0x00000058e1a00000) (1024K)]
  0x0000019bcf2e7310 JavaThread "Signal Dispatcher"          daemon [_thread_blocked, id=2240, stack(0x00000058e1a00000,0x00000058e1b00000) (1024K)]
  0x0000019bcf2e6c80 JavaThread "Attach Listener"            daemon [_thread_blocked, id=16648, stack(0x00000058e1b00000,0x00000058e1c00000) (1024K)]
  0x0000019bcf2e86c0 JavaThread "Service Thread"             daemon [_thread_blocked, id=3028, stack(0x00000058e1c00000,0x00000058e1d00000) (1024K)]
  0x0000019bcf2e79a0 JavaThread "Monitor Deflation Thread"   daemon [_thread_blocked, id=22788, stack(0x00000058e1d00000,0x00000058e1e00000) (1024K)]
=>0x0000019bcf2f9f90 JavaThread "C2 CompilerThread0"         daemon [_thread_in_native, id=10748, stack(0x00000058e1e00000,0x00000058e1f00000) (1024K)]
  0x0000019bcf2faa30 JavaThread "C1 CompilerThread0"         daemon [_thread_blocked, id=3616, stack(0x00000058e1f00000,0x00000058e2000000) (1024K)]
  0x0000019bcf2ea100 JavaThread "Common-Cleaner"             daemon [_thread_blocked, id=10868, stack(0x00000058e2000000,0x00000058e2100000) (1024K)]
  0x0000019bcf2e8030 JavaThread "Notification Thread"        daemon [_thread_blocked, id=17192, stack(0x00000058e2300000,0x00000058e2400000) (1024K)]
  0x0000019bcf2e8d50 JavaThread "Active Thread: Equinox Container: 8aef4570-b9ed-4274-b21d-594c8cd2b359"        [_thread_blocked, id=3952, stack(0x00000058e2a00000,0x00000058e2b00000) (1024K)]
  0x0000019bcf2e9a70 JavaThread "Refresh Thread: Equinox Container: 8aef4570-b9ed-4274-b21d-594c8cd2b359" daemon [_thread_blocked, id=28032, stack(0x00000058e2c00000,0x00000058e2d00000) (1024K)]
  0x0000019bcf2e93e0 JavaThread "Framework Event Dispatcher: Equinox Container: 8aef4570-b9ed-4274-b21d-594c8cd2b359" daemon [_thread_blocked, id=3992, stack(0x00000058e2d00000,0x00000058e2e00000) (1024K)]
  0x0000019bec6c0fa0 JavaThread "Start Level: Equinox Container: 8aef4570-b9ed-4274-b21d-594c8cd2b359" daemon [_thread_blocked, id=25136, stack(0x00000058e2e00000,0x00000058e2f00000) (1024K)]
  0x0000019bec6c4420 JavaThread "Bundle File Closer"         daemon [_thread_blocked, id=29188, stack(0x00000058e3100000,0x00000058e3200000) (1024K)]
  0x0000019bec6c1630 JavaThread "SCR Component Actor"        daemon [_thread_blocked, id=20820, stack(0x00000058e3200000,0x00000058e3300000) (1024K)]
  0x0000019bec6c4ab0 JavaThread "Worker-JM"                         [_thread_blocked, id=5656, stack(0x00000058e3300000,0x00000058e3400000) (1024K)]
  0x0000019be71f8ea0 JavaThread "C2 CompilerThread1"         daemon [_thread_blocked, id=28540, stack(0x00000058e2100000,0x00000058e2200000) (1024K)]
Total: 19

Other Threads:
  0x0000019bcf1d49a0 VMThread "VM Thread"                           [id=25204, stack(0x00000058e1700000,0x00000058e1800000) (1024K)] _threads_hazard_ptr=0x0000019bed07e5f0
  0x0000019bcf2b22f0 WatcherThread "VM Periodic Task Thread"        [id=28896, stack(0x00000058e1600000,0x00000058e1700000) (1024K)]
  0x0000019bcf262150 WorkerThread "GC Thread#0"                     [id=7540, stack(0x00000058e1500000,0x00000058e1600000) (1024K)]
  0x0000019bec84c310 WorkerThread "GC Thread#1"                     [id=15336, stack(0x00000058e2400000,0x00000058e2500000) (1024K)]
  0x0000019bec5bc420 WorkerThread "GC Thread#2"                     [id=24028, stack(0x00000058e2500000,0x00000058e2600000) (1024K)]
  0x0000019bec1e3040 WorkerThread "GC Thread#3"                     [id=9048, stack(0x00000058e2600000,0x00000058e2700000) (1024K)]
  0x0000019bec1e33f0 WorkerThread "GC Thread#4"                     [id=28988, stack(0x00000058e2700000,0x00000058e2800000) (1024K)]
  0x0000019bec6f9ae0 WorkerThread "GC Thread#5"                     [id=29628, stack(0x00000058e2800000,0x00000058e2900000) (1024K)]
  0x0000019bec75a070 WorkerThread "GC Thread#6"                     [id=28664, stack(0x00000058e2900000,0x00000058e2a00000) (1024K)]
  0x0000019bec7890f0 WorkerThread "GC Thread#7"                     [id=2260, stack(0x00000058e2b00000,0x00000058e2c00000) (1024K)]
  0x0000019bec8f9180 WorkerThread "GC Thread#8"                     [id=22664, stack(0x00000058e2f00000,0x00000058e3000000) (1024K)]
  0x0000019becc57010 WorkerThread "GC Thread#9"                     [id=6540, stack(0x00000058e3000000,0x00000058e3100000) (1024K)]
Total: 12

Threads with active compile tasks:
C2 CompilerThread0  6855 3025       4       org.eclipse.core.internal.dtree.DataTreeReader::readNode (248 bytes)
C1 CompilerThread0  6855 3212       3       sun.security.provider.SHA::implCompress (13 bytes)
Total: 2

VM state: not at safepoint (normal execution)

VM Mutex/Monitor currently owned by a thread: None

Heap address: 0x0000000080000000, size: 2048 MB, Compressed Oops mode: 32-bit

CDS archive(s) mapped at: [0x0000019b80000000-0x0000019b80ba0000-0x0000019b80ba0000), size 12189696, SharedBaseAddress: 0x0000019b80000000, ArchiveRelocationMode: 1.
Compressed class space mapped at: 0x0000019b81000000-0x0000019bc1000000, reserved size: 1073741824
Narrow klass base: 0x0000019b80000000, Narrow klass shift: 0, Narrow klass range: 0x100000000

GC Precious Log:
 CardTable entry size: 512
 CPUs: 12 total, 12 available
 Memory: 16106M
 Large Page Support: Disabled
 NUMA Support: Disabled
 Compressed Oops: Enabled (32-bit)
 Alignments: Space 512K, Generation 512K, Heap 2M
 Heap Min Capacity: 100M
 Heap Initial Capacity: 100M
 Heap Max Capacity: 2G
 Pre-touch: Disabled
 Parallel Workers: 10

Heap:
 PSYoungGen      total 29184K, used 19930K [0x00000000d5580000, 0x00000000d7a00000, 0x0000000100000000)
  eden space 25088K, 63% used [0x00000000d5580000,0x00000000d64fb270,0x00000000d6e00000)
  from space 4096K, 99% used [0x00000000d6e80000,0x00000000d727b860,0x00000000d7280000)
  to   space 6144K, 0% used [0x00000000d7400000,0x00000000d7400000,0x00000000d7a00000)
 ParOldGen       total 68608K, used 8522K [0x0000000080000000, 0x0000000084300000, 0x00000000d5580000)
  object space 68608K, 12% used [0x0000000080000000,0x00000000808529c8,0x0000000084300000)
 Metaspace       used 16443K, committed 17088K, reserved 1114112K
  class space    used 1700K, committed 1984K, reserved 1048576K

Card table byte_map: [0x0000019bcebe0000,0x0000019bceff0000] _byte_map_base: 0x0000019bce7e0000

Marking Bits: (ParMarkBitMap*) 0x00007ffa24ce3450
 Begin Bits: [0x0000019be16f0000, 0x0000019be36f0000)
 End Bits:   [0x0000019be36f0000, 0x0000019be56f0000)

Polling page: 0x0000019bcd090000

Metaspace:

Usage:
  Non-class:     14.40 MB used.
      Class:      1.66 MB used.
       Both:     16.06 MB used.

Virtual space:
  Non-class space:       64.00 MB reserved,      14.75 MB ( 23%) committed,  1 nodes.
      Class space:        1.00 GB reserved,       1.94 MB ( <1%) committed,  1 nodes.
             Both:        1.06 GB reserved,      16.69 MB (  2%) committed. 

Chunk freelists:
   Non-Class:  524.00 KB
       Class:  14.02 MB
        Both:  14.53 MB

MaxMetaspaceSize: unlimited
CompressedClassSpaceSize: 1.00 GB
Initial GC threshold: 21.00 MB
Current GC threshold: 21.00 MB
CDS: on
 - commit_granule_bytes: 65536.
 - commit_granule_words: 8192.
 - virtual_space_node_default_size: 8388608.
 - enlarge_chunks_in_place: 1.
 - use_allocation_guard: 0.


Internal statistics:

num_allocs_failed_limit: 0.
num_arena_births: 448.
num_arena_deaths: 0.
num_vsnodes_births: 2.
num_vsnodes_deaths: 0.
num_space_committed: 267.
num_space_uncommitted: 0.
num_chunks_returned_to_freelist: 0.
num_chunks_taken_from_freelist: 1028.
num_chunk_merges: 0.
num_chunk_splits: 653.
num_chunks_enlarged: 414.
num_inconsistent_stats: 0.

CodeHeap 'non-profiled nmethods': size=120000Kb used=1517Kb max_used=1517Kb free=118482Kb
 bounds [0x0000019bd9f10000, 0x0000019bda180000, 0x0000019be1440000]
CodeHeap 'profiled nmethods': size=120000Kb used=6388Kb max_used=6388Kb free=113611Kb
 bounds [0x0000019bd2440000, 0x0000019bd2a80000, 0x0000019bd9970000]
CodeHeap 'non-nmethods': size=5760Kb used=1285Kb max_used=1299Kb free=4474Kb
 bounds [0x0000019bd9970000, 0x0000019bd9be0000, 0x0000019bd9f10000]
CodeCache: size=245760Kb, used=9190Kb, max_used=9204Kb, free=236567Kb
 total_blobs=3761, nmethods=3210, adapters=457, full_count=0
Compilation: enabled, stopped_count=0, restarted_count=0

Compilation events (20 events):
Event: 5.800 Thread 0x0000019be71f8ea0 3188       4       jdk.internal.loader.ClassLoaders::platformClassLoader (4 bytes)
Event: 5.800 Thread 0x0000019be71f8ea0 nmethod 3188 0x0000019bda08a010 code [0x0000019bda08a1a0, 0x0000019bda08a210]
Event: 5.800 Thread 0x0000019bcf2faa30 nmethod 3201 0x0000019bd2a76f90 code [0x0000019bd2a77240, 0x0000019bd2a781c8]
Event: 5.804 Thread 0x0000019bcf2faa30 3202   !   3       java.lang.ref.ReferenceQueue::poll (40 bytes)
Event: 5.804 Thread 0x0000019bcf2faa30 nmethod 3202 0x0000019bd2a78710 code [0x0000019bd2a78980, 0x0000019bd2a793d0]
Event: 5.806 Thread 0x0000019bcf2faa30 3203       3       java.lang.invoke.LambdaForm$MH/0x0000019b81019c00::invoke (25 bytes)
Event: 5.806 Thread 0x0000019bcf2faa30 nmethod 3203 0x0000019bd2a79790 code [0x0000019bd2a79960, 0x0000019bd2a79ea0]
Event: 5.808 Thread 0x0000019be71f8ea0 3204       4       java.lang.ThreadLocal::get (8 bytes)
Event: 5.809 Thread 0x0000019bcf2faa30 3205       3       java.lang.String::toLowerCase (8 bytes)
Event: 5.809 Thread 0x0000019be71f8ea0 nmethod 3204 0x0000019bda08a310 code [0x0000019bda08a4c0, 0x0000019bda08a640]
Event: 5.809 Thread 0x0000019bcf2faa30 nmethod 3205 0x0000019bd2a7a010 code [0x0000019bd2a7a200, 0x0000019bd2a7a588]
Event: 5.818 Thread 0x0000019bcf2faa30 3208       3       java.lang.Integer::rotateLeft (9 bytes)
Event: 5.818 Thread 0x0000019bcf2faa30 nmethod 3208 0x0000019bd2a7a690 code [0x0000019bd2a7a820, 0x0000019bd2a7a920]
Event: 5.818 Thread 0x0000019be71f8ea0 3209       4       java.lang.Integer::rotateLeft (9 bytes)
Event: 5.818 Thread 0x0000019bcf2faa30 3210       3       java.security.MessageDigest$Delegate::engineUpdate (11 bytes)
Event: 5.818 Thread 0x0000019bcf2faa30 nmethod 3210 0x0000019bd2a7a990 code [0x0000019bd2a7ab40, 0x0000019bd2a7ad18]
Event: 5.818 Thread 0x0000019be71f8ea0 nmethod 3209 0x0000019bda08b010 code [0x0000019bda08b180, 0x0000019bda08b1f0]
Event: 5.819 Thread 0x0000019bcf2faa30 3211       3       sun.security.provider.SHA::implCompress0 (478 bytes)
Event: 5.819 Thread 0x0000019bcf2faa30 nmethod 3211 0x0000019bd2a7ae10 code [0x0000019bd2a7b080, 0x0000019bd2a7bd68]
Event: 5.819 Thread 0x0000019bcf2faa30 3212       3       sun.security.provider.SHA::implCompress (13 bytes)

GC Heap History (10 events):
Event: 0.428 GC heap before
{Heap before GC invocations=1 (full 0):
 PSYoungGen      total 29696K, used 25600K [0x00000000d5580000, 0x00000000d7680000, 0x0000000100000000)
  eden space 25600K, 100% used [0x00000000d5580000,0x00000000d6e80000,0x00000000d6e80000)
  from space 4096K, 0% used [0x00000000d7280000,0x00000000d7280000,0x00000000d7680000)
  to   space 4096K, 0% used [0x00000000d6e80000,0x00000000d6e80000,0x00000000d7280000)
 ParOldGen       total 68608K, used 0K [0x0000000080000000, 0x0000000084300000, 0x00000000d5580000)
  object space 68608K, 0% used [0x0000000080000000,0x0000000080000000,0x0000000084300000)
 Metaspace       used 4323K, committed 4608K, reserved 1114112K
  class space    used 473K, committed 576K, reserved 1048576K
}
Event: 0.432 GC heap after
{Heap after GC invocations=1 (full 0):
 PSYoungGen      total 29696K, used 3296K [0x00000000d5580000, 0x00000000d7680000, 0x0000000100000000)
  eden space 25600K, 0% used [0x00000000d5580000,0x00000000d5580000,0x00000000d6e80000)
  from space 4096K, 80% used [0x00000000d6e80000,0x00000000d71b8138,0x00000000d7280000)
  to   space 4096K, 0% used [0x00000000d7280000,0x00000000d7280000,0x00000000d7680000)
 ParOldGen       total 68608K, used 16K [0x0000000080000000, 0x0000000084300000, 0x00000000d5580000)
  object space 68608K, 0% used [0x0000000080000000,0x0000000080004000,0x0000000084300000)
 Metaspace       used 4323K, committed 4608K, reserved 1114112K
  class space    used 473K, committed 576K, reserved 1048576K
}
Event: 0.770 GC heap before
{Heap before GC invocations=2 (full 0):
 PSYoungGen      total 29696K, used 28896K [0x00000000d5580000, 0x00000000d7680000, 0x0000000100000000)
  eden space 25600K, 100% used [0x00000000d5580000,0x00000000d6e80000,0x00000000d6e80000)
  from space 4096K, 80% used [0x00000000d6e80000,0x00000000d71b8138,0x00000000d7280000)
  to   space 4096K, 0% used [0x00000000d7280000,0x00000000d7280000,0x00000000d7680000)
 ParOldGen       total 68608K, used 16K [0x0000000080000000, 0x0000000084300000, 0x00000000d5580000)
  object space 68608K, 0% used [0x0000000080000000,0x0000000080004000,0x0000000084300000)
 Metaspace       used 7968K, committed 8256K, reserved 1114112K
  class space    used 829K, committed 960K, reserved 1048576K
}
Event: 0.774 GC heap after
{Heap after GC invocations=2 (full 0):
 PSYoungGen      total 29696K, used 4086K [0x00000000d5580000, 0x00000000d7680000, 0x0000000100000000)
  eden space 25600K, 0% used [0x00000000d5580000,0x00000000d5580000,0x00000000d6e80000)
  from space 4096K, 99% used [0x00000000d7280000,0x00000000d767d810,0x00000000d7680000)
  to   space 4096K, 0% used [0x00000000d6e80000,0x00000000d6e80000,0x00000000d7280000)
 ParOldGen       total 68608K, used 2049K [0x0000000080000000, 0x0000000084300000, 0x00000000d5580000)
  object space 68608K, 2% used [0x0000000080000000,0x0000000080200638,0x0000000084300000)
 Metaspace       used 7968K, committed 8256K, reserved 1114112K
  class space    used 829K, committed 960K, reserved 1048576K
}
Event: 1.009 GC heap before
{Heap before GC invocations=3 (full 0):
 PSYoungGen      total 29696K, used 29482K [0x00000000d5580000, 0x00000000d7680000, 0x0000000100000000)
  eden space 25600K, 99% used [0x00000000d5580000,0x00000000d6e4d1d0,0x00000000d6e80000)
  from space 4096K, 99% used [0x00000000d7280000,0x00000000d767d810,0x00000000d7680000)
  to   space 4096K, 0% used [0x00000000d6e80000,0x00000000d6e80000,0x00000000d7280000)
 ParOldGen       total 68608K, used 2049K [0x0000000080000000, 0x0000000084300000, 0x00000000d5580000)
  object space 68608K, 2% used [0x0000000080000000,0x0000000080200638,0x0000000084300000)
 Metaspace       used 9407K, committed 9728K, reserved 1114112K
  class space    used 1004K, committed 1152K, reserved 1048576K
}
Event: 1.013 GC heap after
{Heap after GC invocations=3 (full 0):
 PSYoungGen      total 29696K, used 4069K [0x00000000d5580000, 0x00000000d7680000, 0x0000000100000000)
  eden space 25600K, 0% used [0x00000000d5580000,0x00000000d5580000,0x00000000d6e80000)
  from space 4096K, 99% used [0x00000000d6e80000,0x00000000d7279700,0x00000000d7280000)
  to   space 4096K, 0% used [0x00000000d7280000,0x00000000d7280000,0x00000000d7680000)
 ParOldGen       total 68608K, used 5150K [0x0000000080000000, 0x0000000084300000, 0x00000000d5580000)
  object space 68608K, 7% used [0x0000000080000000,0x00000000805078f0,0x0000000084300000)
 Metaspace       used 9407K, committed 9728K, reserved 1114112K
  class space    used 1004K, committed 1152K, reserved 1048576K
}
Event: 1.325 GC heap before
{Heap before GC invocations=4 (full 0):
 PSYoungGen      total 29696K, used 29669K [0x00000000d5580000, 0x00000000d7680000, 0x0000000100000000)
  eden space 25600K, 100% used [0x00000000d5580000,0x00000000d6e80000,0x00000000d6e80000)
  from space 4096K, 99% used [0x00000000d6e80000,0x00000000d7279700,0x00000000d7280000)
  to   space 4096K, 0% used [0x00000000d7280000,0x00000000d7280000,0x00000000d7680000)
 ParOldGen       total 68608K, used 5150K [0x0000000080000000, 0x0000000084300000, 0x00000000d5580000)
  object space 68608K, 7% used [0x0000000080000000,0x00000000805078f0,0x0000000084300000)
 Metaspace       used 11670K, committed 12032K, reserved 1114112K
  class space    used 1238K, committed 1408K, reserved 1048576K
}
Event: 1.328 GC heap after
{Heap after GC invocations=4 (full 0):
 PSYoungGen      total 29696K, used 4074K [0x00000000d5580000, 0x00000000d7680000, 0x0000000100000000)
  eden space 25600K, 0% used [0x00000000d5580000,0x00000000d5580000,0x00000000d6e80000)
  from space 4096K, 99% used [0x00000000d7280000,0x00000000d767a9a0,0x00000000d7680000)
  to   space 4096K, 0% used [0x00000000d6e80000,0x00000000d6e80000,0x00000000d7280000)
 ParOldGen       total 68608K, used 6738K [0x0000000080000000, 0x0000000084300000, 0x00000000d5580000)
  object space 68608K, 9% used [0x0000000080000000,0x00000000806949a8,0x0000000084300000)
 Metaspace       used 11670K, committed 12032K, reserved 1114112K
  class space    used 1238K, committed 1408K, reserved 1048576K
}
Event: 1.601 GC heap before
{Heap before GC invocations=5 (full 0):
 PSYoungGen      total 29696K, used 29674K [0x00000000d5580000, 0x00000000d7680000, 0x0000000100000000)
  eden space 25600K, 100% used [0x00000000d5580000,0x00000000d6e80000,0x00000000d6e80000)
  from space 4096K, 99% used [0x00000000d7280000,0x00000000d767a9a0,0x00000000d7680000)
  to   space 4096K, 0% used [0x00000000d6e80000,0x00000000d6e80000,0x00000000d7280000)
 ParOldGen       total 68608K, used 6738K [0x0000000080000000, 0x0000000084300000, 0x00000000d5580000)
  object space 68608K, 9% used [0x0000000080000000,0x00000000806949a8,0x0000000084300000)
 Metaspace       used 15447K, committed 16000K, reserved 1114112K
  class space    used 1608K, committed 1856K, reserved 1048576K
}
Event: 1.603 GC heap after
{Heap after GC invocations=5 (full 0):
 PSYoungGen      total 29184K, used 4078K [0x00000000d5580000, 0x00000000d7a00000, 0x0000000100000000)
  eden space 25088K, 0% used [0x00000000d5580000,0x00000000d5580000,0x00000000d6e00000)
  from space 4096K, 99% used [0x00000000d6e80000,0x00000000d727b860,0x00000000d7280000)
  to   space 6144K, 0% used [0x00000000d7400000,0x00000000d7400000,0x00000000d7a00000)
 ParOldGen       total 68608K, used 8522K [0x0000000080000000, 0x0000000084300000, 0x00000000d5580000)
  object space 68608K, 12% used [0x0000000080000000,0x00000000808529c8,0x0000000084300000)
 Metaspace       used 15447K, committed 16000K, reserved 1114112K
  class space    used 1608K, committed 1856K, reserved 1048576K
}

Dll operation events (9 events):
Event: 0.010 Loaded shared library c:\Users\manth\.vscode\extensions\redhat.java-1.53.0-win32-x64\jre\21.0.10-win32-x86_64\bin\java.dll
Event: 0.057 Loaded shared library c:\Users\manth\.vscode\extensions\redhat.java-1.53.0-win32-x64\jre\21.0.10-win32-x86_64\bin\zip.dll
Event: 0.070 Loaded shared library C:\Users\manth\.vscode\extensions\redhat.java-1.53.0-win32-x64\jre\21.0.10-win32-x86_64\bin\instrument.dll
Event: 0.072 Loaded shared library C:\Users\manth\.vscode\extensions\redhat.java-1.53.0-win32-x64\jre\21.0.10-win32-x86_64\bin\net.dll
Event: 0.074 Loaded shared library C:\Users\manth\.vscode\extensions\redhat.java-1.53.0-win32-x64\jre\21.0.10-win32-x86_64\bin\nio.dll
Event: 0.076 Loaded shared library C:\Users\manth\.vscode\extensions\redhat.java-1.53.0-win32-x64\jre\21.0.10-win32-x86_64\bin\zip.dll
Event: 0.087 Loaded shared library C:\Users\manth\.vscode\extensions\redhat.java-1.53.0-win32-x64\jre\21.0.10-win32-x86_64\bin\jimage.dll
Event: 0.131 Loaded shared library c:\Users\manth\.vscode\extensions\redhat.java-1.53.0-win32-x64\jre\21.0.10-win32-x86_64\bin\verify.dll
Event: 0.784 Loaded shared library C:\Users\manth\AppData\Roaming\Code\User\globalStorage\redhat.java\1.53.0\config_win\org.eclipse.equinox.launcher\org.eclipse.equinox.launcher.win32.win32.x86_64_1.3.0.v20260203-2149\eclipse_11919.dll

Deoptimization events (20 events):
Event: 5.779 Thread 0x0000019bec6c0fa0 Uncommon trap: trap_request=0xffffff45 fr.pc=0x0000019bda06cf3c relative=0x000000000000009c
Event: 5.779 Thread 0x0000019bec6c0fa0 Uncommon trap: reason=unstable_if action=reinterpret pc=0x0000019bda06cf3c method=org.eclipse.core.runtime.Path.<init>(Ljava/lang/String;[Ljava/lang/String;I)V @ 9 c2
Event: 5.779 Thread 0x0000019bec6c0fa0 DEOPT PACKING pc=0x0000019bda06cf3c sp=0x00000058e2ef9750
Event: 5.779 Thread 0x0000019bec6c0fa0 DEOPT UNPACKING pc=0x0000019bd99c6da2 sp=0x00000058e2ef96f8 mode 2
Event: 5.786 Thread 0x0000019bec6c0fa0 Uncommon trap: trap_request=0xffffff45 fr.pc=0x0000019bda06c7f4 relative=0x00000000000000d4
Event: 5.786 Thread 0x0000019bec6c0fa0 Uncommon trap: reason=unstable_if action=reinterpret pc=0x0000019bda06c7f4 method=org.eclipse.core.runtime.Path.equals(Ljava/lang/Object;)Z @ 61 c2
Event: 5.786 Thread 0x0000019bec6c0fa0 DEOPT PACKING pc=0x0000019bda06c7f4 sp=0x00000058e2ef96b0
Event: 5.786 Thread 0x0000019bec6c0fa0 DEOPT UNPACKING pc=0x0000019bd99c6da2 sp=0x00000058e2ef9628 mode 2
Event: 5.793 Thread 0x0000019bec6c0fa0 Uncommon trap: trap_request=0xffffff45 fr.pc=0x0000019bda081df4 relative=0x00000000000009b4
Event: 5.793 Thread 0x0000019bec6c0fa0 Uncommon trap: reason=unstable_if action=reinterpret pc=0x0000019bda081df4 method=java.io.BufferedInputStream.implRead([BII)I @ 103 c2
Event: 5.793 Thread 0x0000019bec6c0fa0 DEOPT PACKING pc=0x0000019bda081df4 sp=0x00000058e2ef9150
Event: 5.793 Thread 0x0000019bec6c0fa0 DEOPT UNPACKING pc=0x0000019bd99c6da2 sp=0x00000058e2ef9108 mode 2
Event: 5.795 Thread 0x0000019bec6c0fa0 Uncommon trap: trap_request=0xffffff45 fr.pc=0x0000019bda083940 relative=0x00000000000003e0
Event: 5.795 Thread 0x0000019bec6c0fa0 Uncommon trap: reason=unstable_if action=reinterpret pc=0x0000019bda083940 method=java.io.BufferedInputStream.read1([BII)I @ 34 c2
Event: 5.795 Thread 0x0000019bec6c0fa0 DEOPT PACKING pc=0x0000019bda083940 sp=0x00000058e2ef90b0
Event: 5.795 Thread 0x0000019bec6c0fa0 DEOPT UNPACKING pc=0x0000019bd99c6da2 sp=0x00000058e2ef9078 mode 2
Event: 5.810 Thread 0x0000019bec6c0fa0 Uncommon trap: trap_request=0xffffff45 fr.pc=0x0000019bd9f4a22c relative=0x000000000000068c
Event: 5.810 Thread 0x0000019bec6c0fa0 Uncommon trap: reason=unstable_if action=reinterpret pc=0x0000019bd9f4a22c method=java.lang.String.replace(Ljava/lang/CharSequence;Ljava/lang/CharSequence;)Ljava/lang/String; @ 42 c2
Event: 5.810 Thread 0x0000019bec6c0fa0 DEOPT PACKING pc=0x0000019bd9f4a22c sp=0x00000058e2ef7990
Event: 5.810 Thread 0x0000019bec6c0fa0 DEOPT UNPACKING pc=0x0000019bd99c6da2 sp=0x00000058e2ef7910 mode 2

Classes loaded (20 events):
Event: 5.812 Loading class sun/security/provider/HashDrbg
Event: 5.812 Loading class sun/security/provider/AbstractHashDrbg
Event: 5.812 Loading class sun/security/provider/AbstractDrbg
Event: 5.812 Loading class sun/security/provider/AbstractDrbg done
Event: 5.812 Loading class sun/security/provider/AbstractHashDrbg done
Event: 5.812 Loading class sun/security/provider/HashDrbg done
Event: 5.812 Loading class sun/security/provider/EntropySource
Event: 5.812 Loading class sun/security/provider/EntropySource done
Event: 5.813 Loading class java/security/DrbgParameters$NextBytes
Event: 5.813 Loading class java/security/DrbgParameters$NextBytes done
Event: 5.813 Loading class sun/security/provider/AbstractDrbg$SeederHolder
Event: 5.813 Loading class sun/security/provider/AbstractDrbg$SeederHolder done
Event: 5.813 Loading class sun/security/provider/SeedGenerator
Event: 5.813 Loading class sun/security/provider/SeedGenerator done
Event: 5.813 Loading class sun/security/provider/NativeSeedGenerator
Event: 5.813 Loading class sun/security/provider/NativeSeedGenerator done
Event: 5.817 Loading class sun/security/provider/SHA
Event: 5.817 Loading class sun/security/provider/SHA done
Event: 5.818 Loading class sun/security/provider/SeedGenerator$1
Event: 5.818 Loading class sun/security/provider/SeedGenerator$1 done

Classes unloaded (0 events):
No events

Classes redefined (0 events):
No events

Internal exceptions (20 events):
Event: 0.782 Thread 0x0000019bcce1abb0 Exception <a 'java/lang/UnsatisfiedLinkError'{0x00000000d55e5000}: 'void org.eclipse.equinox.launcher.JNIBridge._update_splash()'> (0x00000000d55e5000) 
thrown [s\src\hotspot\share\prims\nativeLookup.cpp, line 415]
Event: 0.799 Thread 0x0000019bcf2e9a70 Exception <a 'java/lang/NoSuchMethodError'{0x00000000d5867c40}: 'void java.lang.invoke.DirectMethodHandle$Holder.invokeInterface(java.lang.Object, java.lang.Object, java.lang.Object)'> (0x00000000d5867c40) 
thrown [s\src\hotspot\share\interpreter\linkResolver.cpp, line 773]
Event: 0.840 Thread 0x0000019bec6c0fa0 Exception <a 'java/lang/NoSuchMethodError'{0x00000000d5c4e5d0}: 'java.lang.Object java.lang.invoke.DirectMethodHandle$Holder.newInvokeSpecial(java.lang.Object, java.lang.Object, int, java.lang.Object)'> (0x00000000d5c4e5d0) 
thrown [s\src\hotspot\share\interpreter\linkResolver.cpp, line 773]
Event: 0.840 Thread 0x0000019bec6c0fa0 Exception <a 'java/lang/NoSuchMethodError'{0x00000000d5c52400}: 'java.lang.Object java.lang.invoke.DirectMethodHandle$Holder.invokeSpecial(java.lang.Object, java.lang.Object, java.lang.Object, int, java.lang.Object)'> (0x00000000d5c52400) 
thrown [s\src\hotspot\share\interpreter\linkResolver.cpp, line 773]
Event: 0.848 Thread 0x0000019bec6c0fa0 Exception <a 'java/lang/NoClassDefFoundError'{0x00000000d5cf8b98}: jakarta/servlet/ServletContainerInitializer> (0x00000000d5cf8b98) 
thrown [s\src\hotspot\share\classfile\systemDictionary.cpp, line 301]
Event: 0.862 Thread 0x0000019bec6c0fa0 Exception <a 'java/lang/ClassNotFoundException'{0x00000000d5e54538}: sun/util/logging/resources/spi/loggingProvider> (0x00000000d5e54538) 
thrown [s\src\hotspot\share\classfile\systemDictionary.cpp, line 312]
Event: 1.272 Thread 0x0000019bec6c0fa0 Exception <a 'java/lang/NullPointerException'{0x00000000d66acf38}> (0x00000000d66acf38) 
thrown [s\src\hotspot\share\interpreter\linkResolver.cpp, line 1372]
Event: 1.272 Thread 0x0000019bec6c0fa0 Exception <a 'java/lang/NullPointerException'{0x00000000d66ad218}> (0x00000000d66ad218) 
thrown [s\src\hotspot\share\interpreter\linkResolver.cpp, line 1372]
Event: 1.346 Thread 0x0000019bec6c0fa0 Exception <a 'java/lang/NoSuchMethodError'{0x00000000d574a140}: 'long java.lang.invoke.DirectMethodHandle$Holder.invokeSpecial(java.lang.Object, java.lang.Object)'> (0x00000000d574a140) 
thrown [s\src\hotspot\share\interpreter\linkResolver.cpp, line 773]
Event: 1.377 Thread 0x0000019bec6c0fa0 Exception <a 'java/io/FileNotFoundException'{0x00000000d59cd228}> (0x00000000d59cd228) 
thrown [s\src\hotspot\share\prims\jni.cpp, line 520]
Event: 1.452 Thread 0x0000019bec6c0fa0 Exception <a 'java/lang/NoSuchMethodError'{0x00000000d5ed9810}: 'java.lang.Object java.lang.invoke.Invokers$Holder.linkToTargetMethod(java.lang.Object, long, java.lang.Object)'> (0x00000000d5ed9810) 
thrown [s\src\hotspot\share\interpreter\linkResolver.cpp, line 773]
Event: 1.494 Thread 0x0000019bec6c0fa0 Exception <a 'java/lang/NoSuchMethodError'{0x00000000d641b780}: 'void java.lang.invoke.Invokers$Holder.invokeExact_MT(java.lang.Object, java.lang.Object, java.lang.Object)'> (0x00000000d641b780) 
thrown [s\src\hotspot\share\interpreter\linkResolver.cpp, line 773]
Event: 1.530 Thread 0x0000019bec6c0fa0 Exception <a 'java/lang/NoSuchMethodError'{0x00000000d671c570}: 'java.lang.Object java.lang.invoke.DirectMethodHandle$Holder.invokeVirtual(java.lang.Object, java.lang.Object, java.lang.Object)'> (0x00000000d671c570) 
thrown [s\src\hotspot\share\interpreter\linkResolver.cpp, line 773]
Event: 1.531 Thread 0x0000019bec6c0fa0 Exception <a 'java/lang/NoSuchMethodError'{0x00000000d6734908}: 'java.lang.Object java.lang.invoke.DelegatingMethodHandle$Holder.reinvoke_L(java.lang.Object, java.lang.Object, java.lang.Object, java.lang.Object, int, int)'> (0x00000000d6734908) 
thrown [s\src\hotspot\share\interpreter\linkResolver.cpp, line 773]
Event: 1.532 Thread 0x0000019bec6c0fa0 Exception <a 'java/lang/NoSuchMethodError'{0x00000000d6751888}: 'java.lang.Object java.lang.invoke.DirectMethodHandle$Holder.newInvokeSpecial(java.lang.Object, java.lang.Object, java.lang.Object, java.lang.Object, java.lang.Object, java.lang.Object)'> (0x00000000d6751888) 
thrown [s\src\hotspot\share\interpreter\linkResolver.cpp, line 773]
Event: 1.534 Thread 0x0000019bec6c0fa0 Exception <a 'java/lang/NoSuchMethodError'{0x00000000d677dc78}: 'void java.lang.invoke.Invokers$Holder.invokeExact_MT(java.lang.Object, java.lang.Object, java.lang.Object, java.lang.Object)'> (0x00000000d677dc78) 
thrown [s\src\hotspot\share\interpreter\linkResolver.cpp, line 773]
Event: 1.566 Thread 0x0000019bec6c0fa0 Exception <a 'java/io/FileNotFoundException'{0x00000000d6a5bc50}> (0x00000000d6a5bc50) 
thrown [s\src\hotspot\share\prims\jni.cpp, line 520]
Event: 1.566 Thread 0x0000019bec6c0fa0 Exception <a 'java/io/FileNotFoundException'{0x00000000d6a6f940}> (0x00000000d6a6f940) 
thrown [s\src\hotspot\share\prims\jni.cpp, line 520]
Event: 5.782 Thread 0x0000019bec6c0fa0 Exception <a 'java/lang/NoSuchMethodError'{0x00000000d61e97e0}: 'java.lang.Object java.lang.invoke.DirectMethodHandle$Holder.invokeStaticInit(java.lang.Object, int)'> (0x00000000d61e97e0) 
thrown [s\src\hotspot\share\interpreter\linkResolver.cpp, line 773]
Event: 5.812 Thread 0x0000019bec6c0fa0 Exception <a 'java/lang/NoSuchMethodError'{0x00000000d646ab50}: 'java.lang.Object java.lang.invoke.DirectMethodHandle$Holder.invokeStaticInit(java.lang.Object, int, int, int, int)'> (0x00000000d646ab50) 
thrown [s\src\hotspot\share\interpreter\linkResolver.cpp, line 773]

ZGC Phase Switch (0 events):
No events

VM Operations (20 events):
Event: 0.873 Executing non-safepoint VM operation: HandshakeAllThreads (Deoptimize) done
Event: 0.877 Executing non-safepoint VM operation: HandshakeAllThreads (Deoptimize)
Event: 0.877 Executing non-safepoint VM operation: HandshakeAllThreads (Deoptimize) done
Event: 1.008 Executing safepoint VM operation: ParallelGCFailedAllocation (Allocation Failure)
Event: 1.013 Executing safepoint VM operation: ParallelGCFailedAllocation (Allocation Failure) done
Event: 1.054 Executing non-safepoint VM operation: HandshakeAllThreads (Deoptimize)
Event: 1.054 Executing non-safepoint VM operation: HandshakeAllThreads (Deoptimize) done
Event: 1.311 Executing non-safepoint VM operation: HandshakeAllThreads (Deoptimize)
Event: 1.311 Executing non-safepoint VM operation: HandshakeAllThreads (Deoptimize) done
Event: 1.325 Executing safepoint VM operation: ParallelGCFailedAllocation (Allocation Failure)
Event: 1.328 Executing safepoint VM operation: ParallelGCFailedAllocation (Allocation Failure) done
Event: 1.574 Executing non-safepoint VM operation: HandshakeAllThreads (Deoptimize)
Event: 1.574 Executing non-safepoint VM operation: HandshakeAllThreads (Deoptimize) done
Event: 1.601 Executing safepoint VM operation: ParallelGCFailedAllocation (Allocation Failure)
Event: 1.603 Executing safepoint VM operation: ParallelGCFailedAllocation (Allocation Failure) done
Event: 2.616 Executing safepoint VM operation: Cleanup
Event: 2.616 Executing safepoint VM operation: Cleanup done
Event: 4.644 Executing safepoint VM operation: Cleanup
Event: 4.644 Executing safepoint VM operation: Cleanup done
Event: 6.655 Executing safepoint VM operation: Cleanup

Memory protections (0 events):
No events

Nmethod flushes (0 events):
No events

Events (20 events):
Event: 0.039 Thread 0x0000019bcce1abb0 Thread added: 0x0000019bcf2e7310
Event: 0.039 Thread 0x0000019bcce1abb0 Thread added: 0x0000019bcf2e6c80
Event: 0.039 Thread 0x0000019bcce1abb0 Thread added: 0x0000019bcf2e86c0
Event: 0.039 Thread 0x0000019bcce1abb0 Thread added: 0x0000019bcf2e79a0
Event: 0.040 Thread 0x0000019bcce1abb0 Thread added: 0x0000019bcf2f9f90
Event: 0.040 Thread 0x0000019bcce1abb0 Thread added: 0x0000019bcf2faa30
Event: 0.071 Thread 0x0000019bcce1abb0 Thread added: 0x0000019bcf2ea100
Event: 0.127 Thread 0x0000019bcf2faa30 Thread added: 0x0000019be71f8ea0
Event: 0.129 Thread 0x0000019bcf2faa30 Thread added: 0x0000019be7289990
Event: 0.182 Thread 0x0000019bcce1abb0 Thread added: 0x0000019bcf2e8030
Event: 0.663 Thread 0x0000019bcce1abb0 Thread added: 0x0000019bcf2e8d50
Event: 0.781 Thread 0x0000019bcce1abb0 Thread added: 0x0000019bcf2e9a70
Event: 0.801 Thread 0x0000019bcf2e9a70 Thread added: 0x0000019bcf2e93e0
Event: 0.802 Thread 0x0000019bcce1abb0 Thread added: 0x0000019bec6c0fa0
Event: 1.051 Thread 0x0000019bec6c0fa0 Thread added: 0x0000019bec6c4420
Event: 1.306 Thread 0x0000019bec6c0fa0 Thread added: 0x0000019bec6c1630
Event: 1.479 Thread 0x0000019bec6c0fa0 Thread added: 0x0000019bec6c4ab0
Event: 5.736 Thread 0x0000019be71f8ea0 Thread exited: 0x0000019be71f8ea0
Event: 5.736 Thread 0x0000019be7289990 Thread exited: 0x0000019be7289990
Event: 5.739 Thread 0x0000019bcf2faa30 Thread added: 0x0000019be71f8ea0


Dynamic libraries:
0x00007ff79fb80000 - 0x00007ff79fb8e000 	c:\Users\manth\.vscode\extensions\redhat.java-1.53.0-win32-x64\jre\21.0.10-win32-x86_64\bin\java.exe
0x00007ffb0d1e0000 - 0x00007ffb0d447000 	C:\WINDOWS\SYSTEM32\ntdll.dll
0x00007ffb0c3c0000 - 0x00007ffb0c489000 	C:\WINDOWS\System32\KERNEL32.DLL
0x00007ffb0aa00000 - 0x00007ffb0adf1000 	C:\WINDOWS\System32\KERNELBASE.dll
0x00007ffb0a360000 - 0x00007ffb0a4ab000 	C:\WINDOWS\System32\ucrtbase.dll
0x00007ffad6a30000 - 0x00007ffad6a4e000 	c:\Users\manth\.vscode\extensions\redhat.java-1.53.0-win32-x64\jre\21.0.10-win32-x86_64\bin\VCRUNTIME140.dll
0x00007ffad6ab0000 - 0x00007ffad6ac8000 	c:\Users\manth\.vscode\extensions\redhat.java-1.53.0-win32-x64\jre\21.0.10-win32-x86_64\bin\jli.dll
0x00007ffb0bb70000 - 0x00007ffb0bd35000 	C:\WINDOWS\System32\USER32.dll
0x00007ffaec270000 - 0x00007ffaec503000 	C:\WINDOWS\WinSxS\amd64_microsoft.windows.common-controls_6595b64144ccf1df_6.0.26100.7922_none_3e089e1ee3342171\COMCTL32.dll
0x00007ffb09ac0000 - 0x00007ffb09ae7000 	C:\WINDOWS\System32\win32u.dll
0x00007ffb0b0a0000 - 0x00007ffb0b0cb000 	C:\WINDOWS\System32\GDI32.dll
0x00007ffb0cfe0000 - 0x00007ffb0d089000 	C:\WINDOWS\System32\msvcrt.dll
0x00007ffb0a540000 - 0x00007ffb0a66a000 	C:\WINDOWS\System32\gdi32full.dll
0x00007ffb0a730000 - 0x00007ffb0a7d3000 	C:\WINDOWS\System32\msvcp_win.dll
0x00007ffb0cd60000 - 0x00007ffb0cd91000 	C:\WINDOWS\System32\IMM32.DLL
0x00007ffaff6c0000 - 0x00007ffaff6cc000 	c:\Users\manth\.vscode\extensions\redhat.java-1.53.0-win32-x64\jre\21.0.10-win32-x86_64\bin\vcruntime140_1.dll
0x00007ffaa6970000 - 0x00007ffaa69fd000 	c:\Users\manth\.vscode\extensions\redhat.java-1.53.0-win32-x64\jre\21.0.10-win32-x86_64\bin\msvcp140.dll
0x00007ffa24020000 - 0x00007ffa24dc1000 	c:\Users\manth\.vscode\extensions\redhat.java-1.53.0-win32-x64\jre\21.0.10-win32-x86_64\bin\server\jvm.dll
0x00007ffb0cda0000 - 0x00007ffb0ce5b000 	C:\WINDOWS\System32\ADVAPI32.dll
0x00007ffb0c930000 - 0x00007ffb0c9d7000 	C:\WINDOWS\System32\sechost.dll
0x00007ffb0af80000 - 0x00007ffb0b098000 	C:\WINDOWS\System32\RPCRT4.dll
0x00007ffb0b130000 - 0x00007ffb0b1a4000 	C:\WINDOWS\System32\WS2_32.dll
0x00007ffb086c0000 - 0x00007ffb0871e000 	C:\WINDOWS\SYSTEM32\POWRPROF.dll
0x00007ffaf8bb0000 - 0x00007ffaf8be5000 	C:\WINDOWS\SYSTEM32\WINMM.dll
0x00007ffafe0b0000 - 0x00007ffafe0bb000 	C:\WINDOWS\SYSTEM32\VERSION.dll
0x00007ffb086a0000 - 0x00007ffb086b4000 	C:\WINDOWS\SYSTEM32\UMPDC.dll
0x00007ffb08970000 - 0x00007ffb0898b000 	C:\WINDOWS\SYSTEM32\kernel.appcore.dll
0x00007ffad7310000 - 0x00007ffad731a000 	c:\Users\manth\.vscode\extensions\redhat.java-1.53.0-win32-x64\jre\21.0.10-win32-x86_64\bin\jimage.dll
0x00007ffb07b50000 - 0x00007ffb07d92000 	C:\WINDOWS\SYSTEM32\DBGHELP.DLL
0x00007ffb0c570000 - 0x00007ffb0c8f2000 	C:\WINDOWS\System32\combase.dll
0x00007ffb0c490000 - 0x00007ffb0c567000 	C:\WINDOWS\System32\OLEAUT32.dll
0x00007ffae8bf0000 - 0x00007ffae8c2b000 	C:\WINDOWS\SYSTEM32\dbgcore.DLL
0x00007ffb0a950000 - 0x00007ffb0a9f5000 	C:\WINDOWS\System32\bcryptPrimitives.dll
0x00007ffade140000 - 0x00007ffade14f000 	c:\Users\manth\.vscode\extensions\redhat.java-1.53.0-win32-x64\jre\21.0.10-win32-x86_64\bin\instrument.dll
0x00007ffad6550000 - 0x00007ffad6570000 	c:\Users\manth\.vscode\extensions\redhat.java-1.53.0-win32-x64\jre\21.0.10-win32-x86_64\bin\java.dll
0x00007ffb0b220000 - 0x00007ffb0b97f000 	C:\WINDOWS\System32\SHELL32.dll
0x00007ffb0a7e0000 - 0x00007ffb0a94a000 	C:\WINDOWS\System32\wintypes.dll
0x00007ffb09af0000 - 0x00007ffb0a354000 	C:\WINDOWS\System32\windows.storage.dll
0x00007ffb0c260000 - 0x00007ffb0c357000 	C:\WINDOWS\System32\SHCORE.dll
0x00007ffb0b1b0000 - 0x00007ffb0b217000 	C:\WINDOWS\System32\shlwapi.dll
0x00007ffb099e0000 - 0x00007ffb09a09000 	C:\WINDOWS\SYSTEM32\profapi.dll
0x00007ffad2910000 - 0x00007ffad2928000 	c:\Users\manth\.vscode\extensions\redhat.java-1.53.0-win32-x64\jre\21.0.10-win32-x86_64\bin\zip.dll
0x00007ffad7090000 - 0x00007ffad70a0000 	C:\Users\manth\.vscode\extensions\redhat.java-1.53.0-win32-x64\jre\21.0.10-win32-x86_64\bin\net.dll
0x00007ffb00de0000 - 0x00007ffb00f07000 	C:\WINDOWS\SYSTEM32\WINHTTP.dll
0x00007ffb08ee0000 - 0x00007ffb08f4b000 	C:\WINDOWS\system32\mswsock.dll
0x00007ffac7240000 - 0x00007ffac7256000 	C:\Users\manth\.vscode\extensions\redhat.java-1.53.0-win32-x64\jre\21.0.10-win32-x86_64\bin\nio.dll
0x00007ffade130000 - 0x00007ffade140000 	c:\Users\manth\.vscode\extensions\redhat.java-1.53.0-win32-x64\jre\21.0.10-win32-x86_64\bin\verify.dll
0x00007ffac49e0000 - 0x00007ffac4a25000 	C:\Users\manth\AppData\Roaming\Code\User\globalStorage\redhat.java\1.53.0\config_win\org.eclipse.equinox.launcher\org.eclipse.equinox.launcher.win32.win32.x86_64_1.3.0.v20260203-2149\eclipse_11919.dll
0x00007ffb0caa0000 - 0x00007ffb0cc35000 	C:\WINDOWS\System32\ole32.dll
0x00007ffb091c0000 - 0x00007ffb091db000 	C:\WINDOWS\SYSTEM32\CRYPTSP.dll
0x00007ffb088d0000 - 0x00007ffb08909000 	C:\WINDOWS\system32\rsaenh.dll
0x00007ffb08f90000 - 0x00007ffb08fc2000 	C:\WINDOWS\SYSTEM32\USERENV.dll
0x00007ffb099b0000 - 0x00007ffb099da000 	C:\WINDOWS\SYSTEM32\bcrypt.dll
0x00007ffb091e0000 - 0x00007ffb091ec000 	C:\WINDOWS\SYSTEM32\CRYPTBASE.dll

JVMTI agents:
c:\Users\manth\.vscode\extensions\redhat.java-1.53.0-win32-x64\lombok\lombok-1.18.39-4050.jar path:c:\Users\manth\.vscode\extensions\redhat.java-1.53.0-win32-x64\jre\21.0.10-win32-x86_64\bin\instrument.dll, loaded, initialized, instrumentlib options:none

dbghelp: loaded successfully - version: 4.0.5 - missing functions: none
symbol engine: initialized successfully - sym options: 0x614 - pdb path: .;c:\Users\manth\.vscode\extensions\redhat.java-1.53.0-win32-x64\jre\21.0.10-win32-x86_64\bin;C:\WINDOWS\SYSTEM32;C:\WINDOWS\WinSxS\amd64_microsoft.windows.common-controls_6595b64144ccf1df_6.0.26100.7922_none_3e089e1ee3342171;c:\Users\manth\.vscode\extensions\redhat.java-1.53.0-win32-x64\jre\21.0.10-win32-x86_64\bin\server;C:\Users\manth\AppData\Roaming\Code\User\globalStorage\redhat.java\1.53.0\config_win\org.eclipse.equinox.launcher\org.eclipse.equinox.launcher.win32.win32.x86_64_1.3.0.v20260203-2149

VM Arguments:
jvm_args: --add-modules=ALL-SYSTEM --add-opens=java.base/java.util=ALL-UNNAMED --add-opens=java.base/java.lang=ALL-UNNAMED --add-opens=java.base/sun.nio.fs=ALL-UNNAMED -Declipse.application=org.eclipse.jdt.ls.core.id1 -Dosgi.bundles.defaultStartLevel=4 -Declipse.product=org.eclipse.jdt.ls.core.product -Djava.import.generatesMetadataFilesAtProjectRoot=false -DDetectVMInstallationsJob.disabled=true -Dfile.encoding=utf8 -XX:+UseParallelGC -XX:GCTimeRatio=4 -XX:AdaptiveSizePolicyWeight=90 -Dsun.zip.disableMemoryMapping=true -Xmx2G -Xms100m -Xlog:disable -javaagent:c:\Users\manth\.vscode\extensions\redhat.java-1.53.0-win32-x64\lombok\lombok-1.18.39-4050.jar -XX:+HeapDumpOnOutOfMemoryError -XX:HeapDumpPath=c:\Users\manth\AppData\Roaming\Code\User\workspaceStorage\de60d85e5002304a71605e9d6aed963e\redhat.java -Daether.dependencyCollector.impl=bf 
java_command: c:\Users\manth\.vscode\extensions\redhat.java-1.53.0-win32-x64\server\plugins\org.eclipse.equinox.launcher_1.7.100.v20251111-0406.jar -configuration c:\Users\manth\AppData\Roaming\Code\User\globalStorage\redhat.java\1.53.0\config_win -data c:\Users\manth\AppData\Roaming\Code\User\workspaceStorage\de60d85e5002304a71605e9d6aed963e\redhat.java\jdt_ws --pipe=\\.\pipe\lsp-298f6716b664abcd048eeda732be1974-sock
java_class_path (initial): c:\Users\manth\.vscode\extensions\redhat.java-1.53.0-win32-x64\server\plugins\org.eclipse.equinox.launcher_1.7.100.v20251111-0406.jar
Launcher Type: SUN_STANDARD

[Global flags]
    uintx AdaptiveSizePolicyWeight                 = 90                                        {product} {command line}
     intx CICompilerCount                          = 4                                         {product} {ergonomic}
    uintx GCTimeRatio                              = 4                                         {product} {command line}
     bool HeapDumpOnOutOfMemoryError               = true                                   {manageable} {command line}
    ccstr HeapDumpPath                             = c:\Users\manth\AppData\Roaming\Code\User\workspaceStorage\de60d85e5002304a71605e9d6aed963e\redhat.java         {manageable} {command line}
   size_t InitialHeapSize                          = 104857600                                 {product} {command line}
   size_t MaxHeapSize                              = 2147483648                                {product} {command line}
   size_t MaxNewSize                               = 715653120                                 {product} {ergonomic}
   size_t MinHeapDeltaBytes                        = 524288                                    {product} {ergonomic}
   size_t MinHeapSize                              = 104857600                                 {product} {command line}
   size_t NewSize                                  = 34603008                                  {product} {ergonomic}
    uintx NonNMethodCodeHeapSize                   = 5839372                                {pd product} {ergonomic}
    uintx NonProfiledCodeHeapSize                  = 122909434                              {pd product} {ergonomic}
   size_t OldSize                                  = 70254592                                  {product} {ergonomic}
    uintx ProfiledCodeHeapSize                     = 122909434                              {pd product} {ergonomic}
    uintx ReservedCodeCacheSize                    = 251658240                              {pd product} {ergonomic}
     bool SegmentedCodeCache                       = true                                      {product} {ergonomic}
   size_t SoftMaxHeapSize                          = 2147483648                             {manageable} {ergonomic}
     bool UseCompressedOops                        = true                           {product lp64_product} {ergonomic}
     bool UseLargePagesIndividualAllocation        = false                                  {pd product} {ergonomic}
     bool UseParallelGC                            = true                                      {product} {command line}

Logging:
Log output configuration:
 #0: stdout all=off uptime,level,tags foldmultilines=false
 #1: stderr all=off uptime,level,tags foldmultilines=false

Release file:
JAVA_VERSION="21.0.10" 
MODULES="java.base java.compiler java.datatransfer java.xml java.prefs java.desktop java.instrument java.logging java.management java.security.sasl java.naming java.rmi java.management.rmi java.net.http java.scripting java.security.jgss java.transaction.xa java.sql java.sql.rowset java.xml.crypto java.se java.smartcardio jdk.accessibility jdk.internal.jvmstat jdk.attach jdk.charsets jdk.internal.opt jdk.zipfs jdk.compiler jdk.crypto.ec jdk.crypto.cryptoki jdk.crypto.mscapi jdk.dynalink jdk.internal.ed jdk.editpad jdk.hotspot.agent jdk.httpserver jdk.internal.le jdk.internal.vm.ci jdk.internal.vm.compiler jdk.internal.vm.compiler.management jdk.jartool jdk.javadoc jdk.jcmd jdk.management jdk.management.agent jdk.jconsole jdk.jdeps jdk.jdwp.agent jdk.jdi jdk.jfr jdk.jshell jdk.jsobject jdk.jstatd jdk.localedata jdk.management.jfr jdk.naming.dns jdk.naming.rmi jdk.net jdk.nio.mapmode jdk.random jdk.sctp jdk.security.auth jdk.security.jgss jdk.unsupported jdk.unsupported.desktop jdk.xml.dom" 

Environment Variables:
JAVA_HOME=C:\Program Files\Microsoft\jdk-17.0.14.7-hotspot\
PATH=C:\Users\manth\AppData\Local\Programs\Microsoft VS Code;C:\Program Files\Microsoft\jdk-17.0.14.7-hotspot\bin;C:\Program Files\Common Files\Oracle\Java\javapath;C:\Program Files (x86)\Common Files\Oracle\Java\java8path;C:\Program Files (x86)\Common Files\Oracle\Java\javapath;C:\Users\manth\AppData\Local\Android\Sdk\platform-tools;C:\Windows;C:\Windows\System32\Wbem;C:\Windows\System32\WindowsPowerShell\v1.0\;C:\Windows\System32\OpenSSH\;C:\Program Files (x86)\NVIDIA Corporation\PhysX\Common;C:\Program Files\NVIDIA Corporation\NVIDIA NvDLISR;C:\WINDOWS\system32;C:\WINDOWS;C:\WINDOWS\System32\Wbem;C:\WINDOWS\System32\WindowsPowerShell\v1.0\;C:\WINDOWS\System32\OpenSSH\;C:\Program Files\dotnet\;C:\Program Files\nodejs\;C:\ProgramData\chocolatey\bin;C:\Program Files\Git\cmd;C:\Program Files\Java\jdk-17;C:\Users\manth\AppData\Local\Android\Sdk;C:\Users\manth\AppData\Local\Android\Sdk\emulator;C:\Users\manth\AppData\Local\Android\Sdk\tools;C:\Users\manth\AppData\Local\Android\Sdk\tools\bin;C:\Users\manth\AppData\Local\Android\Sdk\platform-tools;C:\Program Files\OpenSSL-Win64\bin;C:\Users\manth\AppData\Local\Microsoft\WindowsApps;C:\Users\manth\AppData\Local\Programs\Microsoft VS Code\bin;C:\Users\manth\AppData\Roaming\npm;C:\Users\manth\AppData\Local\Microsoft\WinGet\Packages\Schniz.fnm_Microsoft.Winget.Source_8wekyb3d8bbwe;C:\Users\manth\AppData\Local\GitHubDesktop\bin;C:\Program Files\OpenSSL-Win64\bin;C:\Users\manth\AppData\Local\JetBrains\Toolbox\scripts;
USERNAME=manth
OS=Windows_NT
PROCESSOR_IDENTIFIER=Intel64 Family 6 Model 141 Stepping 1, GenuineIntel
TMP=C:\Users\manth\AppData\Local\Temp
TEMP=C:\Users\manth\AppData\Local\Temp




Periodic native trim disabled

---------------  S Y S T E M  ---------------

OS:
 Windows 11 , 64 bit Build 26100 (10.0.26100.7920)
OS uptime: 1 days 19:56 hours
Hyper-V role detected

CPU: total 12 (initial active 12) (6 cores per cpu, 2 threads per core) family 6 model 141 stepping 1 microcode 0x34, cx8, cmov, fxsr, ht, mmx, 3dnowpref, sse, sse2, sse3, ssse3, sse4.1, sse4.2, popcnt, lzcnt, tsc, tscinvbit, avx, avx2, aes, erms, clmul, bmi1, bmi2, adx, avx512f, avx512dq, avx512cd, avx512bw, avx512vl, sha, fma, vzeroupper, avx512_vpopcntdq, avx512_vpclmulqdq, avx512_vaes, avx512_vnni, clflush, clflushopt, clwb, avx512_vbmi2, avx512_vbmi, hv, rdtscp, rdpid, fsrm, gfni, avx512_bitalg, f16c, cet_ibt, cet_ss, avx512_ifma
Processor Information for the first 12 processors :
  Max Mhz: 2688, Current Mhz: 2688, Mhz Limit: 2688

Memory: 4k page, system-wide physical 16106M (581M free)
TotalPageFile size 45539M (AvailPageFile size 0M)
current process WorkingSet (physical memory assigned to process): 140M, peak: 142M
current process commit charge ("private bytes"): 286M, peak: 288M

vm_info: OpenJDK 64-Bit Server VM (21.0.10+7-LTS) for windows-amd64 JRE (21.0.10+7-LTS), built on 2026-01-20T00:00:00Z by "admin" with MS VC++ 17.12 (VS2022)

END.
