#
# There is insufficient memory for the Java Runtime Environment to continue.
# Native memory allocation (malloc) failed to allocate 1924224 bytes. Error detail: Chunk::new
# Possible reasons:
#   The system is out of physical RAM or swap space
#   This process is running with CompressedOops enabled, and the Java Heap may be blocking the growth of the native heap
# Possible solutions:
#   Reduce memory load on the system
#   Increase physical memory or swap space
#   Check if swap backing store is full
#   Decrease Java heap size (-Xmx/-Xms)
#   Decrease number of Java threads
#   Decrease Java thread stack sizes (-Xss)
#   Set larger code cache with -XX:ReservedCodeCacheSize=
#   JVM is running with Unscaled Compressed Oops mode in which the Java heap is
#     placed in the first 4GB address space. The Java Heap base address is the
#     maximum limit for the native heap growth. Please use -XX:HeapBaseMinAddress
#     to set the Java Heap base and to place the Java Heap above 4GB virtual address.
# This output file may be truncated or incomplete.
#
#  Out of Memory Error (arena.cpp:168), pid=20992, tid=17204
#
# JRE version: OpenJDK Runtime Environment Temurin-21.0.10+7 (21.0.10+7) (build 21.0.10+7-LTS)
# Java VM: OpenJDK 64-Bit Server VM Temurin-21.0.10+7 (21.0.10+7-LTS, mixed mode, sharing, tiered, compressed oops, compressed class ptrs, parallel gc, windows-amd64)
# No core dump will be written. Minidumps are not enabled by default on client versions of Windows
#

---------------  S U M M A R Y ------------

Command Line: --add-modules=ALL-SYSTEM --add-opens=java.base/java.util=ALL-UNNAMED --add-opens=java.base/java.lang=ALL-UNNAMED --add-opens=java.base/sun.nio.fs=ALL-UNNAMED -Declipse.application=org.eclipse.jdt.ls.core.id1 -Dosgi.bundles.defaultStartLevel=4 -Declipse.product=org.eclipse.jdt.ls.core.product -Djava.import.generatesMetadataFilesAtProjectRoot=false -DDetectVMInstallationsJob.disabled=true -Dfile.encoding=utf8 -XX:+UseParallelGC -XX:GCTimeRatio=4 -XX:AdaptiveSizePolicyWeight=90 -Dsun.zip.disableMemoryMapping=true -Xmx2G -Xms100m -Xlog:disable -javaagent:c:\Users\manth\.vscode\extensions\redhat.java-1.53.0-win32-x64\lombok\lombok-1.18.39-4050.jar -XX:+HeapDumpOnOutOfMemoryError -XX:HeapDumpPath=c:\Users\manth\AppData\Roaming\Code\User\workspaceStorage\de60d85e5002304a71605e9d6aed963e\redhat.java -Daether.dependencyCollector.impl=bf c:\Users\manth\.vscode\extensions\redhat.java-1.53.0-win32-x64\server\plugins\org.eclipse.equinox.launcher_1.7.100.v20251111-0406.jar -configuration c:\Users\manth\AppData\Roaming\Code\User\globalStorage\redhat.java\1.53.0\config_win -data c:\Users\manth\AppData\Roaming\Code\User\workspaceStorage\de60d85e5002304a71605e9d6aed963e\redhat.java\jdt_ws --pipe=\\.\pipe\lsp-d2b25383454f3dd87cc68b721b85e585-sock

Host: 11th Gen Intel(R) Core(TM) i5-11400H @ 2.70GHz, 12 cores, 15G,  Windows 11 , 64 bit Build 26100 (10.0.26100.8115)
Time: Fri Apr 10 16:11:57 2026 India Standard Time elapsed time: 5.619448 seconds (0d 0h 0m 5s)

---------------  T H R E A D  ---------------

Current thread (0x000001fc060ae920):  JavaThread "C2 CompilerThread1" daemon [_thread_in_native, id=17204, stack(0x000000528c400000,0x000000528c500000) (1024K)]


Current CompileTask:
C2:5619 4950       4       org.eclipse.core.internal.watson.ElementTreeIterator::doIteration (114 bytes)

Stack: [0x000000528c400000,0x000000528c500000]
Native frames: (J=compiled Java code, j=interpreted, Vv=VM code, C=native code)
V  [jvm.dll+0x6d7a39]
V  [jvm.dll+0x8b4b26]
V  [jvm.dll+0x8b70de]
V  [jvm.dll+0x8b77c3]
V  [jvm.dll+0x284346]
V  [jvm.dll+0xc66ed]
V  [jvm.dll+0xc6c31]
V  [jvm.dll+0x3bec3b]
V  [jvm.dll+0x1e3f69]
V  [jvm.dll+0x24c6b3]
V  [jvm.dll+0x24bb40]
V  [jvm.dll+0x1cb34e]
V  [jvm.dll+0x25b85d]
V  [jvm.dll+0x259dea]
V  [jvm.dll+0x3f857e]
V  [jvm.dll+0x85f59d]
V  [jvm.dll+0x6d626d]
C  [ucrtbase.dll+0x37b0]
C  [KERNEL32.DLL+0x2e8d7]
C  [ntdll.dll+0x8c3fc]


---------------  P R O C E S S  ---------------

Threads class SMR info:
_java_thread_list=0x000001fc0dc77db0, length=45, elements={
0x000001fbaac45ef0, 0x000001fbad07dbe0, 0x000001fbc3a5f010, 0x000001fbc3a658d0,
0x000001fbc3a665b0, 0x000001fbc3a6c590, 0x000001fc05df6ce0, 0x000001fc05e09840,
0x000001fc05e0c310, 0x000001fc05fff060, 0x000001fc060ae920, 0x000001fc06151e60,
0x000001fc0b3165a0, 0x000001fc0b86a270, 0x000001fc060b6120, 0x000001fc0b8c3f70,
0x000001fc0bf5a3e0, 0x000001fc0ba8c4c0, 0x000001fc0ba16240, 0x000001fc0c24bde0,
0x000001fc0c5060b0, 0x000001fc0c507460, 0x000001fc0c508180, 0x000001fc0c504d00,
0x000001fc0c505390, 0x000001fc0c506740, 0x000001fc0cf86410, 0x000001fc0cf86aa0,
0x000001fc0cf877c0, 0x000001fc0cf87130, 0x000001fc0cf87e50, 0x000001fc0cf849d0,
0x000001fc0cf85d80, 0x000001fc0cf884e0, 0x000001fc0cf85060, 0x000001fc0cf88b70,
0x000001fc0cf856f0, 0x000001fc0cf8b960, 0x000001fc0cf89f20, 0x000001fc0cf89890,
0x000001fc0cf8ac40, 0x000001fc0cf89200, 0x000001fc0cf8bff0, 0x000001fc0cf8b2d0,
0x000001fc0c8933a0
}

Java Threads: ( => current thread )
  0x000001fbaac45ef0 JavaThread "main"                              [_thread_blocked, id=2752, stack(0x000000528b700000,0x000000528b800000) (1024K)]
  0x000001fbad07dbe0 JavaThread "Reference Handler"          daemon [_thread_blocked, id=14540, stack(0x000000528bb00000,0x000000528bc00000) (1024K)]
  0x000001fbc3a5f010 JavaThread "Finalizer"                  daemon [_thread_blocked, id=14964, stack(0x000000528bc00000,0x000000528bd00000) (1024K)]
  0x000001fbc3a658d0 JavaThread "Signal Dispatcher"          daemon [_thread_blocked, id=13268, stack(0x000000528bd00000,0x000000528be00000) (1024K)]
  0x000001fbc3a665b0 JavaThread "Attach Listener"            daemon [_thread_blocked, id=15016, stack(0x000000528be00000,0x000000528bf00000) (1024K)]
  0x000001fbc3a6c590 JavaThread "Service Thread"             daemon [_thread_blocked, id=10016, stack(0x000000528bf00000,0x000000528c000000) (1024K)]
  0x000001fc05df6ce0 JavaThread "Monitor Deflation Thread"   daemon [_thread_blocked, id=14020, stack(0x000000528c000000,0x000000528c100000) (1024K)]
  0x000001fc05e09840 JavaThread "C2 CompilerThread0"         daemon [_thread_in_native, id=27700, stack(0x000000528c100000,0x000000528c200000) (1024K)]
  0x000001fc05e0c310 JavaThread "C1 CompilerThread0"         daemon [_thread_in_vm, id=28444, stack(0x000000528c200000,0x000000528c300000) (1024K)]
  0x000001fc05fff060 JavaThread "Common-Cleaner"             daemon [_thread_blocked, id=13356, stack(0x000000528c300000,0x000000528c400000) (1024K)]
=>0x000001fc060ae920 JavaThread "C2 CompilerThread1"         daemon [_thread_in_native, id=17204, stack(0x000000528c400000,0x000000528c500000) (1024K)]
  0x000001fc06151e60 JavaThread "Notification Thread"        daemon [_thread_blocked, id=26100, stack(0x000000528c500000,0x000000528c600000) (1024K)]
  0x000001fc0b3165a0 JavaThread "Active Thread: Equinox Container: cd912288-2e74-4abb-8429-e383ba5a3425"        [_thread_blocked, id=9304, stack(0x000000528cd00000,0x000000528ce00000) (1024K)]
  0x000001fc0b86a270 JavaThread "Refresh Thread: Equinox Container: cd912288-2e74-4abb-8429-e383ba5a3425" daemon [_thread_blocked, id=9280, stack(0x000000528cf00000,0x000000528d000000) (1024K)]
  0x000001fc060b6120 JavaThread "Framework Event Dispatcher: Equinox Container: cd912288-2e74-4abb-8429-e383ba5a3425" daemon [_thread_blocked, id=24872, stack(0x000000528d000000,0x000000528d100000) (1024K)]
  0x000001fc0b8c3f70 JavaThread "Start Level: Equinox Container: cd912288-2e74-4abb-8429-e383ba5a3425" daemon [_thread_blocked, id=8568, stack(0x000000528d100000,0x000000528d200000) (1024K)]
  0x000001fc0bf5a3e0 JavaThread "Bundle File Closer"         daemon [_thread_blocked, id=12616, stack(0x000000528d400000,0x000000528d500000) (1024K)]
  0x000001fc0ba8c4c0 JavaThread "SCR Component Actor"        daemon [_thread_blocked, id=11828, stack(0x000000528d500000,0x000000528d600000) (1024K)]
  0x000001fc0ba16240 JavaThread "Worker-JM"                         [_thread_blocked, id=18384, stack(0x000000528d600000,0x000000528d700000) (1024K)]
  0x000001fc0c24bde0 JavaThread "C2 CompilerThread2"         daemon [_thread_in_native, id=19100, stack(0x000000528c600000,0x000000528c700000) (1024K)]
  0x000001fc0c5060b0 JavaThread "JNA Cleaner"                daemon [_thread_blocked, id=12504, stack(0x000000528d700000,0x000000528d800000) (1024K)]
  0x000001fc0c507460 JavaThread "Worker-0: Initialize After Load"        [_thread_blocked, id=28148, stack(0x000000528d800000,0x000000528d900000) (1024K)]
  0x000001fc0c508180 JavaThread "Worker-1: Refreshing workspace"        [_thread_in_vm, id=26564, stack(0x000000528d900000,0x000000528da00000) (1024K)]
  0x000001fc0c504d00 JavaThread "Worker-2: Repository registry initialization"        [_thread_blocked, id=25440, stack(0x000000528da00000,0x000000528db00000) (1024K)]
  0x000001fc0c505390 JavaThread "Java indexing"              daemon [_thread_blocked, id=15032, stack(0x000000528db00000,0x000000528dc00000) (1024K)]
  0x000001fc0c506740 JavaThread "Worker-3"                          [_thread_blocked, id=5600, stack(0x000000528de00000,0x000000528df00000) (1024K)]
  0x000001fc0cf86410 JavaThread "Worker-4: Updating Maven Dependencies"        [_thread_in_vm, id=27304, stack(0x000000528df00000,0x000000528e000000) (1024K)]
  0x000001fc0cf86aa0 JavaThread "Thread-1"                   daemon [_thread_in_native, id=12968, stack(0x000000528e000000,0x000000528e100000) (1024K)]
  0x000001fc0cf877c0 JavaThread "Thread-2"                   daemon [_thread_in_native, id=18284, stack(0x000000528e100000,0x000000528e200000) (1024K)]
  0x000001fc0cf87130 JavaThread "Thread-3"                   daemon [_thread_in_native, id=25952, stack(0x000000528e200000,0x000000528e300000) (1024K)]
  0x000001fc0cf87e50 JavaThread "Thread-4"                   daemon [_thread_in_native, id=18624, stack(0x000000528e300000,0x000000528e400000) (1024K)]
  0x000001fc0cf849d0 JavaThread "Thread-5"                   daemon [_thread_in_native, id=11012, stack(0x000000528e400000,0x000000528e500000) (1024K)]
  0x000001fc0cf85d80 JavaThread "Thread-6"                   daemon [_thread_in_native, id=14900, stack(0x000000528e500000,0x000000528e600000) (1024K)]
  0x000001fc0cf884e0 JavaThread "Thread-7"                   daemon [_thread_in_native, id=6336, stack(0x000000528e600000,0x000000528e700000) (1024K)]
  0x000001fc0cf85060 JavaThread "Thread-8"                   daemon [_thread_in_native, id=1784, stack(0x000000528e700000,0x000000528e800000) (1024K)]
  0x000001fc0cf88b70 JavaThread "Thread-9"                   daemon [_thread_in_native, id=6948, stack(0x000000528e800000,0x000000528e900000) (1024K)]
  0x000001fc0cf856f0 JavaThread "Thread-10"                  daemon [_thread_in_native, id=28544, stack(0x000000528e900000,0x000000528ea00000) (1024K)]
  0x000001fc0cf8b960 JavaThread "Thread-11"                  daemon [_thread_in_native, id=384, stack(0x000000528ea00000,0x000000528eb00000) (1024K)]
  0x000001fc0cf89f20 JavaThread "Thread-12"                  daemon [_thread_in_native, id=15136, stack(0x000000528eb00000,0x000000528ec00000) (1024K)]
  0x000001fc0cf89890 JavaThread "Thread-13"                  daemon [_thread_in_native, id=1568, stack(0x000000528ec00000,0x000000528ed00000) (1024K)]
  0x000001fc0cf8ac40 JavaThread "pool-2-thread-1"                   [_thread_blocked, id=14580, stack(0x000000528ed00000,0x000000528ee00000) (1024K)]
  0x000001fc0cf89200 JavaThread "Worker-5: Updating workspace"        [_thread_blocked, id=5104, stack(0x000000528ee00000,0x000000528ef00000) (1024K)]
  0x000001fc0cf8bff0 JavaThread "Worker-6"                          [_thread_blocked, id=14512, stack(0x000000528ef00000,0x000000528f000000) (1024K)]
  0x000001fc0cf8b2d0 JavaThread "WorkspaceEventsHandler"            [_thread_blocked, id=28620, stack(0x000000528f000000,0x000000528f100000) (1024K)]
  0x000001fc0c8933a0 JavaThread "pool-1-thread-1"                   [_thread_in_vm, id=4208, stack(0x000000528f100000,0x000000528f200000) (1024K)]
Total: 45

Other Threads:
  0x000001fbad066500 VMThread "VM Thread"                           [id=28036, stack(0x000000528ba00000,0x000000528bb00000) (1024K)]
  0x000001fbad0365f0 WatcherThread "VM Periodic Task Thread"        [id=9084, stack(0x000000528b900000,0x000000528ba00000) (1024K)]
  0x000001fbacfe8990 WorkerThread "GC Thread#0"                     [id=17616, stack(0x000000528b800000,0x000000528b900000) (1024K)]
  0x000001fc0b520340 WorkerThread "GC Thread#1"                     [id=1640, stack(0x000000528c700000,0x000000528c800000) (1024K)]
  0x000001fc0b7e9c00 WorkerThread "GC Thread#2"                     [id=17780, stack(0x000000528c800000,0x000000528c900000) (1024K)]
  0x000001fc0b6738f0 WorkerThread "GC Thread#3"                     [id=28140, stack(0x000000528c900000,0x000000528ca00000) (1024K)]
  0x000001fc0b8a8dd0 WorkerThread "GC Thread#4"                     [id=11508, stack(0x000000528ca00000,0x000000528cb00000) (1024K)]
  0x000001fc0b7d9fe0 WorkerThread "GC Thread#5"                     [id=14896, stack(0x000000528cb00000,0x000000528cc00000) (1024K)]
  0x000001fc0b7da7a0 WorkerThread "GC Thread#6"                     [id=3568, stack(0x000000528cc00000,0x000000528cd00000) (1024K)]
  0x000001fc0b6f96d0 WorkerThread "GC Thread#7"                     [id=17956, stack(0x000000528ce00000,0x000000528cf00000) (1024K)]
  0x000001fc0ba20090 WorkerThread "GC Thread#8"                     [id=28088, stack(0x000000528d200000,0x000000528d300000) (1024K)]
  0x000001fc0bc81d00 WorkerThread "GC Thread#9"                     [id=15868, stack(0x000000528d300000,0x000000528d400000) (1024K)]
Total: 12

Threads with active compile tasks:
C2 CompilerThread0  5643 5728       4       java.util.regex.Pattern::atom (422 bytes)
C1 CompilerThread0  5643 5764   !   3       sun.reflect.annotation.AnnotationParser::parseAnnotations (37 bytes)
C2 CompilerThread1  5644 4950       4       org.eclipse.core.internal.watson.ElementTreeIterator::doIteration (114 bytes)
C2 CompilerThread2  5644 5730   !   4       java.util.regex.Pattern::closure (276 bytes)
Total: 4

VM state: not at safepoint (normal execution)

VM Mutex/Monitor currently owned by a thread: None

Heap address: 0x0000000080000000, size: 2048 MB, Compressed Oops mode: 32-bit

CDS archive(s) mapped at: [0x000001fbc4000000-0x000001fbc4ba0000-0x000001fbc4ba0000), size 12189696, SharedBaseAddress: 0x000001fbc4000000, ArchiveRelocationMode: 1.
Compressed class space mapped at: 0x000001fbc5000000-0x000001fc05000000, reserved size: 1073741824
Narrow klass base: 0x000001fbc4000000, Narrow klass shift: 0, Narrow klass range: 0x100000000

GC Precious Log:
 CardTable entry size: 512
 CPUs: 12 total, 12 available
 Memory: 16106M
 Large Page Support: Disabled
 NUMA Support: Disabled
 Compressed Oops: Enabled (32-bit)
 Alignments: Space 512K, Generation 512K, Heap 2M
 Heap Min Capacity: 100M
 Heap Initial Capacity: 100M
 Heap Max Capacity: 2G
 Pre-touch: Disabled
 Parallel Workers: 10

Heap:
 PSYoungGen      total 12288K, used 9862K [0x00000000d5580000, 0x00000000d6580000, 0x0000000100000000)
  eden space 11264K, 81% used [0x00000000d5580000,0x00000000d5e78d48,0x00000000d6080000)
  from space 1024K, 67% used [0x00000000d6380000,0x00000000d642c250,0x00000000d6480000)
  to   space 1024K, 0% used [0x00000000d6480000,0x00000000d6480000,0x00000000d6580000)
 ParOldGen       total 68608K, used 38410K [0x0000000080000000, 0x0000000084300000, 0x00000000d5580000)
  object space 68608K, 55% used [0x0000000080000000,0x0000000082582a90,0x0000000084300000)
 Metaspace       used 37067K, committed 38144K, reserved 1114112K
  class space    used 3816K, committed 4288K, reserved 1048576K

Card table byte_map: [0x000001fbac970000,0x000001fbacd80000] _byte_map_base: 0x000001fbac570000

Marking Bits: (ParMarkBitMap*) 0x00007ffe38ee3450
 Begin Bits: [0x000001fbbf470000, 0x000001fbc1470000)
 End Bits:   [0x000001fbc1470000, 0x000001fbc3470000)

Polling page: 0x000001fbaaea0000

Metaspace:

Usage:
  Non-class:     32.47 MB used.
      Class:      3.73 MB used.
       Both:     36.20 MB used.

Virtual space:
  Non-class space:       64.00 MB reserved,      33.06 MB ( 52%) committed,  1 nodes.
      Class space:        1.00 GB reserved,       4.19 MB ( <1%) committed,  1 nodes.
             Both:        1.06 GB reserved,      37.25 MB (  3%) committed. 

Chunk freelists:
   Non-Class:  13.98 MB
       Class:  11.64 MB
        Both:  25.62 MB

MaxMetaspaceSize: unlimited
CompressedClassSpaceSize: 1.00 GB
Initial GC threshold: 21.00 MB
Current GC threshold: 58.38 MB
CDS: on
 - commit_granule_bytes: 65536.
 - commit_granule_words: 8192.
 - virtual_space_node_default_size: 8388608.
 - enlarge_chunks_in_place: 1.
 - use_allocation_guard: 0.


Internal statistics:

num_allocs_failed_limit: 6.
num_arena_births: 754.
num_arena_deaths: 14.
num_vsnodes_births: 2.
num_vsnodes_deaths: 0.
num_space_committed: 597.
num_space_uncommitted: 0.
num_chunks_returned_to_freelist: 20.
num_chunks_taken_from_freelist: 2363.
num_chunk_merges: 8.
num_chunk_splits: 1469.
num_chunks_enlarged: 862.
num_inconsistent_stats: 0.

CodeHeap 'non-profiled nmethods': size=120000Kb used=2624Kb max_used=2859Kb free=117376Kb
 bounds [0x000001fbb7c90000, 0x000001fbb7f60000, 0x000001fbbf1c0000]
CodeHeap 'profiled nmethods': size=120000Kb used=10171Kb max_used=11261Kb free=109828Kb
 bounds [0x000001fbb01c0000, 0x000001fbb0cc0000, 0x000001fbb76f0000]
CodeHeap 'non-nmethods': size=5760Kb used=1374Kb max_used=1433Kb free=4385Kb
 bounds [0x000001fbb76f0000, 0x000001fbb7960000, 0x000001fbb7c90000]
CodeCache: size=245760Kb, used=14169Kb, max_used=15553Kb, free=231589Kb
 total_blobs=5772, nmethods=5114, adapters=564, full_count=0
Compilation: enabled, stopped_count=0, restarted_count=0

Compilation events (20 events):
Event: 4.612 Thread 0x000001fc05e0c310 5717       3       com.google.gson.internal.bind.TypeAdapters$29::create (20 bytes)
Event: 4.612 Thread 0x000001fc05e0c310 nmethod 5717 0x000001fbb0753410 code [0x000001fbb07535c0, 0x000001fbb0753768]
Event: 4.612 Thread 0x000001fc05e0c310 5718       3       java.lang.reflect.AccessibleObject::checkCanSetAccessible (195 bytes)
Event: 4.613 Thread 0x000001fc0c24bde0 5710       4       java.lang.invoke.DirectMethodHandle::internalMemberName (8 bytes)
Event: 4.613 Thread 0x000001fc05e09840 nmethod 5617 0x000001fbb7de5290 code [0x000001fbb7de54a0, 0x000001fbb7de5bd0]
Event: 4.613 Thread 0x000001fc05e0c310 nmethod 5718 0x000001fbb04ad310 code [0x000001fbb04ad6a0, 0x000001fbb04aec78]
Event: 4.614 Thread 0x000001fc0c24bde0 nmethod 5710 0x000001fbb7de4e90 code [0x000001fbb7de5020, 0x000001fbb7de50e0]
Event: 4.614 Thread 0x000001fc05e0c310 5720       3       java.lang.StringUTF16::length (5 bytes)
Event: 4.614 Thread 0x000001fc05e09840 5722       4       java.lang.reflect.Modifier::isStatic (13 bytes)
Event: 4.614 Thread 0x000001fc0c24bde0 5698       4       java.lang.String::valueOf (15 bytes)
Event: 4.614 Thread 0x000001fc05e0c310 nmethod 5720 0x000001fbb0753090 code [0x000001fbb0753220, 0x000001fbb0753318]
Event: 4.614 Thread 0x000001fc05e0c310 5721       1       com.google.gson.reflect.TypeToken::hashCode (5 bytes)
Event: 4.614 Thread 0x000001fc05e0c310 nmethod 5721 0x000001fbb7dfb510 code [0x000001fbb7dfb6a0, 0x000001fbb7dfb768]
Event: 4.614 Thread 0x000001fc05e0c310 5723       3       java.util.Collections$SingletonList::iterator (8 bytes)
Event: 4.614 Thread 0x000001fc05e09840 nmethod 5722 0x000001fbb7dfb210 code [0x000001fbb7dfb380, 0x000001fbb7dfb3f0]
Event: 4.614 Thread 0x000001fc05e09840 5673       4       org.eclipse.osgi.storage.bundlefile.MRUBundleFileList::incUseStamp (57 bytes)
Event: 4.614 Thread 0x000001fc0c24bde0 nmethod 5698 0x000001fbb7dfaf10 code [0x000001fbb7dfb0a0, 0x000001fbb7dfb140]
Event: 4.614 Thread 0x000001fc0c24bde0 5596       4       jdk.xml.internal.SecuritySupport$$Lambda/0x000001fbc50dc788::run (8 bytes)
Event: 4.616 Thread 0x000001fc05e09840 nmethod 5673 0x000001fbb7dfab90 code [0x000001fbb7dfad20, 0x000001fbb7dfae38]
Event: 4.616 Thread 0x000001fc05e09840 5724   !   4       org.eclipse.osgi.storage.bundlefile.MRUBundleFileList::use (55 bytes)

GC Heap History (20 events):
Event: 3.242 GC heap before
{Heap before GC invocations=26 (full 1):
 PSYoungGen      total 11776K, used 11552K [0x00000000d5580000, 0x00000000d6600000, 0x0000000100000000)
  eden space 11264K, 100% used [0x00000000d5580000,0x00000000d6080000,0x00000000d6080000)
  from space 512K, 56% used [0x00000000d6580000,0x00000000d65c8000,0x00000000d6600000)
  to   space 512K, 0% used [0x00000000d6500000,0x00000000d6500000,0x00000000d6580000)
 ParOldGen       total 68608K, used 37383K [0x0000000080000000, 0x0000000084300000, 0x00000000d5580000)
  object space 68608K, 54% used [0x0000000080000000,0x0000000082481c70,0x0000000084300000)
 Metaspace       used 31692K, committed 32640K, reserved 1114112K
  class space    used 3116K, committed 3520K, reserved 1048576K
}
Event: 3.243 GC heap after
{Heap after GC invocations=26 (full 1):
 PSYoungGen      total 11776K, used 288K [0x00000000d5580000, 0x00000000d6600000, 0x0000000100000000)
  eden space 11264K, 0% used [0x00000000d5580000,0x00000000d5580000,0x00000000d6080000)
  from space 512K, 56% used [0x00000000d6500000,0x00000000d6548000,0x00000000d6580000)
  to   space 512K, 0% used [0x00000000d6580000,0x00000000d6580000,0x00000000d6600000)
 ParOldGen       total 68608K, used 37439K [0x0000000080000000, 0x0000000084300000, 0x00000000d5580000)
  object space 68608K, 54% used [0x0000000080000000,0x000000008248fc70,0x0000000084300000)
 Metaspace       used 31692K, committed 32640K, reserved 1114112K
  class space    used 3116K, committed 3520K, reserved 1048576K
}
Event: 3.255 GC heap before
{Heap before GC invocations=27 (full 1):
 PSYoungGen      total 11776K, used 11552K [0x00000000d5580000, 0x00000000d6600000, 0x0000000100000000)
  eden space 11264K, 100% used [0x00000000d5580000,0x00000000d6080000,0x00000000d6080000)
  from space 512K, 56% used [0x00000000d6500000,0x00000000d6548000,0x00000000d6580000)
  to   space 512K, 0% used [0x00000000d6580000,0x00000000d6580000,0x00000000d6600000)
 ParOldGen       total 68608K, used 37439K [0x0000000080000000, 0x0000000084300000, 0x00000000d5580000)
  object space 68608K, 54% used [0x0000000080000000,0x000000008248fc70,0x0000000084300000)
 Metaspace       used 31819K, committed 32768K, reserved 1114112K
  class space    used 3127K, committed 3520K, reserved 1048576K
}
Event: 3.256 GC heap after
{Heap after GC invocations=27 (full 1):
 PSYoungGen      total 11776K, used 416K [0x00000000d5580000, 0x00000000d6600000, 0x0000000100000000)
  eden space 11264K, 0% used [0x00000000d5580000,0x00000000d5580000,0x00000000d6080000)
  from space 512K, 81% used [0x00000000d6580000,0x00000000d65e8000,0x00000000d6600000)
  to   space 512K, 0% used [0x00000000d6500000,0x00000000d6500000,0x00000000d6580000)
 ParOldGen       total 68608K, used 37519K [0x0000000080000000, 0x0000000084300000, 0x00000000d5580000)
  object space 68608K, 54% used [0x0000000080000000,0x00000000824a3c70,0x0000000084300000)
 Metaspace       used 31819K, committed 32768K, reserved 1114112K
  class space    used 3127K, committed 3520K, reserved 1048576K
}
Event: 3.298 GC heap before
{Heap before GC invocations=28 (full 1):
 PSYoungGen      total 11776K, used 11680K [0x00000000d5580000, 0x00000000d6600000, 0x0000000100000000)
  eden space 11264K, 100% used [0x00000000d5580000,0x00000000d6080000,0x00000000d6080000)
  from space 512K, 81% used [0x00000000d6580000,0x00000000d65e8000,0x00000000d6600000)
  to   space 512K, 0% used [0x00000000d6500000,0x00000000d6500000,0x00000000d6580000)
 ParOldGen       total 68608K, used 37519K [0x0000000080000000, 0x0000000084300000, 0x00000000d5580000)
  object space 68608K, 54% used [0x0000000080000000,0x00000000824a3c70,0x0000000084300000)
 Metaspace       used 32634K, committed 33728K, reserved 1114112K
  class space    used 3230K, committed 3712K, reserved 1048576K
}
Event: 3.299 GC heap after
{Heap after GC invocations=28 (full 1):
 PSYoungGen      total 11776K, used 512K [0x00000000d5580000, 0x00000000d6600000, 0x0000000100000000)
  eden space 11264K, 0% used [0x00000000d5580000,0x00000000d5580000,0x00000000d6080000)
  from space 512K, 100% used [0x00000000d6500000,0x00000000d6580000,0x00000000d6580000)
  to   space 512K, 0% used [0x00000000d6580000,0x00000000d6580000,0x00000000d6600000)
 ParOldGen       total 68608K, used 38383K [0x0000000080000000, 0x0000000084300000, 0x00000000d5580000)
  object space 68608K, 55% used [0x0000000080000000,0x000000008257bc70,0x0000000084300000)
 Metaspace       used 32634K, committed 33728K, reserved 1114112K
  class space    used 3230K, committed 3712K, reserved 1048576K
}
Event: 3.366 GC heap before
{Heap before GC invocations=29 (full 1):
 PSYoungGen      total 11776K, used 11776K [0x00000000d5580000, 0x00000000d6600000, 0x0000000100000000)
  eden space 11264K, 100% used [0x00000000d5580000,0x00000000d6080000,0x00000000d6080000)
  from space 512K, 100% used [0x00000000d6500000,0x00000000d6580000,0x00000000d6580000)
  to   space 512K, 0% used [0x00000000d6580000,0x00000000d6580000,0x00000000d6600000)
 ParOldGen       total 68608K, used 38383K [0x0000000080000000, 0x0000000084300000, 0x00000000d5580000)
  object space 68608K, 55% used [0x0000000080000000,0x000000008257bc70,0x0000000084300000)
 Metaspace       used 33445K, committed 34560K, reserved 1114112K
  class space    used 3345K, committed 3840K, reserved 1048576K
}
Event: 3.367 GC heap after
{Heap after GC invocations=29 (full 1):
 PSYoungGen      total 11776K, used 480K [0x00000000d5580000, 0x00000000d6600000, 0x0000000100000000)
  eden space 11264K, 0% used [0x00000000d5580000,0x00000000d5580000,0x00000000d6080000)
  from space 512K, 93% used [0x00000000d6580000,0x00000000d65f8000,0x00000000d6600000)
  to   space 1024K, 0% used [0x00000000d6400000,0x00000000d6400000,0x00000000d6500000)
 ParOldGen       total 68608K, used 38900K [0x0000000080000000, 0x0000000084300000, 0x00000000d5580000)
  object space 68608K, 56% used [0x0000000080000000,0x00000000825fd250,0x0000000084300000)
 Metaspace       used 33445K, committed 34560K, reserved 1114112K
  class space    used 3345K, committed 3840K, reserved 1048576K
}
Event: 3.416 GC heap before
{Heap before GC invocations=30 (full 1):
 PSYoungGen      total 11776K, used 11744K [0x00000000d5580000, 0x00000000d6600000, 0x0000000100000000)
  eden space 11264K, 100% used [0x00000000d5580000,0x00000000d6080000,0x00000000d6080000)
  from space 512K, 93% used [0x00000000d6580000,0x00000000d65f8000,0x00000000d6600000)
  to   space 1024K, 0% used [0x00000000d6400000,0x00000000d6400000,0x00000000d6500000)
 ParOldGen       total 68608K, used 38900K [0x0000000080000000, 0x0000000084300000, 0x00000000d5580000)
  object space 68608K, 56% used [0x0000000080000000,0x00000000825fd250,0x0000000084300000)
 Metaspace       used 34192K, committed 35328K, reserved 1114112K
  class space    used 3429K, committed 3904K, reserved 1048576K
}
Event: 3.416 GC heap after
{Heap after GC invocations=30 (full 1):
 PSYoungGen      total 12288K, used 881K [0x00000000d5580000, 0x00000000d6600000, 0x0000000100000000)
  eden space 11264K, 0% used [0x00000000d5580000,0x00000000d5580000,0x00000000d6080000)
  from space 1024K, 86% used [0x00000000d6400000,0x00000000d64dc400,0x00000000d6500000)
  to   space 1024K, 0% used [0x00000000d6500000,0x00000000d6500000,0x00000000d6600000)
 ParOldGen       total 68608K, used 39202K [0x0000000080000000, 0x0000000084300000, 0x00000000d5580000)
  object space 68608K, 57% used [0x0000000080000000,0x0000000082648ba0,0x0000000084300000)
 Metaspace       used 34192K, committed 35328K, reserved 1114112K
  class space    used 3429K, committed 3904K, reserved 1048576K
}
Event: 3.457 GC heap before
{Heap before GC invocations=31 (full 1):
 PSYoungGen      total 12288K, used 12145K [0x00000000d5580000, 0x00000000d6600000, 0x0000000100000000)
  eden space 11264K, 100% used [0x00000000d5580000,0x00000000d6080000,0x00000000d6080000)
  from space 1024K, 86% used [0x00000000d6400000,0x00000000d64dc400,0x00000000d6500000)
  to   space 1024K, 0% used [0x00000000d6500000,0x00000000d6500000,0x00000000d6600000)
 ParOldGen       total 68608K, used 39202K [0x0000000080000000, 0x0000000084300000, 0x00000000d5580000)
  object space 68608K, 57% used [0x0000000080000000,0x0000000082648ba0,0x0000000084300000)
 Metaspace       used 34666K, committed 35776K, reserved 1114112K
  class space    used 3503K, committed 4032K, reserved 1048576K
}
Event: 3.457 GC heap after
{Heap after GC invocations=31 (full 1):
 PSYoungGen      total 11776K, used 512K [0x00000000d5580000, 0x00000000d6580000, 0x0000000100000000)
  eden space 11264K, 0% used [0x00000000d5580000,0x00000000d5580000,0x00000000d6080000)
  from space 512K, 100% used [0x00000000d6500000,0x00000000d6580000,0x00000000d6580000)
  to   space 1024K, 0% used [0x00000000d6380000,0x00000000d6380000,0x00000000d6480000)
 ParOldGen       total 68608K, used 39931K [0x0000000080000000, 0x0000000084300000, 0x00000000d5580000)
  object space 68608K, 58% used [0x0000000080000000,0x00000000826fefb0,0x0000000084300000)
 Metaspace       used 34666K, committed 35776K, reserved 1114112K
  class space    used 3503K, committed 4032K, reserved 1048576K
}
Event: 4.463 GC heap before
{Heap before GC invocations=32 (full 1):
 PSYoungGen      total 11776K, used 2255K [0x00000000d5580000, 0x00000000d6580000, 0x0000000100000000)
  eden space 11264K, 15% used [0x00000000d5580000,0x00000000d5733cb0,0x00000000d6080000)
  from space 512K, 100% used [0x00000000d6500000,0x00000000d6580000,0x00000000d6580000)
  to   space 1024K, 0% used [0x00000000d6380000,0x00000000d6380000,0x00000000d6480000)
 ParOldGen       total 68608K, used 39931K [0x0000000080000000, 0x0000000084300000, 0x00000000d5580000)
  object space 68608K, 58% used [0x0000000080000000,0x00000000826fefb0,0x0000000084300000)
 Metaspace       used 34744K, committed 35840K, reserved 1114112K
  class space    used 3517K, committed 4032K, reserved 1048576K
}
Event: 4.463 GC heap after
{Heap after GC invocations=32 (full 1):
 PSYoungGen      total 12288K, used 288K [0x00000000d5580000, 0x00000000d6580000, 0x0000000100000000)
  eden space 11264K, 0% used [0x00000000d5580000,0x00000000d5580000,0x00000000d6080000)
  from space 1024K, 28% used [0x00000000d6380000,0x00000000d63c8000,0x00000000d6480000)
  to   space 512K, 0% used [0x00000000d6500000,0x00000000d6500000,0x00000000d6580000)
 ParOldGen       total 68608K, used 40259K [0x0000000080000000, 0x0000000084300000, 0x00000000d5580000)
  object space 68608K, 58% used [0x0000000080000000,0x0000000082750fb0,0x0000000084300000)
 Metaspace       used 34744K, committed 35840K, reserved 1114112K
  class space    used 3517K, committed 4032K, reserved 1048576K
}
Event: 4.463 GC heap before
{Heap before GC invocations=33 (full 2):
 PSYoungGen      total 12288K, used 288K [0x00000000d5580000, 0x00000000d6580000, 0x0000000100000000)
  eden space 11264K, 0% used [0x00000000d5580000,0x00000000d5580000,0x00000000d6080000)
  from space 1024K, 28% used [0x00000000d6380000,0x00000000d63c8000,0x00000000d6480000)
  to   space 512K, 0% used [0x00000000d6500000,0x00000000d6500000,0x00000000d6580000)
 ParOldGen       total 68608K, used 40259K [0x0000000080000000, 0x0000000084300000, 0x00000000d5580000)
  object space 68608K, 58% used [0x0000000080000000,0x0000000082750fb0,0x0000000084300000)
 Metaspace       used 34744K, committed 35840K, reserved 1114112K
  class space    used 3517K, committed 4032K, reserved 1048576K
}
Event: 4.493 GC heap after
{Heap after GC invocations=33 (full 2):
 PSYoungGen      total 12288K, used 0K [0x00000000d5580000, 0x00000000d6580000, 0x0000000100000000)
  eden space 11264K, 0% used [0x00000000d5580000,0x00000000d5580000,0x00000000d6080000)
  from space 1024K, 0% used [0x00000000d6380000,0x00000000d6380000,0x00000000d6480000)
  to   space 512K, 0% used [0x00000000d6500000,0x00000000d6500000,0x00000000d6580000)
 ParOldGen       total 68608K, used 37874K [0x0000000080000000, 0x0000000084300000, 0x00000000d5580000)
  object space 68608K, 55% used [0x0000000080000000,0x00000000824fca70,0x0000000084300000)
 Metaspace       used 34744K, committed 35840K, reserved 1114112K
  class space    used 3517K, committed 4032K, reserved 1048576K
}
Event: 4.538 GC heap before
{Heap before GC invocations=34 (full 2):
 PSYoungGen      total 12288K, used 11264K [0x00000000d5580000, 0x00000000d6580000, 0x0000000100000000)
  eden space 11264K, 100% used [0x00000000d5580000,0x00000000d6080000,0x00000000d6080000)
  from space 1024K, 0% used [0x00000000d6380000,0x00000000d6380000,0x00000000d6480000)
  to   space 512K, 0% used [0x00000000d6500000,0x00000000d6500000,0x00000000d6580000)
 ParOldGen       total 68608K, used 37874K [0x0000000080000000, 0x0000000084300000, 0x00000000d5580000)
  object space 68608K, 55% used [0x0000000080000000,0x00000000824fca70,0x0000000084300000)
 Metaspace       used 35460K, committed 36544K, reserved 1114112K
  class space    used 3609K, committed 4096K, reserved 1048576K
}
Event: 4.540 GC heap after
{Heap after GC invocations=34 (full 2):
 PSYoungGen      total 11776K, used 512K [0x00000000d5580000, 0x00000000d6580000, 0x0000000100000000)
  eden space 11264K, 0% used [0x00000000d5580000,0x00000000d5580000,0x00000000d6080000)
  from space 512K, 100% used [0x00000000d6500000,0x00000000d6580000,0x00000000d6580000)
  to   space 1024K, 0% used [0x00000000d6380000,0x00000000d6380000,0x00000000d6480000)
 ParOldGen       total 68608K, used 37938K [0x0000000080000000, 0x0000000084300000, 0x00000000d5580000)
  object space 68608K, 55% used [0x0000000080000000,0x000000008250ca70,0x0000000084300000)
 Metaspace       used 35460K, committed 36544K, reserved 1114112K
  class space    used 3609K, committed 4096K, reserved 1048576K
}
Event: 4.593 GC heap before
{Heap before GC invocations=35 (full 2):
 PSYoungGen      total 11776K, used 11776K [0x00000000d5580000, 0x00000000d6580000, 0x0000000100000000)
  eden space 11264K, 100% used [0x00000000d5580000,0x00000000d6080000,0x00000000d6080000)
  from space 512K, 100% used [0x00000000d6500000,0x00000000d6580000,0x00000000d6580000)
  to   space 1024K, 0% used [0x00000000d6380000,0x00000000d6380000,0x00000000d6480000)
 ParOldGen       total 68608K, used 37962K [0x0000000080000000, 0x0000000084300000, 0x00000000d5580000)
  object space 68608K, 55% used [0x0000000080000000,0x0000000082512a90,0x0000000084300000)
 Metaspace       used 36232K, committed 37312K, reserved 1114112K
  class space    used 3696K, committed 4160K, reserved 1048576K
}
Event: 4.594 GC heap after
{Heap after GC invocations=35 (full 2):
 PSYoungGen      total 12288K, used 688K [0x00000000d5580000, 0x00000000d6580000, 0x0000000100000000)
  eden space 11264K, 0% used [0x00000000d5580000,0x00000000d5580000,0x00000000d6080000)
  from space 1024K, 67% used [0x00000000d6380000,0x00000000d642c250,0x00000000d6480000)
  to   space 1024K, 0% used [0x00000000d6480000,0x00000000d6480000,0x00000000d6580000)
 ParOldGen       total 68608K, used 38410K [0x0000000080000000, 0x0000000084300000, 0x00000000d5580000)
  object space 68608K, 55% used [0x0000000080000000,0x0000000082582a90,0x0000000084300000)
 Metaspace       used 36232K, committed 37312K, reserved 1114112K
  class space    used 3696K, committed 4160K, reserved 1048576K
}

Dll operation events (10 events):
Event: 0.009 Loaded shared library c:\Users\manth\.vscode\extensions\redhat.java-1.53.0-win32-x64\jre\21.0.10-win32-x86_64\bin\java.dll
Event: 0.069 Loaded shared library c:\Users\manth\.vscode\extensions\redhat.java-1.53.0-win32-x64\jre\21.0.10-win32-x86_64\bin\zip.dll
Event: 0.086 Loaded shared library C:\Users\manth\.vscode\extensions\redhat.java-1.53.0-win32-x64\jre\21.0.10-win32-x86_64\bin\instrument.dll
Event: 0.090 Loaded shared library C:\Users\manth\.vscode\extensions\redhat.java-1.53.0-win32-x64\jre\21.0.10-win32-x86_64\bin\net.dll
Event: 0.091 Loaded shared library C:\Users\manth\.vscode\extensions\redhat.java-1.53.0-win32-x64\jre\21.0.10-win32-x86_64\bin\nio.dll
Event: 0.094 Loaded shared library C:\Users\manth\.vscode\extensions\redhat.java-1.53.0-win32-x64\jre\21.0.10-win32-x86_64\bin\zip.dll
Event: 0.105 Loaded shared library C:\Users\manth\.vscode\extensions\redhat.java-1.53.0-win32-x64\jre\21.0.10-win32-x86_64\bin\jimage.dll
Event: 0.156 Loaded shared library c:\Users\manth\.vscode\extensions\redhat.java-1.53.0-win32-x64\jre\21.0.10-win32-x86_64\bin\verify.dll
Event: 0.822 Loaded shared library C:\Users\manth\AppData\Roaming\Code\User\globalStorage\redhat.java\1.53.0\config_win\org.eclipse.equinox.launcher\org.eclipse.equinox.launcher.win32.win32.x86_64_1.3.0.v20260203-2149\eclipse_11919.dll
Event: 1.896 Loaded shared library C:\Users\manth\AppData\Local\Temp\jna-103662926\jna6909082226959788820.dll

Deoptimization events (20 events):
Event: 4.607 Thread 0x000001fbaac45ef0 DEOPT PACKING pc=0x000001fbb7e93804 sp=0x000000528b7fead0
Event: 4.607 Thread 0x000001fbaac45ef0 DEOPT UNPACKING pc=0x000001fbb7746da2 sp=0x000000528b7fea60 mode 2
Event: 4.608 Thread 0x000001fbaac45ef0 Uncommon trap: trap_request=0xffffff45 fr.pc=0x000001fbb7e93494 relative=0x0000000000000074
Event: 4.608 Thread 0x000001fbaac45ef0 Uncommon trap: reason=unstable_if action=reinterpret pc=0x000001fbb7e93494 method=java.lang.StringConcatHelper.mix(JLjava/lang/String;)J @ 13 c2
Event: 4.608 Thread 0x000001fbaac45ef0 DEOPT PACKING pc=0x000001fbb7e93494 sp=0x000000528b7fea60
Event: 4.608 Thread 0x000001fbaac45ef0 DEOPT UNPACKING pc=0x000001fbb7746da2 sp=0x000000528b7fe9e0 mode 2
Event: 4.608 Thread 0x000001fbaac45ef0 Uncommon trap: trap_request=0xffffff45 fr.pc=0x000001fbb7e5bef0 relative=0x0000000000000150
Event: 4.608 Thread 0x000001fbaac45ef0 Uncommon trap: reason=unstable_if action=reinterpret pc=0x000001fbb7e5bef0 method=java.lang.StringConcatHelper.prepend(J[BLjava/lang/String;)J @ 13 c2
Event: 4.608 Thread 0x000001fbaac45ef0 DEOPT PACKING pc=0x000001fbb7e5bef0 sp=0x000000528b7fe970
Event: 4.608 Thread 0x000001fbaac45ef0 DEOPT UNPACKING pc=0x000001fbb7746da2 sp=0x000000528b7fe920 mode 2
Event: 4.608 Thread 0x000001fbaac45ef0 Uncommon trap: trap_request=0xffffff45 fr.pc=0x000001fbb7e7a660 relative=0x00000000000000c0
Event: 4.608 Thread 0x000001fbaac45ef0 Uncommon trap: reason=unstable_if action=reinterpret pc=0x000001fbb7e7a660 method=java.lang.StringConcatHelper.newString([BJ)Ljava/lang/String; @ 3 c2
Event: 4.608 Thread 0x000001fbaac45ef0 DEOPT PACKING pc=0x000001fbb7e7a660 sp=0x000000528b7feab0
Event: 4.608 Thread 0x000001fbaac45ef0 DEOPT UNPACKING pc=0x000001fbb7746da2 sp=0x000000528b7fea38 mode 2
Event: 4.670 Thread 0x000001fc0c507460 DEOPT PACKING pc=0x000001fbb0c37581 sp=0x000000528d8fef60
Event: 4.670 Thread 0x000001fc0c507460 DEOPT UNPACKING pc=0x000001fbb77478e2 sp=0x000000528d8fe480 mode 0
Event: 4.877 Thread 0x000001fc0c507460 DEOPT PACKING pc=0x000001fbb0c37581 sp=0x000000528d8fef60
Event: 4.877 Thread 0x000001fc0c507460 DEOPT UNPACKING pc=0x000001fbb77478e2 sp=0x000000528d8fe480 mode 0
Event: 5.087 Thread 0x000001fc0c507460 DEOPT PACKING pc=0x000001fbb0c37581 sp=0x000000528d8fef60
Event: 5.087 Thread 0x000001fc0c507460 DEOPT UNPACKING pc=0x000001fbb77478e2 sp=0x000000528d8fe480 mode 0

Classes loaded (20 events):
Event: 4.598 Loading class java/time/format/DateTimeParseContext
Event: 4.598 Loading class java/time/format/DateTimeParseContext done
Event: 4.598 Loading class java/time/format/Parsed
Event: 4.598 Loading class java/time/format/Parsed done
Event: 4.605 Loading class sun/reflect/generics/repository/FieldRepository
Event: 4.605 Loading class sun/reflect/generics/repository/FieldRepository done
Event: 4.611 Loading class sun/reflect/annotation/TypeAnnotationParser
Event: 4.611 Loading class sun/reflect/annotation/TypeAnnotationParser done
Event: 4.611 Loading class sun/reflect/annotation/TypeAnnotation
Event: 4.611 Loading class sun/reflect/annotation/TypeAnnotation done
Event: 4.611 Loading class sun/reflect/annotation/TypeAnnotation$TypeAnnotationTarget
Event: 4.611 Loading class sun/reflect/annotation/TypeAnnotation$TypeAnnotationTarget done
Event: 4.612 Loading class sun/reflect/annotation/TypeAnnotation$LocationInfo
Event: 4.612 Loading class sun/reflect/annotation/TypeAnnotation$LocationInfo done
Event: 4.612 Loading class sun/reflect/annotation/TypeAnnotation$LocationInfo$Location
Event: 4.612 Loading class sun/reflect/annotation/TypeAnnotation$LocationInfo$Location done
Event: 4.612 Loading class sun/reflect/annotation/AnnotatedTypeFactory
Event: 4.612 Loading class sun/reflect/annotation/AnnotatedTypeFactory done
Event: 4.612 Loading class sun/reflect/annotation/AnnotatedTypeFactory$AnnotatedTypeBaseImpl
Event: 4.612 Loading class sun/nio/ch/WindowsAsynchronousFileChannelImpl$WriteTask

Classes unloaded (7 events):
Event: 2.497 Thread 0x000001fbad066500 Unloading class 0x000001fbc51a5000 'java/lang/invoke/LambdaForm$MH+0x000001fbc51a5000'
Event: 2.497 Thread 0x000001fbad066500 Unloading class 0x000001fbc51a4c00 'java/lang/invoke/LambdaForm$MH+0x000001fbc51a4c00'
Event: 2.497 Thread 0x000001fbad066500 Unloading class 0x000001fbc51a4800 'java/lang/invoke/LambdaForm$MH+0x000001fbc51a4800'
Event: 2.497 Thread 0x000001fbad066500 Unloading class 0x000001fbc51a4400 'java/lang/invoke/LambdaForm$MH+0x000001fbc51a4400'
Event: 2.497 Thread 0x000001fbad066500 Unloading class 0x000001fbc51a4000 'java/lang/invoke/LambdaForm$BMH+0x000001fbc51a4000'
Event: 2.497 Thread 0x000001fbad066500 Unloading class 0x000001fbc51a3c00 'java/lang/invoke/LambdaForm$DMH+0x000001fbc51a3c00'
Event: 2.497 Thread 0x000001fbad066500 Unloading class 0x000001fbc51a2800 'java/lang/invoke/LambdaForm$DMH+0x000001fbc51a2800'

Classes redefined (0 events):
No events

Internal exceptions (20 events):
Event: 4.595 Thread 0x000001fc0c508180 Exception <a 'sun/nio/fs/WindowsException'{0x00000000d55a86b0}> (0x00000000d55a86b0) 
thrown [s\src\hotspot\share\prims\jni.cpp, line 520]
Event: 4.595 Thread 0x000001fc0c508180 Exception <a 'sun/nio/fs/WindowsException'{0x00000000d55a9038}> (0x00000000d55a9038) 
thrown [s\src\hotspot\share\prims\jni.cpp, line 520]
Event: 4.595 Thread 0x000001fc0c508180 Exception <a 'sun/nio/fs/WindowsException'{0x00000000d55a9e30}> (0x00000000d55a9e30) 
thrown [s\src\hotspot\share\prims\jni.cpp, line 520]
Event: 4.595 Thread 0x000001fc0c508180 Exception <a 'sun/nio/fs/WindowsException'{0x00000000d55aa7b8}> (0x00000000d55aa7b8) 
thrown [s\src\hotspot\share\prims\jni.cpp, line 520]
Event: 4.595 Thread 0x000001fc0c508180 Exception <a 'sun/nio/fs/WindowsException'{0x00000000d55ab610}> (0x00000000d55ab610) 
thrown [s\src\hotspot\share\prims\jni.cpp, line 520]
Event: 4.595 Thread 0x000001fc0c508180 Exception <a 'sun/nio/fs/WindowsException'{0x00000000d55abf98}> (0x00000000d55abf98) 
thrown [s\src\hotspot\share\prims\jni.cpp, line 520]
Event: 4.596 Thread 0x000001fc0c508180 Exception <a 'sun/nio/fs/WindowsException'{0x00000000d55adb58}> (0x00000000d55adb58) 
thrown [s\src\hotspot\share\prims\jni.cpp, line 520]
Event: 4.596 Thread 0x000001fc0c508180 Exception <a 'sun/nio/fs/WindowsException'{0x00000000d55ae4e0}> (0x00000000d55ae4e0) 
thrown [s\src\hotspot\share\prims\jni.cpp, line 520]
Event: 4.599 Thread 0x000001fc0c508180 Exception <a 'java/lang/NoSuchMethodError'{0x00000000d562e1a0}: 'void java.lang.invoke.DirectMethodHandle$Holder.invokeVirtual(java.lang.Object, java.lang.Object, java.lang.Object, java.lang.Object)'> (0x00000000d562e1a0) 
thrown [s\src\hotspot\share\interpreter\linkResolver.cpp, line 773]
Event: 4.604 Thread 0x000001fc0c508180 Exception <a 'sun/nio/fs/WindowsException'{0x00000000d572bc70}> (0x00000000d572bc70) 
thrown [s\src\hotspot\share\prims\jni.cpp, line 520]
Event: 4.604 Thread 0x000001fc0c508180 Exception <a 'sun/nio/fs/WindowsException'{0x00000000d572c570}> (0x00000000d572c570) 
thrown [s\src\hotspot\share\prims\jni.cpp, line 520]
Event: 4.605 Thread 0x000001fc0c508180 Exception <a 'sun/nio/fs/WindowsException'{0x00000000d579ae30}> (0x00000000d579ae30) 
thrown [s\src\hotspot\share\prims\jni.cpp, line 520]
Event: 4.605 Thread 0x000001fc0c508180 Exception <a 'sun/nio/fs/WindowsException'{0x00000000d579b7b8}> (0x00000000d579b7b8) 
thrown [s\src\hotspot\share\prims\jni.cpp, line 520]
Event: 4.606 Thread 0x000001fc0c508180 Exception <a 'sun/nio/fs/WindowsException'{0x00000000d57a0390}> (0x00000000d57a0390) 
thrown [s\src\hotspot\share\prims\jni.cpp, line 520]
Event: 4.606 Thread 0x000001fc0c508180 Exception <a 'sun/nio/fs/WindowsException'{0x00000000d57e9488}> (0x00000000d57e9488) 
thrown [s\src\hotspot\share\prims\jni.cpp, line 520]
Event: 4.606 Thread 0x000001fc0c508180 Exception <a 'sun/nio/fs/WindowsException'{0x00000000d57eb148}> (0x00000000d57eb148) 
thrown [s\src\hotspot\share\prims\jni.cpp, line 520]
Event: 4.606 Thread 0x000001fc0c508180 Exception <a 'sun/nio/fs/WindowsException'{0x00000000d57ebad0}> (0x00000000d57ebad0) 
thrown [s\src\hotspot\share\prims\jni.cpp, line 520]
Event: 4.607 Thread 0x000001fbaac45ef0 Implicit null exception at 0x000001fbb7e937ba to 0x000001fbb7e937f4
Event: 4.614 Thread 0x000001fc0c508180 Exception <a 'sun/nio/fs/WindowsException'{0x00000000d58ff190}> (0x00000000d58ff190) 
thrown [s\src\hotspot\share\prims\jni.cpp, line 520]
Event: 4.614 Thread 0x000001fc0c508180 Exception <a 'sun/nio/fs/WindowsException'{0x00000000d58ffb18}> (0x00000000d58ffb18) 
thrown [s\src\hotspot\share\prims\jni.cpp, line 520]

ZGC Phase Switch (0 events):
No events

VM Operations (20 events):
Event: 3.297 Executing safepoint VM operation: ParallelGCFailedAllocation (Allocation Failure)
Event: 3.299 Executing safepoint VM operation: ParallelGCFailedAllocation (Allocation Failure) done
Event: 3.366 Executing safepoint VM operation: ParallelGCFailedAllocation (Allocation Failure)
Event: 3.367 Executing safepoint VM operation: ParallelGCFailedAllocation (Allocation Failure) done
Event: 3.374 Executing non-safepoint VM operation: HandshakeAllThreads (Deoptimize)
Event: 3.374 Executing non-safepoint VM operation: HandshakeAllThreads (Deoptimize) done
Event: 3.416 Executing safepoint VM operation: ParallelGCFailedAllocation (Allocation Failure)
Event: 3.416 Executing safepoint VM operation: ParallelGCFailedAllocation (Allocation Failure) done
Event: 3.456 Executing safepoint VM operation: ParallelGCFailedAllocation (Allocation Failure)
Event: 3.457 Executing safepoint VM operation: ParallelGCFailedAllocation (Allocation Failure) done
Event: 4.463 Executing safepoint VM operation: CollectForMetadataAllocation (Metadata GC Threshold)
Event: 4.493 Executing safepoint VM operation: CollectForMetadataAllocation (Metadata GC Threshold) done
Event: 4.538 Executing safepoint VM operation: ParallelGCFailedAllocation (Allocation Failure)
Event: 4.540 Executing safepoint VM operation: ParallelGCFailedAllocation (Allocation Failure) done
Event: 4.554 Executing non-safepoint VM operation: HandshakeAllThreads (Deoptimize)
Event: 4.554 Executing non-safepoint VM operation: HandshakeAllThreads (Deoptimize) done
Event: 4.593 Executing safepoint VM operation: ParallelGCFailedAllocation (Allocation Failure)
Event: 4.593 Executing safepoint VM operation: ParallelGCFailedAllocation (Allocation Failure) done
Event: 4.593 Executing safepoint VM operation: ParallelGCSystemGC (GCLocker Initiated GC)
Event: 4.594 Executing safepoint VM operation: ParallelGCSystemGC (GCLocker Initiated GC) done

Memory protections (0 events):
No events

Nmethod flushes (20 events):
Event: 4.480 Thread 0x000001fbad066500 flushing  nmethod 0x000001fbb089b310
Event: 4.480 Thread 0x000001fbad066500 flushing  nmethod 0x000001fbb089c510
Event: 4.480 Thread 0x000001fbad066500 flushing  nmethod 0x000001fbb089d190
Event: 4.480 Thread 0x000001fbad066500 flushing  nmethod 0x000001fbb089d910
Event: 4.480 Thread 0x000001fbad066500 flushing  nmethod 0x000001fbb089e290
Event: 4.480 Thread 0x000001fbad066500 flushing  nmethod 0x000001fbb089e790
Event: 4.480 Thread 0x000001fbad066500 flushing  nmethod 0x000001fbb089f310
Event: 4.480 Thread 0x000001fbad066500 flushing  nmethod 0x000001fbb089fb10
Event: 4.480 Thread 0x000001fbad066500 flushing  nmethod 0x000001fbb08a0810
Event: 4.480 Thread 0x000001fbad066500 flushing  nmethod 0x000001fbb08a2890
Event: 4.480 Thread 0x000001fbad066500 flushing  nmethod 0x000001fbb08a2d90
Event: 4.480 Thread 0x000001fbad066500 flushing  nmethod 0x000001fbb08a4810
Event: 4.480 Thread 0x000001fbad066500 flushing  nmethod 0x000001fbb08a4b10
Event: 4.480 Thread 0x000001fbad066500 flushing  nmethod 0x000001fbb08adb10
Event: 4.480 Thread 0x000001fbad066500 flushing  nmethod 0x000001fbb08c1e90
Event: 4.480 Thread 0x000001fbad066500 flushing  nmethod 0x000001fbb08cc410
Event: 4.480 Thread 0x000001fbad066500 flushing  nmethod 0x000001fbb08da990
Event: 4.480 Thread 0x000001fbad066500 flushing  nmethod 0x000001fbb08df890
Event: 4.480 Thread 0x000001fbad066500 flushing  nmethod 0x000001fbb08e1090
Event: 4.480 Thread 0x000001fbad066500 flushing  nmethod 0x000001fbb08e7790

Events (20 events):
Event: 3.177 Thread 0x000001fc0c504d00 Thread added: 0x000001fc0c506740
Event: 3.265 Thread 0x000001fc0c506740 Thread added: 0x000001fc0cf86410
Event: 3.292 Thread 0x000001fbaac45ef0 Thread added: 0x000001fc0cf86aa0
Event: 3.292 Thread 0x000001fbaac45ef0 Thread added: 0x000001fc0cf877c0
Event: 3.292 Thread 0x000001fbaac45ef0 Thread added: 0x000001fc0cf87130
Event: 3.292 Thread 0x000001fbaac45ef0 Thread added: 0x000001fc0cf87e50
Event: 3.292 Thread 0x000001fbaac45ef0 Thread added: 0x000001fc0cf849d0
Event: 3.292 Thread 0x000001fbaac45ef0 Thread added: 0x000001fc0cf85d80
Event: 3.292 Thread 0x000001fbaac45ef0 Thread added: 0x000001fc0cf884e0
Event: 3.292 Thread 0x000001fbaac45ef0 Thread added: 0x000001fc0cf85060
Event: 3.292 Thread 0x000001fbaac45ef0 Thread added: 0x000001fc0cf88b70
Event: 3.292 Thread 0x000001fbaac45ef0 Thread added: 0x000001fc0cf856f0
Event: 3.292 Thread 0x000001fbaac45ef0 Thread added: 0x000001fc0cf8b960
Event: 3.292 Thread 0x000001fbaac45ef0 Thread added: 0x000001fc0cf89f20
Event: 3.292 Thread 0x000001fbaac45ef0 Thread added: 0x000001fc0cf89890
Event: 3.316 Thread 0x000001fbaac45ef0 Thread added: 0x000001fc0cf8ac40
Event: 4.459 Thread 0x000001fc0c504d00 Thread added: 0x000001fc0cf89200
Event: 4.459 Thread 0x000001fc0cf89200 Thread added: 0x000001fc0cf8bff0
Event: 4.564 Thread 0x000001fbaac45ef0 Thread added: 0x000001fc0cf8b2d0
Event: 4.564 Thread 0x000001fbaac45ef0 Thread added: 0x000001fc0c8933a0


Dynamic libraries:
0x00007ff616220000 - 0x00007ff61622e000 	c:\Users\manth\.vscode\extensions\redhat.java-1.53.0-win32-x64\jre\21.0.10-win32-x86_64\bin\java.exe
0x00007ffeccd20000 - 0x00007ffeccf87000 	C:\WINDOWS\SYSTEM32\ntdll.dll
0x00007ffecaf30000 - 0x00007ffecaff9000 	C:\WINDOWS\System32\KERNEL32.DLL
0x00007ffec9720000 - 0x00007ffec9b14000 	C:\WINDOWS\System32\KERNELBASE.dll
0x00007ffec40a0000 - 0x00007ffec413f000 	C:\WINDOWS\SYSTEM32\apphelp.dll
0x00007ffeca520000 - 0x00007ffeca66b000 	C:\WINDOWS\System32\ucrtbase.dll
0x00007ffeaef70000 - 0x00007ffeaef8e000 	c:\Users\manth\.vscode\extensions\redhat.java-1.53.0-win32-x64\jre\21.0.10-win32-x86_64\bin\VCRUNTIME140.dll
0x00007ffeb7210000 - 0x00007ffeb7228000 	c:\Users\manth\.vscode\extensions\redhat.java-1.53.0-win32-x64\jre\21.0.10-win32-x86_64\bin\jli.dll
0x00007ffecc370000 - 0x00007ffecc535000 	C:\WINDOWS\System32\USER32.dll
0x00007ffeca390000 - 0x00007ffeca3b7000 	C:\WINDOWS\System32\win32u.dll
0x00007ffecbdd0000 - 0x00007ffecbdfb000 	C:\WINDOWS\System32\GDI32.dll
0x00007ffeaf3a0000 - 0x00007ffeaf633000 	C:\WINDOWS\WinSxS\amd64_microsoft.windows.common-controls_6595b64144ccf1df_6.0.26100.8115_none_3e075c82e3354f9c\COMCTL32.dll
0x00007ffec95f0000 - 0x00007ffec971a000 	C:\WINDOWS\System32\gdi32full.dll
0x00007ffecc5b0000 - 0x00007ffecc659000 	C:\WINDOWS\System32\msvcrt.dll
0x00007ffeca3c0000 - 0x00007ffeca463000 	C:\WINDOWS\System32\msvcp_win.dll
0x00007ffecbc20000 - 0x00007ffecbc52000 	C:\WINDOWS\System32\IMM32.DLL
0x00007ffeb7200000 - 0x00007ffeb720c000 	c:\Users\manth\.vscode\extensions\redhat.java-1.53.0-win32-x64\jre\21.0.10-win32-x86_64\bin\vcruntime140_1.dll
0x00007ffe6ef80000 - 0x00007ffe6f00d000 	c:\Users\manth\.vscode\extensions\redhat.java-1.53.0-win32-x64\jre\21.0.10-win32-x86_64\bin\msvcp140.dll
0x00007ffe38220000 - 0x00007ffe38fc1000 	c:\Users\manth\.vscode\extensions\redhat.java-1.53.0-win32-x64\jre\21.0.10-win32-x86_64\bin\server\jvm.dll
0x00007ffecb280000 - 0x00007ffecb336000 	C:\WINDOWS\System32\ADVAPI32.dll
0x00007ffecabf0000 - 0x00007ffecac97000 	C:\WINDOWS\System32\sechost.dll
0x00007ffecb340000 - 0x00007ffecb458000 	C:\WINDOWS\System32\RPCRT4.dll
0x00007ffecaca0000 - 0x00007ffecad20000 	C:\WINDOWS\System32\WS2_32.dll
0x00007ffec81f0000 - 0x00007ffec824e000 	C:\WINDOWS\SYSTEM32\POWRPROF.dll
0x00007ffebb1c0000 - 0x00007ffebb1f6000 	C:\WINDOWS\SYSTEM32\WINMM.dll
0x00007ffebdec0000 - 0x00007ffebdecb000 	C:\WINDOWS\SYSTEM32\VERSION.dll
0x00007ffec81d0000 - 0x00007ffec81e4000 	C:\WINDOWS\SYSTEM32\UMPDC.dll
0x00007ffec84a0000 - 0x00007ffec84bb000 	C:\WINDOWS\SYSTEM32\kernel.appcore.dll
0x00007ffea3330000 - 0x00007ffea333a000 	c:\Users\manth\.vscode\extensions\redhat.java-1.53.0-win32-x64\jre\21.0.10-win32-x86_64\bin\jimage.dll
0x00007ffec74b0000 - 0x00007ffec76f2000 	C:\WINDOWS\SYSTEM32\DBGHELP.DLL
0x00007ffecbe00000 - 0x00007ffecc182000 	C:\WINDOWS\System32\combase.dll
0x00007ffecbc70000 - 0x00007ffecbd47000 	C:\WINDOWS\System32\OLEAUT32.dll
0x00007ffea92b0000 - 0x00007ffea92eb000 	C:\WINDOWS\SYSTEM32\dbgcore.DLL
0x00007ffeca470000 - 0x00007ffeca515000 	C:\WINDOWS\System32\bcryptPrimitives.dll
0x00007ffec21a0000 - 0x00007ffec21af000 	c:\Users\manth\.vscode\extensions\redhat.java-1.53.0-win32-x64\jre\21.0.10-win32-x86_64\bin\instrument.dll
0x00007ffe9c7c0000 - 0x00007ffe9c7e0000 	c:\Users\manth\.vscode\extensions\redhat.java-1.53.0-win32-x64\jre\21.0.10-win32-x86_64\bin\java.dll
0x00007ffecb4b0000 - 0x00007ffecbc16000 	C:\WINDOWS\System32\SHELL32.dll
0x00007ffeca670000 - 0x00007ffeca7da000 	C:\WINDOWS\System32\wintypes.dll
0x00007ffec9b20000 - 0x00007ffeca385000 	C:\WINDOWS\System32\windows.storage.dll
0x00007ffecc730000 - 0x00007ffecc827000 	C:\WINDOWS\System32\SHCORE.dll
0x00007ffecc540000 - 0x00007ffecc5a6000 	C:\WINDOWS\System32\shlwapi.dll
0x00007ffec9510000 - 0x00007ffec9539000 	C:\WINDOWS\SYSTEM32\profapi.dll
0x00007ffe98740000 - 0x00007ffe98758000 	c:\Users\manth\.vscode\extensions\redhat.java-1.53.0-win32-x64\jre\21.0.10-win32-x86_64\bin\zip.dll
0x00007ffea3240000 - 0x00007ffea3250000 	C:\Users\manth\.vscode\extensions\redhat.java-1.53.0-win32-x64\jre\21.0.10-win32-x86_64\bin\net.dll
0x00007ffec0410000 - 0x00007ffec053d000 	C:\WINDOWS\SYSTEM32\WINHTTP.dll
0x00007ffec8a10000 - 0x00007ffec8a7c000 	C:\WINDOWS\system32\mswsock.dll
0x00007ffe984b0000 - 0x00007ffe984c6000 	C:\Users\manth\.vscode\extensions\redhat.java-1.53.0-win32-x64\jre\21.0.10-win32-x86_64\bin\nio.dll
0x00007ffec1e10000 - 0x00007ffec1e20000 	c:\Users\manth\.vscode\extensions\redhat.java-1.53.0-win32-x64\jre\21.0.10-win32-x86_64\bin\verify.dll
0x00007ffe98440000 - 0x00007ffe98485000 	C:\Users\manth\AppData\Roaming\Code\User\globalStorage\redhat.java\1.53.0\config_win\org.eclipse.equinox.launcher\org.eclipse.equinox.launcher.win32.win32.x86_64_1.3.0.v20260203-2149\eclipse_11919.dll
0x00007ffecad90000 - 0x00007ffecaf27000 	C:\WINDOWS\System32\ole32.dll
0x00007ffec8cf0000 - 0x00007ffec8d0b000 	C:\WINDOWS\SYSTEM32\CRYPTSP.dll
0x00007ffec8400000 - 0x00007ffec8439000 	C:\WINDOWS\system32\rsaenh.dll
0x00007ffec8ac0000 - 0x00007ffec8af3000 	C:\WINDOWS\SYSTEM32\USERENV.dll
0x00007ffec94e0000 - 0x00007ffec950a000 	C:\WINDOWS\SYSTEM32\bcrypt.dll
0x00007ffec8d10000 - 0x00007ffec8d1c000 	C:\WINDOWS\SYSTEM32\CRYPTBASE.dll
0x00007ffec7e80000 - 0x00007ffec7eb2000 	C:\WINDOWS\SYSTEM32\IPHLPAPI.DLL
0x00007ffecbc60000 - 0x00007ffecbc6a000 	C:\WINDOWS\System32\NSI.dll
0x00007ffe983f0000 - 0x00007ffe98439000 	C:\Users\manth\AppData\Local\Temp\jna-103662926\jna6909082226959788820.dll
0x00007ffecc720000 - 0x00007ffecc728000 	C:\WINDOWS\System32\PSAPI.DLL
0x00007ffec09b0000 - 0x00007ffec09cd000 	C:\WINDOWS\SYSTEM32\dhcpcsvc6.DLL
0x00007ffec0980000 - 0x00007ffec09a5000 	C:\WINDOWS\SYSTEM32\dhcpcsvc.DLL

JVMTI agents:
c:\Users\manth\.vscode\extensions\redhat.java-1.53.0-win32-x64\lombok\lombok-1.18.39-4050.jar path:c:\Users\manth\.vscode\extensions\redhat.java-1.53.0-win32-x64\jre\21.0.10-win32-x86_64\bin\instrument.dll, loaded, initialized, instrumentlib options:none

dbghelp: loaded successfully - version: 4.0.5 - missing functions: none
symbol engine: initialized successfully - sym options: 0x614 - pdb path: .;c:\Users\manth\.vscode\extensions\redhat.java-1.53.0-win32-x64\jre\21.0.10-win32-x86_64\bin;C:\WINDOWS\SYSTEM32;C:\WINDOWS\WinSxS\amd64_microsoft.windows.common-controls_6595b64144ccf1df_6.0.26100.8115_none_3e075c82e3354f9c;c:\Users\manth\.vscode\extensions\redhat.java-1.53.0-win32-x64\jre\21.0.10-win32-x86_64\bin\server;C:\Users\manth\AppData\Roaming\Code\User\globalStorage\redhat.java\1.53.0\config_win\org.eclipse.equinox.launcher\org.eclipse.equinox.launcher.win32.win32.x86_64_1.3.0.v20260203-2149;C:\Users\manth\AppData\Local\Temp\jna-103662926

VM Arguments:
jvm_args: --add-modules=ALL-SYSTEM --add-opens=java.base/java.util=ALL-UNNAMED --add-opens=java.base/java.lang=ALL-UNNAMED --add-opens=java.base/sun.nio.fs=ALL-UNNAMED -Declipse.application=org.eclipse.jdt.ls.core.id1 -Dosgi.bundles.defaultStartLevel=4 -Declipse.product=org.eclipse.jdt.ls.core.product -Djava.import.generatesMetadataFilesAtProjectRoot=false -DDetectVMInstallationsJob.disabled=true -Dfile.encoding=utf8 -XX:+UseParallelGC -XX:GCTimeRatio=4 -XX:AdaptiveSizePolicyWeight=90 -Dsun.zip.disableMemoryMapping=true -Xmx2G -Xms100m -Xlog:disable -javaagent:c:\Users\manth\.vscode\extensions\redhat.java-1.53.0-win32-x64\lombok\lombok-1.18.39-4050.jar -XX:+HeapDumpOnOutOfMemoryError -XX:HeapDumpPath=c:\Users\manth\AppData\Roaming\Code\User\workspaceStorage\de60d85e5002304a71605e9d6aed963e\redhat.java -Daether.dependencyCollector.impl=bf 
java_command: c:\Users\manth\.vscode\extensions\redhat.java-1.53.0-win32-x64\server\plugins\org.eclipse.equinox.launcher_1.7.100.v20251111-0406.jar -configuration c:\Users\manth\AppData\Roaming\Code\User\globalStorage\redhat.java\1.53.0\config_win -data c:\Users\manth\AppData\Roaming\Code\User\workspaceStorage\de60d85e5002304a71605e9d6aed963e\redhat.java\jdt_ws --pipe=\\.\pipe\lsp-d2b25383454f3dd87cc68b721b85e585-sock
java_class_path (initial): c:\Users\manth\.vscode\extensions\redhat.java-1.53.0-win32-x64\server\plugins\org.eclipse.equinox.launcher_1.7.100.v20251111-0406.jar
Launcher Type: SUN_STANDARD

[Global flags]
    uintx AdaptiveSizePolicyWeight                 = 90                                        {product} {command line}
     intx CICompilerCount                          = 4                                         {product} {ergonomic}
    uintx GCTimeRatio                              = 4                                         {product} {command line}
     bool HeapDumpOnOutOfMemoryError               = true                                   {manageable} {command line}
    ccstr HeapDumpPath                             = c:\Users\manth\AppData\Roaming\Code\User\workspaceStorage\de60d85e5002304a71605e9d6aed963e\redhat.java         {manageable} {command line}
   size_t InitialHeapSize                          = 104857600                                 {product} {command line}
   size_t MaxHeapSize                              = 2147483648                                {product} {command line}
   size_t MaxNewSize                               = 715653120                                 {product} {ergonomic}
   size_t MinHeapDeltaBytes                        = 524288                                    {product} {ergonomic}
   size_t MinHeapSize                              = 104857600                                 {product} {command line}
   size_t NewSize                                  = 34603008                                  {product} {ergonomic}
    uintx NonNMethodCodeHeapSize                   = 5839372                                {pd product} {ergonomic}
    uintx NonProfiledCodeHeapSize                  = 122909434                              {pd product} {ergonomic}
   size_t OldSize                                  = 70254592                                  {product} {ergonomic}
    uintx ProfiledCodeHeapSize                     = 122909434                              {pd product} {ergonomic}
    uintx ReservedCodeCacheSize                    = 251658240                              {pd product} {ergonomic}
     bool SegmentedCodeCache                       = true                                      {product} {ergonomic}
   size_t SoftMaxHeapSize                          = 2147483648                             {manageable} {ergonomic}
     bool UseCompressedOops                        = true                           {product lp64_product} {ergonomic}
     bool UseLargePagesIndividualAllocation        = false                                  {pd product} {ergonomic}
     bool UseParallelGC                            = true                                      {product} {command line}

Logging:
Log output configuration:
 #0: stdout all=off uptime,level,tags foldmultilines=false
 #1: stderr all=off uptime,level,tags foldmultilines=false

Release file:
JAVA_VERSION="21.0.10" 
MODULES="java.base java.compiler java.datatransfer java.xml java.prefs java.desktop java.instrument java.logging java.management java.security.sasl java.naming java.rmi java.management.rmi java.net.http java.scripting java.security.jgss java.transaction.xa java.sql java.sql.rowset java.xml.crypto java.se java.smartcardio jdk.accessibility jdk.internal.jvmstat jdk.attach jdk.charsets jdk.internal.opt jdk.zipfs jdk.compiler jdk.crypto.ec jdk.crypto.cryptoki jdk.crypto.mscapi jdk.dynalink jdk.internal.ed jdk.editpad jdk.hotspot.agent jdk.httpserver jdk.internal.le jdk.internal.vm.ci jdk.internal.vm.compiler jdk.internal.vm.compiler.management jdk.jartool jdk.javadoc jdk.jcmd jdk.management jdk.management.agent jdk.jconsole jdk.jdeps jdk.jdwp.agent jdk.jdi jdk.jfr jdk.jshell jdk.jsobject jdk.jstatd jdk.localedata jdk.management.jfr jdk.naming.dns jdk.naming.rmi jdk.net jdk.nio.mapmode jdk.random jdk.sctp jdk.security.auth jdk.security.jgss jdk.unsupported jdk.unsupported.desktop jdk.xml.dom" 

Environment Variables:
JAVA_HOME=C:\Program Files\Microsoft\jdk-17.0.14.7-hotspot\
PATH=C:\Users\manth\AppData\Local\Programs\Microsoft VS Code;C:\Program Files\Microsoft\jdk-17.0.14.7-hotspot\bin;C:\Program Files\Common Files\Oracle\Java\javapath;C:\Program Files (x86)\Common Files\Oracle\Java\java8path;C:\Program Files (x86)\Common Files\Oracle\Java\javapath;C:\Users\manth\AppData\Local\Android\Sdk\platform-tools;C:\Windows;C:\Windows\System32\Wbem;C:\Windows\System32\WindowsPowerShell\v1.0\;C:\Windows\System32\OpenSSH\;C:\Program Files (x86)\NVIDIA Corporation\PhysX\Common;C:\Program Files\NVIDIA Corporation\NVIDIA NvDLISR;C:\WINDOWS\system32;C:\WINDOWS;C:\WINDOWS\System32\Wbem;C:\WINDOWS\System32\WindowsPowerShell\v1.0\;C:\WINDOWS\System32\OpenSSH\;C:\Program Files\dotnet\;C:\Program Files\nodejs\;C:\ProgramData\chocolatey\bin;C:\Program Files\Git\cmd;C:\Program Files\Java\jdk-17;C:\Users\manth\AppData\Local\Android\Sdk;C:\Users\manth\AppData\Local\Android\Sdk\emulator;C:\Users\manth\AppData\Local\Android\Sdk\tools;C:\Users\manth\AppData\Local\Android\Sdk\tools\bin;C:\Users\manth\AppData\Local\Android\Sdk\platform-tools;C:\Program Files\OpenSSL-Win64\bin;C:\Users\manth\AppData\Local\Microsoft\WindowsApps;C:\Users\manth\AppData\Local\Programs\Microsoft VS Code\bin;C:\Users\manth\AppData\Roaming\npm;C:\Users\manth\AppData\Local\Microsoft\WinGet\Packages\Schniz.fnm_Microsoft.Winget.Source_8wekyb3d8bbwe;C:\Users\manth\AppData\Local\GitHubDesktop\bin;C:\Users\manth\AppData\Local\JetBrains\Toolbox\scripts
USERNAME=manth
OS=Windows_NT
PROCESSOR_IDENTIFIER=Intel64 Family 6 Model 141 Stepping 1, GenuineIntel
TMP=C:\Users\manth\AppData\Local\Temp
TEMP=C:\Users\manth\AppData\Local\Temp




Periodic native trim disabled

---------------  S Y S T E M  ---------------

OS:
 Windows 11 , 64 bit Build 26100 (10.0.26100.8115)
OS uptime: 0 days 18:34 hours
Hyper-V role detected

CPU: total 12 (initial active 12) (6 cores per cpu, 2 threads per core) family 6 model 141 stepping 1 microcode 0x34, cx8, cmov, fxsr, ht, mmx, 3dnowpref, sse, sse2, sse3, ssse3, sse4.1, sse4.2, popcnt, lzcnt, tsc, tscinvbit, avx, avx2, aes, erms, clmul, bmi1, bmi2, adx, avx512f, avx512dq, avx512cd, avx512bw, avx512vl, sha, fma, vzeroupper, avx512_vpopcntdq, avx512_vpclmulqdq, avx512_vaes, avx512_vnni, clflush, clflushopt, clwb, avx512_vbmi2, avx512_vbmi, hv, rdtscp, rdpid, fsrm, gfni, avx512_bitalg, f16c, cet_ibt, cet_ss, avx512_ifma
Processor Information for the first 12 processors :
  Max Mhz: 2688, Current Mhz: 2688, Mhz Limit: 2688

Memory: 4k page, system-wide physical 16106M (986M free)
TotalPageFile size 45539M (AvailPageFile size 37M)
current process WorkingSet (physical memory assigned to process): 201M, peak: 221M
current process commit charge ("private bytes"): 309M, peak: 325M

vm_info: OpenJDK 64-Bit Server VM (21.0.10+7-LTS) for windows-amd64 JRE (21.0.10+7-LTS), built on 2026-01-20T00:00:00Z by "admin" with MS VC++ 17.12 (VS2022)

END.
