#
# There is insufficient memory for the Java Runtime Environment to continue.
# Native memory allocation (malloc) failed to allocate 1931088 bytes. Error detail: Chunk::new
# Possible reasons:
#   The system is out of physical RAM or swap space
#   This process is running with CompressedOops enabled, and the Java Heap may be blocking the growth of the native heap
# Possible solutions:
#   Reduce memory load on the system
#   Increase physical memory or swap space
#   Check if swap backing store is full
#   Decrease Java heap size (-Xmx/-Xms)
#   Decrease number of Java threads
#   Decrease Java thread stack sizes (-Xss)
#   Set larger code cache with -XX:ReservedCodeCacheSize=
#   JVM is running with Unscaled Compressed Oops mode in which the Java heap is
#     placed in the first 4GB address space. The Java Heap base address is the
#     maximum limit for the native heap growth. Please use -XX:HeapBaseMinAddress
#     to set the Java Heap base and to place the Java Heap above 4GB virtual address.
# This output file may be truncated or incomplete.
#
#  Out of Memory Error (arena.cpp:191), pid=20156, tid=10076
#
# JRE version: OpenJDK Runtime Environment Microsoft-10800295 (17.0.14+7) (build 17.0.14+7-LTS)
# Java VM: OpenJDK 64-Bit Server VM Microsoft-10800295 (17.0.14+7-LTS, mixed mode, sharing, tiered, compressed oops, compressed class ptrs, g1 gc, windows-amd64)
# No core dump will be written. Minidumps are not enabled by default on client versions of Windows
#

---------------  S U M M A R Y ------------

Command Line: --add-opens=java.base/java.lang=ALL-UNNAMED --add-opens=java.base/java.lang.invoke=ALL-UNNAMED --add-opens=java.base/java.util=ALL-UNNAMED --add-opens=java.prefs/java.util.prefs=ALL-UNNAMED --add-exports=jdk.compiler/com.sun.tools.javac.api=ALL-UNNAMED --add-exports=jdk.compiler/com.sun.tools.javac.util=ALL-UNNAMED --add-opens=java.base/java.util=ALL-UNNAMED --add-opens=java.prefs/java.util.prefs=ALL-UNNAMED --add-opens=java.base/java.nio.charset=ALL-UNNAMED --add-opens=java.base/java.net=ALL-UNNAMED --add-opens=java.base/java.util.concurrent.atomic=ALL-UNNAMED --add-opens=java.xml/javax.xml.namespace=ALL-UNNAMED -XX:MaxMetaspaceSize=512m -Xmx2048m -Dfile.encoding=UTF-8 -Duser.country=US -Duser.language=en -Duser.variant -javaagent:C:\Users\manth\.gradle\wrapper\dists\gradle-8.13-bin\5xuhj0ry160q40clulazy9h7d\gradle-8.13\lib\agents\gradle-instrumentation-agent-8.13.jar org.gradle.launcher.daemon.bootstrap.GradleDaemon 8.13

Host: 11th Gen Intel(R) Core(TM) i5-11400H @ 2.70GHz, 12 cores, 15G,  Windows 11 , 64 bit Build 26100 (10.0.26100.8115)
Time: Fri Apr 10 16:09:52 2026 India Standard Time elapsed time: 7.935725 seconds (0d 0h 0m 7s)

---------------  T H R E A D  ---------------

Current thread (0x00000185e1396a00):  JavaThread "C2 CompilerThread0" daemon [_thread_in_native, id=10076, stack(0x0000003cd3300000,0x0000003cd3400000)]


Current CompileTask:
C2:   7935 7102   !   4       java.net.URLClassLoader::findClass (47 bytes)

Stack: [0x0000003cd3300000,0x0000003cd3400000]
Native frames: (J=compiled Java code, j=interpreted, Vv=VM code, C=native code)
V  [jvm.dll+0x6886b9]
V  [jvm.dll+0x83f6f8]
V  [jvm.dll+0x8411a3]
V  [jvm.dll+0x841813]
V  [jvm.dll+0x2495cf]
V  [jvm.dll+0xad0d4]
V  [jvm.dll+0xad76c]
V  [jvm.dll+0x36ae0e]
V  [jvm.dll+0x335403]
V  [jvm.dll+0x33489a]
V  [jvm.dll+0x21a7e8]
V  [jvm.dll+0x219c1f]
V  [jvm.dll+0x1a5596]
V  [jvm.dll+0x22a27a]
V  [jvm.dll+0x2283bb]
V  [jvm.dll+0x7f4f48]
V  [jvm.dll+0x7ef2ac]
V  [jvm.dll+0x687597]
C  [ucrtbase.dll+0x37b0]
C  [KERNEL32.DLL+0x2e8d7]
C  [ntdll.dll+0x8c3fc]


---------------  P R O C E S S  ---------------

Threads class SMR info:
_java_thread_list=0x0000018584a15f00, length=47, elements={
0x00000185c344f160, 0x00000185e1373920, 0x00000185e1376200, 0x00000185e13892a0,
0x00000185e138ab80, 0x00000185e1393470, 0x00000185e1393d40, 0x00000185e1396a00,
0x00000185e139f3d0, 0x00000185e13b31f0, 0x00000185fd0815c0, 0x00000185fd292940,
0x00000185fe168a50, 0x00000185feaab1a0, 0x00000185fdb3c3d0, 0x00000185fe1922f0,
0x00000185fd9acb70, 0x00000185ff120310, 0x00000185ff120820, 0x00000185ff121c60,
0x00000185ff120d30, 0x00000185ff121240, 0x00000185ff3492c0, 0x00000185ff11e4b0,
0x00000185ff11f8f0, 0x00000185ff121750, 0x00000185ff11eed0, 0x00000185ff11f3e0,
0x00000185ff11fe00, 0x00000185ff21ced0, 0x00000185ff21b070, 0x00000185ff21d3e0,
0x00000185ff21e310, 0x00000185ff21ed30, 0x00000185ff21de00, 0x00000185ff21c9c0,
0x00000185ff21b580, 0x00000185ff21fc60, 0x00000185ff21c4b0, 0x0000018586a08540,
0x0000018586a08a50, 0x0000018586a08f60, 0x0000018586a09470, 0x0000018587ac0100,
0x0000018586a09980, 0x000001858640e4a0, 0x000001858640e9b0
}

Java Threads: ( => current thread )
  0x00000185c344f160 JavaThread "main" [_thread_blocked, id=14788, stack(0x0000003cd2600000,0x0000003cd2700000)]
  0x00000185e1373920 JavaThread "Reference Handler" daemon [_thread_blocked, id=4904, stack(0x0000003cd2d00000,0x0000003cd2e00000)]
  0x00000185e1376200 JavaThread "Finalizer" daemon [_thread_blocked, id=25616, stack(0x0000003cd2e00000,0x0000003cd2f00000)]
  0x00000185e13892a0 JavaThread "Signal Dispatcher" daemon [_thread_blocked, id=8392, stack(0x0000003cd2f00000,0x0000003cd3000000)]
  0x00000185e138ab80 JavaThread "Attach Listener" daemon [_thread_blocked, id=12640, stack(0x0000003cd3000000,0x0000003cd3100000)]
  0x00000185e1393470 JavaThread "Service Thread" daemon [_thread_blocked, id=8592, stack(0x0000003cd3100000,0x0000003cd3200000)]
  0x00000185e1393d40 JavaThread "Monitor Deflation Thread" daemon [_thread_blocked, id=26956, stack(0x0000003cd3200000,0x0000003cd3300000)]
=>0x00000185e1396a00 JavaThread "C2 CompilerThread0" daemon [_thread_in_native, id=10076, stack(0x0000003cd3300000,0x0000003cd3400000)]
  0x00000185e139f3d0 JavaThread "C1 CompilerThread0" daemon [_thread_blocked, id=24612, stack(0x0000003cd3400000,0x0000003cd3500000)]
  0x00000185e13b31f0 JavaThread "Sweeper thread" daemon [_thread_blocked, id=10640, stack(0x0000003cd3500000,0x0000003cd3600000)]
  0x00000185fd0815c0 JavaThread "Common-Cleaner" daemon [_thread_blocked, id=4736, stack(0x0000003cd3600000,0x0000003cd3700000)]
  0x00000185fd292940 JavaThread "Notification Thread" daemon [_thread_blocked, id=15356, stack(0x0000003cd3700000,0x0000003cd3800000)]
  0x00000185fe168a50 JavaThread "Daemon health stats" [_thread_blocked, id=23472, stack(0x0000003cd4000000,0x0000003cd4100000)]
  0x00000185feaab1a0 JavaThread "Incoming local TCP Connector on port 59527" [_thread_in_native, id=11512, stack(0x0000003cd4100000,0x0000003cd4200000)]
  0x00000185fdb3c3d0 JavaThread "Daemon periodic checks" [_thread_blocked, id=21064, stack(0x0000003cd4200000,0x0000003cd4300000)]
  0x00000185fe1922f0 JavaThread "Daemon" [_thread_blocked, id=2896, stack(0x0000003cd4300000,0x0000003cd4400000)]
  0x00000185fd9acb70 JavaThread "Handler for socket connection from /127.0.0.1:59527 to /127.0.0.1:59528" [_thread_in_native, id=2148, stack(0x0000003cd4400000,0x0000003cd4500000)]
  0x00000185ff120310 JavaThread "Cancel handler" [_thread_blocked, id=23172, stack(0x0000003cd3900000,0x0000003cd3a00000)]
  0x00000185ff120820 JavaThread "Daemon worker" [_thread_in_vm, id=17052, stack(0x0000003cd3a00000,0x0000003cd3b00000)]
  0x00000185ff121c60 JavaThread "Asynchronous log dispatcher for DefaultDaemonConnection: socket connection from /127.0.0.1:59527 to /127.0.0.1:59528" [_thread_blocked, id=5780, stack(0x0000003cd4500000,0x0000003cd4600000)]
  0x00000185ff120d30 JavaThread "Stdin handler" [_thread_blocked, id=28340, stack(0x0000003cd4600000,0x0000003cd4700000)]
  0x00000185ff121240 JavaThread "Daemon client event forwarder" [_thread_blocked, id=27888, stack(0x0000003cd4700000,0x0000003cd4800000)]
  0x00000185ff3492c0 JavaThread "C2 CompilerThread1" daemon [_thread_in_native, id=15464, stack(0x0000003cd4800000,0x0000003cd4900000)]
  0x00000185ff11e4b0 JavaThread "Cache worker for journal cache (C:\Users\manth\.gradle\caches\journal-1)" [_thread_blocked, id=21368, stack(0x0000003cd4900000,0x0000003cd4a00000)]
  0x00000185ff11f8f0 JavaThread "File lock request listener" [_thread_in_native, id=25920, stack(0x0000003cd4a00000,0x0000003cd4b00000)]
  0x00000185ff121750 JavaThread "Cache worker for file hash cache (C:\Users\manth\.gradle\caches\8.13\fileHashes)" [_thread_blocked, id=6564, stack(0x0000003cd4b00000,0x0000003cd4c00000)]
  0x00000185ff11eed0 JavaThread "Cache worker for file hash cache (C:\Users\manth\OneDrive\Desktop\React\buildio\android\.gradle\8.13\fileHashes)" [_thread_blocked, id=12684, stack(0x0000003cd4c00000,0x0000003cd4d00000)]
  0x00000185ff11f3e0 JavaThread "Cache worker for Build Output Cleanup Cache (C:\Users\manth\OneDrive\Desktop\React\buildio\android\.gradle\buildOutputCleanup)" [_thread_blocked, id=19136, stack(0x0000003cd4d00000,0x0000003cd4e00000)]
  0x00000185ff11fe00 JavaThread "File watcher server" daemon [_thread_in_native, id=21128, stack(0x0000003cd5400000,0x0000003cd5500000)]
  0x00000185ff21ced0 JavaThread "File watcher consumer" daemon [_thread_blocked, id=28008, stack(0x0000003cd5500000,0x0000003cd5600000)]
  0x00000185ff21b070 JavaThread "jar transforms" [_thread_blocked, id=10908, stack(0x0000003cd5600000,0x0000003cd5700000)]
  0x00000185ff21d3e0 JavaThread "jar transforms Thread 2" [_thread_blocked, id=19588, stack(0x0000003cd5700000,0x0000003cd5800000)]
  0x00000185ff21e310 JavaThread "jar transforms Thread 3" [_thread_blocked, id=5956, stack(0x0000003cd5800000,0x0000003cd5900000)]
  0x00000185ff21ed30 JavaThread "jar transforms Thread 4" [_thread_blocked, id=27612, stack(0x0000003cd5b00000,0x0000003cd5c00000)]
  0x00000185ff21de00 JavaThread "jar transforms Thread 5" [_thread_blocked, id=15436, stack(0x0000003cd5c00000,0x0000003cd5d00000)]
  0x00000185ff21c9c0 JavaThread "Cache worker for checksums cache (C:\Users\manth\OneDrive\Desktop\React\buildio\android\.gradle\8.13\checksums)" [_thread_blocked, id=6748, stack(0x0000003cd5d00000,0x0000003cd5e00000)]
  0x00000185ff21b580 JavaThread "Cache worker for file content cache (C:\Users\manth\.gradle\caches\8.13\fileContent)" [_thread_blocked, id=13004, stack(0x0000003cd5e00000,0x0000003cd5f00000)]
  0x00000185ff21fc60 JavaThread "jar transforms Thread 6" [_thread_blocked, id=26820, stack(0x0000003cd5f00000,0x0000003cd6000000)]
  0x00000185ff21c4b0 JavaThread "jar transforms Thread 7" [_thread_blocked, id=26444, stack(0x0000003cd6000000,0x0000003cd6100000)]
  0x0000018586a08540 JavaThread "jar transforms Thread 8" [_thread_blocked, id=7048, stack(0x0000003cd6100000,0x0000003cd6200000)]
  0x0000018586a08a50 JavaThread "jar transforms Thread 9" [_thread_blocked, id=6324, stack(0x0000003cd6200000,0x0000003cd6300000)]
  0x0000018586a08f60 JavaThread "jar transforms Thread 10" [_thread_blocked, id=27124, stack(0x0000003cd6300000,0x0000003cd6400000)]
  0x0000018586a09470 JavaThread "jar transforms Thread 11" [_thread_blocked, id=12700, stack(0x0000003cd6400000,0x0000003cd6500000)]
  0x0000018587ac0100 JavaThread "jar transforms Thread 12" [_thread_blocked, id=26428, stack(0x0000003cd6500000,0x0000003cd6600000)]
  0x0000018586a09980 JavaThread "Cache worker for cache directory md-supplier (C:\Users\manth\.gradle\caches\8.13\md-supplier)" [_thread_blocked, id=27156, stack(0x0000003cd6600000,0x0000003cd6700000)]
  0x000001858640e4a0 JavaThread "Cache worker for cache directory md-rule (C:\Users\manth\.gradle\caches\8.13\md-rule)" [_thread_blocked, id=9360, stack(0x0000003cd6700000,0x0000003cd6800000)]
  0x000001858640e9b0 JavaThread "Cache worker for Build Output Cleanup Cache (C:\Users\manth\OneDrive\Desktop\React\buildio\node_modules\@react-native\gradle-plugin\.gradle\buildOutputCleanup)" [_thread_blocked, id=17032, stack(0x0000003cd6800000,0x0000003cd6900000)]

Other Threads:
  0x00000185e136e830 VMThread "VM Thread" [stack: 0x0000003cd2c00000,0x0000003cd2d00000] [id=2312]
  0x00000185fd292e20 WatcherThread [stack: 0x0000003cd3800000,0x0000003cd3900000] [id=11044]
  0x00000185c34aa6d0 GCTaskThread "GC Thread#0" [stack: 0x0000003cd2700000,0x0000003cd2800000] [id=8208]
  0x00000185fd55dbe0 GCTaskThread "GC Thread#1" [stack: 0x0000003cd3b00000,0x0000003cd3c00000] [id=24568]
  0x00000185fd392980 GCTaskThread "GC Thread#2" [stack: 0x0000003cd3c00000,0x0000003cd3d00000] [id=1904]
  0x00000185fd326320 GCTaskThread "GC Thread#3" [stack: 0x0000003cd3d00000,0x0000003cd3e00000] [id=26236]
  0x00000185fd7257f0 GCTaskThread "GC Thread#4" [stack: 0x0000003cd3e00000,0x0000003cd3f00000] [id=10356]
  0x00000185fd725ab0 GCTaskThread "GC Thread#5" [stack: 0x0000003cd3f00000,0x0000003cd4000000] [id=15876]
  0x00000185ff1d6e10 GCTaskThread "GC Thread#6" [stack: 0x0000003cd4e00000,0x0000003cd4f00000] [id=2744]
  0x00000185ff1d7910 GCTaskThread "GC Thread#7" [stack: 0x0000003cd4f00000,0x0000003cd5000000] [id=10188]
  0x00000185ff1d7650 GCTaskThread "GC Thread#8" [stack: 0x0000003cd5000000,0x0000003cd5100000] [id=23156]
  0x00000185ff1d65d0 GCTaskThread "GC Thread#9" [stack: 0x0000003cd5100000,0x0000003cd5200000] [id=20692]
  0x00000185c34bc200 ConcurrentGCThread "G1 Main Marker" [stack: 0x0000003cd2800000,0x0000003cd2900000] [id=16124]
  0x00000185c34be9f0 ConcurrentGCThread "G1 Conc#0" [stack: 0x0000003cd2900000,0x0000003cd2a00000] [id=24648]
  0x00000185ff1d6890 ConcurrentGCThread "G1 Conc#1" [stack: 0x0000003cd5200000,0x0000003cd5300000] [id=27964]
  0x00000185ff1d6b50 ConcurrentGCThread "G1 Conc#2" [stack: 0x0000003cd5300000,0x0000003cd5400000] [id=21156]
  0x00000185c34ed8e0 ConcurrentGCThread "G1 Refine#0" [stack: 0x0000003cd2a00000,0x0000003cd2b00000] [id=27236]
  0x0000018585df6750 ConcurrentGCThread "G1 Refine#1" [stack: 0x0000003cd5a00000,0x0000003cd5b00000] [id=26500]
  0x00000185866e0fc0 ConcurrentGCThread "G1 Refine#2" [stack: 0x0000003cd6900000,0x0000003cd6a00000] [id=6196]
  0x00000185866dfb30 ConcurrentGCThread "G1 Refine#3" [stack: 0x0000003cd6a00000,0x0000003cd6b00000] [id=23888]
  0x00000185866e09e0 ConcurrentGCThread "G1 Refine#4" [stack: 0x0000003cd6b00000,0x0000003cd6c00000] [id=24644]
  0x00000185c34ee0c0 ConcurrentGCThread "G1 Service" [stack: 0x0000003cd2b00000,0x0000003cd2c00000] [id=22616]

Threads with active compile tasks:
C2 CompilerThread0     7961 7102   !   4       java.net.URLClassLoader::findClass (47 bytes)
C2 CompilerThread1     7961 7113       4       java.lang.String::split (327 bytes)

VM state: not at safepoint (normal execution)

VM Mutex/Monitor currently owned by a thread: None

Heap address: 0x0000000080000000, size: 2048 MB, Compressed Oops mode: 32-bit

CDS archive(s) mapped at: [0x00000185e2000000-0x00000185e2bb0000-0x00000185e2bb0000), size 12255232, SharedBaseAddress: 0x00000185e2000000, ArchiveRelocationMode: 1.
Compressed class space mapped at: 0x00000185e3000000-0x00000185fd000000, reserved size: 436207616
Narrow klass base: 0x00000185e2000000, Narrow klass shift: 0, Narrow klass range: 0x100000000

GC Precious Log:
 CPUs: 12 total, 12 available
 Memory: 16106M
 Large Page Support: Disabled
 NUMA Support: Disabled
 Compressed Oops: Enabled (32-bit)
 Heap Region Size: 1M
 Heap Min Capacity: 8M
 Heap Initial Capacity: 252M
 Heap Max Capacity: 2G
 Pre-touch: Disabled
 Parallel Workers: 10
 Concurrent Workers: 3
 Concurrent Refinement Workers: 10
 Periodic GC: Disabled

Heap:
 garbage-first heap   total 216064K, used 119756K [0x0000000080000000, 0x0000000100000000)
  region size 1024K, 75 young (76800K), 14 survivors (14336K)
 Metaspace       used 52407K, committed 52992K, reserved 491520K
  class space    used 7183K, committed 7424K, reserved 425984K

Heap Regions: E=young(eden), S=young(survivor), O=old, HS=humongous(starts), HC=humongous(continues), CS=collection set, F=free, OA=open archive, CA=closed archive, TAMS=top-at-mark-start (previous, next)
|   0|0x0000000080000000, 0x0000000080100000, 0x0000000080100000|100%|HS|  |TAMS 0x0000000080100000, 0x0000000080000000| Complete 
|   1|0x0000000080100000, 0x0000000080200000, 0x0000000080200000|100%|HC|  |TAMS 0x0000000080200000, 0x0000000080100000| Complete 
|   2|0x0000000080200000, 0x0000000080300000, 0x0000000080300000|100%|HC|  |TAMS 0x0000000080300000, 0x0000000080200000| Complete 
|   3|0x0000000080300000, 0x0000000080400000, 0x0000000080400000|100%| O|  |TAMS 0x0000000080400000, 0x0000000080300000| Untracked 
|   4|0x0000000080400000, 0x0000000080500000, 0x0000000080500000|100%| O|  |TAMS 0x0000000080500000, 0x0000000080400000| Untracked 
|   5|0x0000000080500000, 0x0000000080600000, 0x0000000080600000|100%| O|  |TAMS 0x0000000080600000, 0x0000000080500000| Untracked 
|   6|0x0000000080600000, 0x0000000080700000, 0x0000000080700000|100%|HS|  |TAMS 0x0000000080700000, 0x0000000080600000| Complete 
|   7|0x0000000080700000, 0x0000000080800000, 0x0000000080800000|100%| O|  |TAMS 0x0000000080800000, 0x0000000080700000| Untracked 
|   8|0x0000000080800000, 0x0000000080900000, 0x0000000080900000|100%| O|  |TAMS 0x0000000080900000, 0x0000000080800000| Untracked 
|   9|0x0000000080900000, 0x00000000809f7800, 0x0000000080a00000| 96%| O|  |TAMS 0x00000000809f7800, 0x0000000080900000| Untracked 
|  10|0x0000000080a00000, 0x0000000080b00000, 0x0000000080b00000|100%| O|  |TAMS 0x0000000080b00000, 0x0000000080a00000| Untracked 
|  11|0x0000000080b00000, 0x0000000080c00000, 0x0000000080c00000|100%| O|  |TAMS 0x0000000080c00000, 0x0000000080b00000| Untracked 
|  12|0x0000000080c00000, 0x0000000080d00000, 0x0000000080d00000|100%| O|  |TAMS 0x0000000080d00000, 0x0000000080c00000| Untracked 
|  13|0x0000000080d00000, 0x0000000080e00000, 0x0000000080e00000|100%| O|  |TAMS 0x0000000080e00000, 0x0000000080d00000| Untracked 
|  14|0x0000000080e00000, 0x0000000080f00000, 0x0000000080f00000|100%| O|  |TAMS 0x0000000080f00000, 0x0000000080e00000| Untracked 
|  15|0x0000000080f00000, 0x0000000081000000, 0x0000000081000000|100%| O|  |TAMS 0x0000000080f00000, 0x0000000080f00000| Untracked 
|  16|0x0000000081000000, 0x0000000081100000, 0x0000000081100000|100%| O|  |TAMS 0x0000000081000000, 0x0000000081000000| Untracked 
|  17|0x0000000081100000, 0x0000000081200000, 0x0000000081200000|100%| O|  |TAMS 0x0000000081100000, 0x0000000081100000| Untracked 
|  18|0x0000000081200000, 0x0000000081300000, 0x0000000081300000|100%| O|  |TAMS 0x0000000081200000, 0x0000000081200000| Untracked 
|  19|0x0000000081300000, 0x0000000081400000, 0x0000000081400000|100%| O|  |TAMS 0x0000000081300000, 0x0000000081300000| Untracked 
|  20|0x0000000081400000, 0x0000000081500000, 0x0000000081500000|100%| O|  |TAMS 0x0000000081400000, 0x0000000081400000| Untracked 
|  21|0x0000000081500000, 0x0000000081600000, 0x0000000081600000|100%| O|  |TAMS 0x0000000081500000, 0x0000000081500000| Untracked 
|  22|0x0000000081600000, 0x0000000081700000, 0x0000000081700000|100%| O|  |TAMS 0x0000000081600000, 0x0000000081600000| Untracked 
|  23|0x0000000081700000, 0x0000000081800000, 0x0000000081800000|100%| O|  |TAMS 0x0000000081700000, 0x0000000081700000| Untracked 
|  24|0x0000000081800000, 0x0000000081900000, 0x0000000081900000|100%| O|  |TAMS 0x0000000081800000, 0x0000000081800000| Untracked 
|  25|0x0000000081900000, 0x0000000081a00000, 0x0000000081a00000|100%| O|  |TAMS 0x0000000081900000, 0x0000000081900000| Untracked 
|  26|0x0000000081a00000, 0x0000000081b00000, 0x0000000081b00000|100%| O|  |TAMS 0x0000000081a00000, 0x0000000081a00000| Untracked 
|  27|0x0000000081b00000, 0x0000000081c00000, 0x0000000081c00000|100%| O|  |TAMS 0x0000000081b00000, 0x0000000081b00000| Untracked 
|  28|0x0000000081c00000, 0x0000000081d00000, 0x0000000081d00000|100%| O|  |TAMS 0x0000000081c00000, 0x0000000081c00000| Untracked 
|  29|0x0000000081d00000, 0x0000000081e00000, 0x0000000081e00000|100%| O|  |TAMS 0x0000000081d00000, 0x0000000081d00000| Untracked 
|  30|0x0000000081e00000, 0x0000000081f00000, 0x0000000081f00000|100%| O|  |TAMS 0x0000000081e00000, 0x0000000081e00000| Untracked 
|  31|0x0000000081f00000, 0x0000000082000000, 0x0000000082000000|100%| O|  |TAMS 0x0000000081f00000, 0x0000000081f00000| Untracked 
|  32|0x0000000082000000, 0x0000000082100000, 0x0000000082100000|100%| O|  |TAMS 0x0000000082000000, 0x0000000082000000| Untracked 
|  33|0x0000000082100000, 0x0000000082200000, 0x0000000082200000|100%| O|  |TAMS 0x0000000082100000, 0x0000000082100000| Untracked 
|  34|0x0000000082200000, 0x0000000082300000, 0x0000000082300000|100%|HS|  |TAMS 0x0000000082200000, 0x0000000082200000| Complete 
|  35|0x0000000082300000, 0x0000000082300000, 0x0000000082400000|  0%| F|  |TAMS 0x0000000082300000, 0x0000000082300000| Untracked 
|  36|0x0000000082400000, 0x0000000082400000, 0x0000000082500000|  0%| F|  |TAMS 0x0000000082400000, 0x0000000082400000| Untracked 
|  37|0x0000000082500000, 0x00000000825fb800, 0x0000000082600000| 98%| O|  |TAMS 0x0000000082500000, 0x0000000082500000| Untracked 
|  38|0x0000000082600000, 0x0000000082600000, 0x0000000082700000|  0%| F|  |TAMS 0x0000000082600000, 0x0000000082600000| Untracked 
|  39|0x0000000082700000, 0x0000000082700000, 0x0000000082800000|  0%| F|  |TAMS 0x0000000082700000, 0x0000000082700000| Untracked 
|  40|0x0000000082800000, 0x0000000082800000, 0x0000000082900000|  0%| F|  |TAMS 0x0000000082800000, 0x0000000082800000| Untracked 
|  41|0x0000000082900000, 0x0000000082900000, 0x0000000082a00000|  0%| F|  |TAMS 0x0000000082900000, 0x0000000082900000| Untracked 
|  42|0x0000000082a00000, 0x0000000082a00000, 0x0000000082b00000|  0%| F|  |TAMS 0x0000000082a00000, 0x0000000082a00000| Untracked 
|  43|0x0000000082b00000, 0x0000000082b00000, 0x0000000082c00000|  0%| F|  |TAMS 0x0000000082b00000, 0x0000000082b00000| Untracked 
|  44|0x0000000082c00000, 0x0000000082c00000, 0x0000000082d00000|  0%| F|  |TAMS 0x0000000082c00000, 0x0000000082c00000| Untracked 
|  45|0x0000000082d00000, 0x0000000082d00000, 0x0000000082e00000|  0%| F|  |TAMS 0x0000000082d00000, 0x0000000082d00000| Untracked 
|  46|0x0000000082e00000, 0x0000000082e00000, 0x0000000082f00000|  0%| F|  |TAMS 0x0000000082e00000, 0x0000000082e00000| Untracked 
|  47|0x0000000082f00000, 0x0000000082f00000, 0x0000000083000000|  0%| F|  |TAMS 0x0000000082f00000, 0x0000000082f00000| Untracked 
|  48|0x0000000083000000, 0x0000000083000000, 0x0000000083100000|  0%| F|  |TAMS 0x0000000083000000, 0x0000000083000000| Untracked 
|  49|0x0000000083100000, 0x0000000083100000, 0x0000000083200000|  0%| F|  |TAMS 0x0000000083100000, 0x0000000083100000| Untracked 
|  50|0x0000000083200000, 0x0000000083200000, 0x0000000083300000|  0%| F|  |TAMS 0x0000000083200000, 0x0000000083200000| Untracked 
|  51|0x0000000083300000, 0x0000000083300000, 0x0000000083400000|  0%| F|  |TAMS 0x0000000083300000, 0x0000000083300000| Untracked 
|  52|0x0000000083400000, 0x0000000083400000, 0x0000000083500000|  0%| F|  |TAMS 0x0000000083400000, 0x0000000083400000| Untracked 
|  53|0x0000000083500000, 0x0000000083500000, 0x0000000083600000|  0%| F|  |TAMS 0x0000000083500000, 0x0000000083500000| Untracked 
|  54|0x0000000083600000, 0x0000000083600000, 0x0000000083700000|  0%| F|  |TAMS 0x0000000083600000, 0x0000000083600000| Untracked 
|  55|0x0000000083700000, 0x0000000083700000, 0x0000000083800000|  0%| F|  |TAMS 0x0000000083700000, 0x0000000083700000| Untracked 
|  56|0x0000000083800000, 0x0000000083800000, 0x0000000083900000|  0%| F|  |TAMS 0x0000000083800000, 0x0000000083800000| Untracked 
|  57|0x0000000083900000, 0x0000000083900000, 0x0000000083a00000|  0%| F|  |TAMS 0x0000000083900000, 0x0000000083900000| Untracked 
|  58|0x0000000083a00000, 0x0000000083a00000, 0x0000000083b00000|  0%| F|  |TAMS 0x0000000083a00000, 0x0000000083a00000| Untracked 
|  59|0x0000000083b00000, 0x0000000083b00000, 0x0000000083c00000|  0%| F|  |TAMS 0x0000000083b00000, 0x0000000083b00000| Untracked 
|  60|0x0000000083c00000, 0x0000000083c00000, 0x0000000083d00000|  0%| F|  |TAMS 0x0000000083c00000, 0x0000000083c00000| Untracked 
|  61|0x0000000083d00000, 0x0000000083d00000, 0x0000000083e00000|  0%| F|  |TAMS 0x0000000083d00000, 0x0000000083d00000| Untracked 
|  62|0x0000000083e00000, 0x0000000083e00000, 0x0000000083f00000|  0%| F|  |TAMS 0x0000000083e00000, 0x0000000083e00000| Untracked 
|  63|0x0000000083f00000, 0x0000000083f00000, 0x0000000084000000|  0%| F|  |TAMS 0x0000000083f00000, 0x0000000083f00000| Untracked 
|  64|0x0000000084000000, 0x0000000084000000, 0x0000000084100000|  0%| F|  |TAMS 0x0000000084000000, 0x0000000084000000| Untracked 
|  65|0x0000000084100000, 0x0000000084100000, 0x0000000084200000|  0%| F|  |TAMS 0x0000000084100000, 0x0000000084100000| Untracked 
|  66|0x0000000084200000, 0x0000000084300000, 0x0000000084300000|100%| S|CS|TAMS 0x0000000084200000, 0x0000000084200000| Complete 
|  67|0x0000000084300000, 0x0000000084400000, 0x0000000084400000|100%| S|CS|TAMS 0x0000000084300000, 0x0000000084300000| Complete 
|  68|0x0000000084400000, 0x0000000084500000, 0x0000000084500000|100%| S|CS|TAMS 0x0000000084400000, 0x0000000084400000| Complete 
|  69|0x0000000084500000, 0x0000000084600000, 0x0000000084600000|100%| S|CS|TAMS 0x0000000084500000, 0x0000000084500000| Complete 
|  70|0x0000000084600000, 0x0000000084700000, 0x0000000084700000|100%| S|CS|TAMS 0x0000000084600000, 0x0000000084600000| Complete 
|  71|0x0000000084700000, 0x0000000084800000, 0x0000000084800000|100%| S|CS|TAMS 0x0000000084700000, 0x0000000084700000| Complete 
|  72|0x0000000084800000, 0x0000000084800000, 0x0000000084900000|  0%| F|  |TAMS 0x0000000084800000, 0x0000000084800000| Untracked 
|  73|0x0000000084900000, 0x0000000084900000, 0x0000000084a00000|  0%| F|  |TAMS 0x0000000084900000, 0x0000000084900000| Untracked 
|  74|0x0000000084a00000, 0x0000000084a00000, 0x0000000084b00000|  0%| F|  |TAMS 0x0000000084a00000, 0x0000000084a00000| Untracked 
|  75|0x0000000084b00000, 0x0000000084b00000, 0x0000000084c00000|  0%| F|  |TAMS 0x0000000084b00000, 0x0000000084b00000| Untracked 
|  76|0x0000000084c00000, 0x0000000084c00000, 0x0000000084d00000|  0%| F|  |TAMS 0x0000000084c00000, 0x0000000084c00000| Untracked 
|  77|0x0000000084d00000, 0x0000000084d00000, 0x0000000084e00000|  0%| F|  |TAMS 0x0000000084d00000, 0x0000000084d00000| Untracked 
|  78|0x0000000084e00000, 0x0000000084e00000, 0x0000000084f00000|  0%| F|  |TAMS 0x0000000084e00000, 0x0000000084e00000| Untracked 
|  79|0x0000000084f00000, 0x0000000084f00000, 0x0000000085000000|  0%| F|  |TAMS 0x0000000084f00000, 0x0000000084f00000| Untracked 
|  80|0x0000000085000000, 0x0000000085000000, 0x0000000085100000|  0%| F|  |TAMS 0x0000000085000000, 0x0000000085000000| Untracked 
|  81|0x0000000085100000, 0x0000000085100000, 0x0000000085200000|  0%| F|  |TAMS 0x0000000085100000, 0x0000000085100000| Untracked 
|  82|0x0000000085200000, 0x0000000085300000, 0x0000000085300000|100%| S|CS|TAMS 0x0000000085200000, 0x0000000085200000| Complete 
|  83|0x0000000085300000, 0x0000000085400000, 0x0000000085400000|100%| S|CS|TAMS 0x0000000085300000, 0x0000000085300000| Complete 
|  84|0x0000000085400000, 0x0000000085500000, 0x0000000085500000|100%| S|CS|TAMS 0x0000000085400000, 0x0000000085400000| Complete 
|  85|0x0000000085500000, 0x0000000085600000, 0x0000000085600000|100%| S|CS|TAMS 0x0000000085500000, 0x0000000085500000| Complete 
|  86|0x0000000085600000, 0x0000000085700000, 0x0000000085700000|100%| S|CS|TAMS 0x0000000085600000, 0x0000000085600000| Complete 
|  87|0x0000000085700000, 0x0000000085800000, 0x0000000085800000|100%| S|CS|TAMS 0x0000000085700000, 0x0000000085700000| Complete 
|  88|0x0000000085800000, 0x0000000085900000, 0x0000000085900000|100%| S|CS|TAMS 0x0000000085800000, 0x0000000085800000| Complete 
|  89|0x0000000085900000, 0x0000000085a00000, 0x0000000085a00000|100%| S|CS|TAMS 0x0000000085900000, 0x0000000085900000| Complete 
|  90|0x0000000085a00000, 0x0000000085a00000, 0x0000000085b00000|  0%| F|  |TAMS 0x0000000085a00000, 0x0000000085a00000| Untracked 
|  91|0x0000000085b00000, 0x0000000085b00000, 0x0000000085c00000|  0%| F|  |TAMS 0x0000000085b00000, 0x0000000085b00000| Untracked 
|  92|0x0000000085c00000, 0x0000000085c00000, 0x0000000085d00000|  0%| F|  |TAMS 0x0000000085c00000, 0x0000000085c00000| Untracked 
|  93|0x0000000085d00000, 0x0000000085d00000, 0x0000000085e00000|  0%| F|  |TAMS 0x0000000085d00000, 0x0000000085d00000| Untracked 
|  94|0x0000000085e00000, 0x0000000085e00000, 0x0000000085f00000|  0%| F|  |TAMS 0x0000000085e00000, 0x0000000085e00000| Untracked 
|  95|0x0000000085f00000, 0x0000000085f00000, 0x0000000086000000|  0%| F|  |TAMS 0x0000000085f00000, 0x0000000085f00000| Untracked 
|  96|0x0000000086000000, 0x0000000086000000, 0x0000000086100000|  0%| F|  |TAMS 0x0000000086000000, 0x0000000086000000| Untracked 
|  97|0x0000000086100000, 0x0000000086100000, 0x0000000086200000|  0%| F|  |TAMS 0x0000000086100000, 0x0000000086100000| Untracked 
|  98|0x0000000086200000, 0x0000000086200000, 0x0000000086300000|  0%| F|  |TAMS 0x0000000086200000, 0x0000000086200000| Untracked 
|  99|0x0000000086300000, 0x0000000086300000, 0x0000000086400000|  0%| F|  |TAMS 0x0000000086300000, 0x0000000086300000| Untracked 
| 100|0x0000000086400000, 0x0000000086400000, 0x0000000086500000|  0%| F|  |TAMS 0x0000000086400000, 0x0000000086400000| Untracked 
| 101|0x0000000086500000, 0x0000000086500000, 0x0000000086600000|  0%| F|  |TAMS 0x0000000086500000, 0x0000000086500000| Untracked 
| 102|0x0000000086600000, 0x0000000086600000, 0x0000000086700000|  0%| F|  |TAMS 0x0000000086600000, 0x0000000086600000| Untracked 
| 103|0x0000000086700000, 0x0000000086700000, 0x0000000086800000|  0%| F|  |TAMS 0x0000000086700000, 0x0000000086700000| Untracked 
| 104|0x0000000086800000, 0x0000000086800000, 0x0000000086900000|  0%| F|  |TAMS 0x0000000086800000, 0x0000000086800000| Untracked 
| 105|0x0000000086900000, 0x0000000086900000, 0x0000000086a00000|  0%| F|  |TAMS 0x0000000086900000, 0x0000000086900000| Untracked 
| 106|0x0000000086a00000, 0x0000000086a00000, 0x0000000086b00000|  0%| F|  |TAMS 0x0000000086a00000, 0x0000000086a00000| Untracked 
| 107|0x0000000086b00000, 0x0000000086b00000, 0x0000000086c00000|  0%| F|  |TAMS 0x0000000086b00000, 0x0000000086b00000| Untracked 
| 108|0x0000000086c00000, 0x0000000086c00000, 0x0000000086d00000|  0%| F|  |TAMS 0x0000000086c00000, 0x0000000086c00000| Untracked 
| 109|0x0000000086d00000, 0x0000000086d00000, 0x0000000086e00000|  0%| F|  |TAMS 0x0000000086d00000, 0x0000000086d00000| Untracked 
| 110|0x0000000086e00000, 0x0000000086e00000, 0x0000000086f00000|  0%| F|  |TAMS 0x0000000086e00000, 0x0000000086e00000| Untracked 
| 111|0x0000000086f00000, 0x0000000086f00000, 0x0000000087000000|  0%| F|  |TAMS 0x0000000086f00000, 0x0000000086f00000| Untracked 
| 112|0x0000000087000000, 0x0000000087000000, 0x0000000087100000|  0%| F|  |TAMS 0x0000000087000000, 0x0000000087000000| Untracked 
| 113|0x0000000087100000, 0x0000000087100000, 0x0000000087200000|  0%| F|  |TAMS 0x0000000087100000, 0x0000000087100000| Untracked 
| 114|0x0000000087200000, 0x0000000087200000, 0x0000000087300000|  0%| F|  |TAMS 0x0000000087200000, 0x0000000087200000| Untracked 
| 115|0x0000000087300000, 0x0000000087300000, 0x0000000087400000|  0%| F|  |TAMS 0x0000000087300000, 0x0000000087300000| Untracked 
| 116|0x0000000087400000, 0x0000000087400000, 0x0000000087500000|  0%| F|  |TAMS 0x0000000087400000, 0x0000000087400000| Untracked 
| 117|0x0000000087500000, 0x0000000087500000, 0x0000000087600000|  0%| F|  |TAMS 0x0000000087500000, 0x0000000087500000| Untracked 
| 118|0x0000000087600000, 0x0000000087600000, 0x0000000087700000|  0%| F|  |TAMS 0x0000000087600000, 0x0000000087600000| Untracked 
| 119|0x0000000087700000, 0x0000000087700000, 0x0000000087800000|  0%| F|  |TAMS 0x0000000087700000, 0x0000000087700000| Untracked 
| 120|0x0000000087800000, 0x0000000087800000, 0x0000000087900000|  0%| F|  |TAMS 0x0000000087800000, 0x0000000087800000| Untracked 
| 121|0x0000000087900000, 0x0000000087900000, 0x0000000087a00000|  0%| F|  |TAMS 0x0000000087900000, 0x0000000087900000| Untracked 
| 122|0x0000000087a00000, 0x0000000087a00000, 0x0000000087b00000|  0%| F|  |TAMS 0x0000000087a00000, 0x0000000087a00000| Untracked 
| 123|0x0000000087b00000, 0x0000000087b00000, 0x0000000087c00000|  0%| F|  |TAMS 0x0000000087b00000, 0x0000000087b00000| Untracked 
| 124|0x0000000087c00000, 0x0000000087c00000, 0x0000000087d00000|  0%| F|  |TAMS 0x0000000087c00000, 0x0000000087c00000| Untracked 
| 125|0x0000000087d00000, 0x0000000087d00000, 0x0000000087e00000|  0%| F|  |TAMS 0x0000000087d00000, 0x0000000087d00000| Untracked 
| 126|0x0000000087e00000, 0x0000000087e00000, 0x0000000087f00000|  0%| F|  |TAMS 0x0000000087e00000, 0x0000000087e00000| Untracked 
| 127|0x0000000087f00000, 0x0000000087f00000, 0x0000000088000000|  0%| F|  |TAMS 0x0000000087f00000, 0x0000000087f00000| Untracked 
| 128|0x0000000088000000, 0x0000000088000000, 0x0000000088100000|  0%| F|  |TAMS 0x0000000088000000, 0x0000000088000000| Untracked 
| 129|0x0000000088100000, 0x0000000088100000, 0x0000000088200000|  0%| F|  |TAMS 0x0000000088100000, 0x0000000088100000| Untracked 
| 130|0x0000000088200000, 0x0000000088200000, 0x0000000088300000|  0%| F|  |TAMS 0x0000000088200000, 0x0000000088200000| Untracked 
| 131|0x0000000088300000, 0x0000000088300000, 0x0000000088400000|  0%| F|  |TAMS 0x0000000088300000, 0x0000000088300000| Untracked 
| 132|0x0000000088400000, 0x0000000088400000, 0x0000000088500000|  0%| F|  |TAMS 0x0000000088400000, 0x0000000088400000| Untracked 
| 133|0x0000000088500000, 0x0000000088500000, 0x0000000088600000|  0%| F|  |TAMS 0x0000000088500000, 0x0000000088500000| Untracked 
| 134|0x0000000088600000, 0x0000000088600000, 0x0000000088700000|  0%| F|  |TAMS 0x0000000088600000, 0x0000000088600000| Untracked 
| 135|0x0000000088700000, 0x0000000088700000, 0x0000000088800000|  0%| F|  |TAMS 0x0000000088700000, 0x0000000088700000| Untracked 
| 136|0x0000000088800000, 0x0000000088800000, 0x0000000088900000|  0%| F|  |TAMS 0x0000000088800000, 0x0000000088800000| Untracked 
| 137|0x0000000088900000, 0x0000000088900000, 0x0000000088a00000|  0%| F|  |TAMS 0x0000000088900000, 0x0000000088900000| Untracked 
| 138|0x0000000088a00000, 0x0000000088a00000, 0x0000000088b00000|  0%| F|  |TAMS 0x0000000088a00000, 0x0000000088a00000| Untracked 
| 139|0x0000000088b00000, 0x0000000088b00000, 0x0000000088c00000|  0%| F|  |TAMS 0x0000000088b00000, 0x0000000088b00000| Untracked 
| 140|0x0000000088c00000, 0x0000000088c00000, 0x0000000088d00000|  0%| F|  |TAMS 0x0000000088c00000, 0x0000000088c00000| Untracked 
| 141|0x0000000088d00000, 0x0000000088d00000, 0x0000000088e00000|  0%| F|  |TAMS 0x0000000088d00000, 0x0000000088d00000| Untracked 
| 142|0x0000000088e00000, 0x0000000088e80000, 0x0000000088f00000| 50%| E|  |TAMS 0x0000000088e00000, 0x0000000088e00000| Complete 
| 143|0x0000000088f00000, 0x0000000089000000, 0x0000000089000000|100%| E|CS|TAMS 0x0000000088f00000, 0x0000000088f00000| Complete 
| 144|0x0000000089000000, 0x0000000089100000, 0x0000000089100000|100%| E|CS|TAMS 0x0000000089000000, 0x0000000089000000| Complete 
| 145|0x0000000089100000, 0x0000000089200000, 0x0000000089200000|100%| E|CS|TAMS 0x0000000089100000, 0x0000000089100000| Complete 
| 146|0x0000000089200000, 0x0000000089300000, 0x0000000089300000|100%| E|CS|TAMS 0x0000000089200000, 0x0000000089200000| Complete 
| 147|0x0000000089300000, 0x0000000089400000, 0x0000000089400000|100%| E|CS|TAMS 0x0000000089300000, 0x0000000089300000| Complete 
| 148|0x0000000089400000, 0x0000000089500000, 0x0000000089500000|100%| E|CS|TAMS 0x0000000089400000, 0x0000000089400000| Complete 
| 149|0x0000000089500000, 0x0000000089600000, 0x0000000089600000|100%| E|CS|TAMS 0x0000000089500000, 0x0000000089500000| Complete 
| 150|0x0000000089600000, 0x0000000089700000, 0x0000000089700000|100%| E|CS|TAMS 0x0000000089600000, 0x0000000089600000| Complete 
| 151|0x0000000089700000, 0x0000000089800000, 0x0000000089800000|100%| E|CS|TAMS 0x0000000089700000, 0x0000000089700000| Complete 
| 152|0x0000000089800000, 0x0000000089900000, 0x0000000089900000|100%| E|CS|TAMS 0x0000000089800000, 0x0000000089800000| Complete 
| 153|0x0000000089900000, 0x0000000089a00000, 0x0000000089a00000|100%| E|CS|TAMS 0x0000000089900000, 0x0000000089900000| Complete 
| 154|0x0000000089a00000, 0x0000000089b00000, 0x0000000089b00000|100%| E|CS|TAMS 0x0000000089a00000, 0x0000000089a00000| Complete 
| 155|0x0000000089b00000, 0x0000000089c00000, 0x0000000089c00000|100%| E|CS|TAMS 0x0000000089b00000, 0x0000000089b00000| Complete 
| 156|0x0000000089c00000, 0x0000000089d00000, 0x0000000089d00000|100%| E|CS|TAMS 0x0000000089c00000, 0x0000000089c00000| Complete 
| 157|0x0000000089d00000, 0x0000000089e00000, 0x0000000089e00000|100%| E|CS|TAMS 0x0000000089d00000, 0x0000000089d00000| Complete 
| 158|0x0000000089e00000, 0x0000000089f00000, 0x0000000089f00000|100%| E|CS|TAMS 0x0000000089e00000, 0x0000000089e00000| Complete 
| 159|0x0000000089f00000, 0x000000008a000000, 0x000000008a000000|100%| E|CS|TAMS 0x0000000089f00000, 0x0000000089f00000| Complete 
| 160|0x000000008a000000, 0x000000008a100000, 0x000000008a100000|100%| E|CS|TAMS 0x000000008a000000, 0x000000008a000000| Complete 
| 161|0x000000008a100000, 0x000000008a200000, 0x000000008a200000|100%| E|CS|TAMS 0x000000008a100000, 0x000000008a100000| Complete 
| 162|0x000000008a200000, 0x000000008a300000, 0x000000008a300000|100%| E|CS|TAMS 0x000000008a200000, 0x000000008a200000| Complete 
| 163|0x000000008a300000, 0x000000008a400000, 0x000000008a400000|100%| E|CS|TAMS 0x000000008a300000, 0x000000008a300000| Complete 
| 164|0x000000008a400000, 0x000000008a500000, 0x000000008a500000|100%| E|CS|TAMS 0x000000008a400000, 0x000000008a400000| Complete 
| 165|0x000000008a500000, 0x000000008a600000, 0x000000008a600000|100%| E|CS|TAMS 0x000000008a500000, 0x000000008a500000| Complete 
| 166|0x000000008a600000, 0x000000008a700000, 0x000000008a700000|100%| E|CS|TAMS 0x000000008a600000, 0x000000008a600000| Complete 
| 167|0x000000008a700000, 0x000000008a800000, 0x000000008a800000|100%| E|CS|TAMS 0x000000008a700000, 0x000000008a700000| Complete 
| 168|0x000000008a800000, 0x000000008a900000, 0x000000008a900000|100%| E|CS|TAMS 0x000000008a800000, 0x000000008a800000| Complete 
| 169|0x000000008a900000, 0x000000008aa00000, 0x000000008aa00000|100%| E|CS|TAMS 0x000000008a900000, 0x000000008a900000| Complete 
| 170|0x000000008aa00000, 0x000000008ab00000, 0x000000008ab00000|100%| E|CS|TAMS 0x000000008aa00000, 0x000000008aa00000| Complete 
| 171|0x000000008ab00000, 0x000000008ac00000, 0x000000008ac00000|100%| E|CS|TAMS 0x000000008ab00000, 0x000000008ab00000| Complete 
| 172|0x000000008ac00000, 0x000000008ad00000, 0x000000008ad00000|100%| E|CS|TAMS 0x000000008ac00000, 0x000000008ac00000| Complete 
| 173|0x000000008ad00000, 0x000000008ae00000, 0x000000008ae00000|100%| E|CS|TAMS 0x000000008ad00000, 0x000000008ad00000| Complete 
| 174|0x000000008ae00000, 0x000000008af00000, 0x000000008af00000|100%| E|CS|TAMS 0x000000008ae00000, 0x000000008ae00000| Complete 
| 175|0x000000008af00000, 0x000000008b000000, 0x000000008b000000|100%| E|CS|TAMS 0x000000008af00000, 0x000000008af00000| Complete 
| 176|0x000000008b000000, 0x000000008b100000, 0x000000008b100000|100%| E|CS|TAMS 0x000000008b000000, 0x000000008b000000| Complete 
| 177|0x000000008b100000, 0x000000008b200000, 0x000000008b200000|100%| E|CS|TAMS 0x000000008b100000, 0x000000008b100000| Complete 
| 178|0x000000008b200000, 0x000000008b300000, 0x000000008b300000|100%| E|CS|TAMS 0x000000008b200000, 0x000000008b200000| Complete 
| 179|0x000000008b300000, 0x000000008b400000, 0x000000008b400000|100%| E|CS|TAMS 0x000000008b300000, 0x000000008b300000| Complete 
| 180|0x000000008b400000, 0x000000008b500000, 0x000000008b500000|100%| E|CS|TAMS 0x000000008b400000, 0x000000008b400000| Complete 
| 181|0x000000008b500000, 0x000000008b600000, 0x000000008b600000|100%| E|CS|TAMS 0x000000008b500000, 0x000000008b500000| Complete 
| 182|0x000000008b600000, 0x000000008b700000, 0x000000008b700000|100%| E|CS|TAMS 0x000000008b600000, 0x000000008b600000| Complete 
| 183|0x000000008b700000, 0x000000008b800000, 0x000000008b800000|100%| E|CS|TAMS 0x000000008b700000, 0x000000008b700000| Complete 
| 184|0x000000008b800000, 0x000000008b900000, 0x000000008b900000|100%| E|CS|TAMS 0x000000008b800000, 0x000000008b800000| Complete 
| 185|0x000000008b900000, 0x000000008ba00000, 0x000000008ba00000|100%| E|CS|TAMS 0x000000008b900000, 0x000000008b900000| Complete 
| 186|0x000000008ba00000, 0x000000008bb00000, 0x000000008bb00000|100%| E|CS|TAMS 0x000000008ba00000, 0x000000008ba00000| Complete 
| 187|0x000000008bb00000, 0x000000008bc00000, 0x000000008bc00000|100%| E|CS|TAMS 0x000000008bb00000, 0x000000008bb00000| Complete 
| 188|0x000000008bc00000, 0x000000008bd00000, 0x000000008bd00000|100%| E|CS|TAMS 0x000000008bc00000, 0x000000008bc00000| Complete 
| 189|0x000000008bd00000, 0x000000008be00000, 0x000000008be00000|100%| E|CS|TAMS 0x000000008bd00000, 0x000000008bd00000| Complete 
| 190|0x000000008be00000, 0x000000008bf00000, 0x000000008bf00000|100%| E|CS|TAMS 0x000000008be00000, 0x000000008be00000| Complete 
| 191|0x000000008bf00000, 0x000000008c000000, 0x000000008c000000|100%| E|CS|TAMS 0x000000008bf00000, 0x000000008bf00000| Complete 
| 192|0x000000008c000000, 0x000000008c100000, 0x000000008c100000|100%| E|CS|TAMS 0x000000008c000000, 0x000000008c000000| Complete 
| 193|0x000000008c100000, 0x000000008c200000, 0x000000008c200000|100%| E|CS|TAMS 0x000000008c100000, 0x000000008c100000| Complete 
| 194|0x000000008c200000, 0x000000008c300000, 0x000000008c300000|100%| E|CS|TAMS 0x000000008c200000, 0x000000008c200000| Complete 
| 195|0x000000008c300000, 0x000000008c400000, 0x000000008c400000|100%| E|CS|TAMS 0x000000008c300000, 0x000000008c300000| Complete 
| 196|0x000000008c400000, 0x000000008c500000, 0x000000008c500000|100%| E|CS|TAMS 0x000000008c400000, 0x000000008c400000| Complete 
| 197|0x000000008c500000, 0x000000008c600000, 0x000000008c600000|100%| E|CS|TAMS 0x000000008c500000, 0x000000008c500000| Complete 
| 198|0x000000008c600000, 0x000000008c700000, 0x000000008c700000|100%| E|CS|TAMS 0x000000008c600000, 0x000000008c600000| Complete 
| 199|0x000000008c700000, 0x000000008c800000, 0x000000008c800000|100%| E|CS|TAMS 0x000000008c700000, 0x000000008c700000| Complete 
| 200|0x000000008c800000, 0x000000008c900000, 0x000000008c900000|100%| E|CS|TAMS 0x000000008c800000, 0x000000008c800000| Complete 
| 201|0x000000008c900000, 0x000000008ca00000, 0x000000008ca00000|100%| E|CS|TAMS 0x000000008c900000, 0x000000008c900000| Complete 
| 202|0x000000008ca00000, 0x000000008cb00000, 0x000000008cb00000|100%| E|CS|TAMS 0x000000008ca00000, 0x000000008ca00000| Complete 
| 251|0x000000008fb00000, 0x000000008fc00000, 0x000000008fc00000|100%| E|CS|TAMS 0x000000008fb00000, 0x000000008fb00000| Complete 
|2041|0x00000000ff900000, 0x00000000ffa00000, 0x00000000ffa00000|100%| O|  |TAMS 0x00000000ffa00000, 0x00000000ff900000| Untracked 
|2042|0x00000000ffa00000, 0x00000000ffb00000, 0x00000000ffb00000|100%| O|  |TAMS 0x00000000ffb00000, 0x00000000ffa00000| Untracked 
|2043|0x00000000ffb00000, 0x00000000ffc00000, 0x00000000ffc00000|100%| O|  |TAMS 0x00000000ffc00000, 0x00000000ffb00000| Untracked 
|2044|0x00000000ffc00000, 0x00000000ffd00000, 0x00000000ffd00000|100%| O|  |TAMS 0x00000000ffd00000, 0x00000000ffc00000| Untracked 
|2045|0x00000000ffd00000, 0x00000000ffe00000, 0x00000000ffe00000|100%| O|  |TAMS 0x00000000ffe00000, 0x00000000ffd00000| Untracked 
|2046|0x00000000ffe00000, 0x00000000fff00000, 0x00000000fff00000|100%| O|  |TAMS 0x00000000fff00000, 0x00000000ffe00000| Untracked 
|2047|0x00000000fff00000, 0x0000000100000000, 0x0000000100000000|100%| O|  |TAMS 0x0000000100000000, 0x00000000fff00000| Untracked 

Card table byte_map: [0x00000185da8c0000,0x00000185dacc0000] _byte_map_base: 0x00000185da4c0000

Marking Bits (Prev, Next): (CMBitMap*) 0x00000185c34aac00, (CMBitMap*) 0x00000185c34aac40
 Prev Bits: [0x00000185db0c0000, 0x00000185dd0c0000)
 Next Bits: [0x00000185dd0c0000, 0x00000185df0c0000)

Polling page: 0x00000185c1720000

Metaspace:

Usage:
  Non-class:     44.25 MB used.
      Class:      7.02 MB used.
       Both:     51.27 MB used.

Virtual space:
  Non-class space:       64.00 MB reserved,      44.56 MB ( 70%) committed,  1 nodes.
      Class space:      416.00 MB reserved,       7.31 MB (  2%) committed,  1 nodes.
             Both:      480.00 MB reserved,      51.88 MB ( 11%) committed. 

Chunk freelists:
   Non-Class:  2.70 MB
       Class:  8.55 MB
        Both:  11.25 MB

MaxMetaspaceSize: 512.00 MB
CompressedClassSpaceSize: 416.00 MB
Initial GC threshold: 21.00 MB
Current GC threshold: 59.06 MB
CDS: on
MetaspaceReclaimPolicy: balanced
 - commit_granule_bytes: 65536.
 - commit_granule_words: 8192.
 - virtual_space_node_default_size: 8388608.
 - enlarge_chunks_in_place: 1.
 - new_chunks_are_fully_committed: 0.
 - uncommit_free_chunks: 1.
 - use_allocation_guard: 0.
 - handle_deallocations: 1.


Internal statistics:

num_allocs_failed_limit: 6.
num_arena_births: 752.
num_arena_deaths: 0.
num_vsnodes_births: 2.
num_vsnodes_deaths: 0.
num_space_committed: 830.
num_space_uncommitted: 0.
num_chunks_returned_to_freelist: 6.
num_chunks_taken_from_freelist: 2883.
num_chunk_merges: 6.
num_chunk_splits: 1871.
num_chunks_enlarged: 1256.
num_inconsistent_stats: 0.

CodeHeap 'non-profiled nmethods': size=120000Kb used=4518Kb max_used=4518Kb free=115481Kb
 bounds [0x00000185d2a40000, 0x00000185d2eb0000, 0x00000185d9f70000]
CodeHeap 'profiled nmethods': size=120000Kb used=11945Kb max_used=11945Kb free=108054Kb
 bounds [0x00000185caf70000, 0x00000185cbb20000, 0x00000185d24a0000]
CodeHeap 'non-nmethods': size=5760Kb used=2352Kb max_used=2405Kb free=3407Kb
 bounds [0x00000185d24a0000, 0x00000185d2710000, 0x00000185d2a40000]
 total_blobs=7153 nmethods=6293 adapters=772
 compilation: enabled
              stopped_count=0, restarted_count=0
 full_count=0

Compilation events (20 events):
Event: 7.564 Thread 0x00000185e139f3d0 nmethod 7104 0x00000185cbb17610 code [0x00000185cbb177c0, 0x00000185cbb17a18]
Event: 7.565 Thread 0x00000185ff3492c0 7105       4       java.lang.invoke.MemberName::initResolved (53 bytes)
Event: 7.565 Thread 0x00000185ff3492c0 nmethod 7105 0x00000185d2ea6910 code [0x00000185d2ea6a80, 0x00000185d2ea6b58]
Event: 7.635 Thread 0x00000185ff3492c0 7106       4       java.lang.String::indexOf (18 bytes)
Event: 7.637 Thread 0x00000185ff3492c0 nmethod 7106 0x00000185d2ea6c10 code [0x00000185d2ea6da0, 0x00000185d2ea7158]
Event: 7.637 Thread 0x00000185ff3492c0 7107       4       java.lang.String::indexOf (113 bytes)
Event: 7.638 Thread 0x00000185ff3492c0 nmethod 7107 0x00000185d2ea7390 code [0x00000185d2ea7520, 0x00000185d2ea7878]
Event: 7.649 Thread 0x00000185ff3492c0 7108       4       jdk.internal.org.objectweb.asm.MethodWriter::visitFieldInsn (258 bytes)
Event: 7.653 Thread 0x00000185ff3492c0 nmethod 7108 0x00000185d2ea7a90 code [0x00000185d2ea7c60, 0x00000185d2ea80d0]
Event: 7.653 Thread 0x00000185ff3492c0 7109       4       jdk.internal.org.objectweb.asm.SymbolTable::addConstantFieldref (10 bytes)
Event: 7.654 Thread 0x00000185ff3492c0 nmethod 7109 0x00000185d2ea8590 code [0x00000185d2ea8720, 0x00000185d2ea87c8]
Event: 7.683 Thread 0x00000185ff3492c0 7110       4       java.lang.String::regionMatches (150 bytes)
Event: 7.684 Thread 0x00000185e139f3d0 7112       3       java.util.regex.Pattern::range (294 bytes)
Event: 7.685 Thread 0x00000185e139f3d0 nmethod 7112 0x00000185cbb17b10 code [0x00000185cbb17f40, 0x00000185cbb19718]
Event: 7.689 Thread 0x00000185ff3492c0 nmethod 7110 0x00000185d2ea8890 code [0x00000185d2ea8a40, 0x00000185d2ea91b8]
Event: 7.689 Thread 0x00000185ff3492c0 7111       4       java.util.regex.Pattern::unread (11 bytes)
Event: 7.689 Thread 0x00000185ff3492c0 nmethod 7111 0x00000185d2ea9710 code [0x00000185d2ea9880, 0x00000185d2ea98f8]
Event: 7.692 Thread 0x00000185ff3492c0 7113       4       java.lang.String::split (327 bytes)
Event: 7.717 Thread 0x00000185e139f3d0 7115       3       sun.nio.ch.FileKey::hashCode (42 bytes)
Event: 7.717 Thread 0x00000185e139f3d0 nmethod 7115 0x00000185cbb19f90 code [0x00000185cbb1a120, 0x00000185cbb1a258]

GC Heap History (20 events):
Event: 2.869 GC heap before
{Heap before GC invocations=3 (full 0):
 garbage-first heap   total 258048K, used 118750K [0x0000000080000000, 0x0000000100000000)
  region size 1024K, 108 young (110592K), 7 survivors (7168K)
 Metaspace       used 21149K, committed 21504K, reserved 491520K
  class space    used 3093K, committed 3264K, reserved 425984K
}
Event: 2.877 GC heap after
{Heap after GC invocations=4 (full 0):
 garbage-first heap   total 258048K, used 23669K [0x0000000080000000, 0x0000000100000000)
  region size 1024K, 15 young (15360K), 15 survivors (15360K)
 Metaspace       used 21149K, committed 21504K, reserved 491520K
  class space    used 3093K, committed 3264K, reserved 425984K
}
Event: 3.736 GC heap before
{Heap before GC invocations=5 (full 0):
 garbage-first heap   total 86016K, used 84085K [0x0000000080000000, 0x0000000100000000)
  region size 1024K, 75 young (76800K), 15 survivors (15360K)
 Metaspace       used 29134K, committed 29568K, reserved 491520K
  class space    used 4199K, committed 4416K, reserved 425984K
}
Event: 3.743 GC heap after
{Heap after GC invocations=6 (full 0):
 garbage-first heap   total 105472K, used 28164K [0x0000000080000000, 0x0000000100000000)
  region size 1024K, 12 young (12288K), 12 survivors (12288K)
 Metaspace       used 29134K, committed 29568K, reserved 491520K
  class space    used 4199K, committed 4416K, reserved 425984K
}
Event: 4.112 GC heap before
{Heap before GC invocations=6 (full 0):
 garbage-first heap   total 105472K, used 76292K [0x0000000080000000, 0x0000000100000000)
  region size 1024K, 60 young (61440K), 12 survivors (12288K)
 Metaspace       used 32655K, committed 33088K, reserved 491520K
  class space    used 4722K, committed 4928K, reserved 425984K
}
Event: 4.118 GC heap after
{Heap after GC invocations=7 (full 0):
 garbage-first heap   total 105472K, used 31463K [0x0000000080000000, 0x0000000100000000)
  region size 1024K, 8 young (8192K), 8 survivors (8192K)
 Metaspace       used 32655K, committed 33088K, reserved 491520K
  class space    used 4722K, committed 4928K, reserved 425984K
}
Event: 4.452 GC heap before
{Heap before GC invocations=7 (full 0):
 garbage-first heap   total 105472K, used 60135K [0x0000000080000000, 0x0000000100000000)
  region size 1024K, 37 young (37888K), 8 survivors (8192K)
 Metaspace       used 35655K, committed 36096K, reserved 491520K
  class space    used 5095K, committed 5312K, reserved 425984K
}
Event: 4.455 GC heap after
{Heap after GC invocations=8 (full 0):
 garbage-first heap   total 105472K, used 33509K [0x0000000080000000, 0x0000000100000000)
  region size 1024K, 6 young (6144K), 6 survivors (6144K)
 Metaspace       used 35655K, committed 36096K, reserved 491520K
  class space    used 5095K, committed 5312K, reserved 425984K
}
Event: 5.025 GC heap before
{Heap before GC invocations=9 (full 0):
 garbage-first heap   total 105472K, used 84709K [0x0000000080000000, 0x0000000100000000)
  region size 1024K, 51 young (52224K), 6 survivors (6144K)
 Metaspace       used 41775K, committed 42240K, reserved 491520K
  class space    used 5768K, committed 6016K, reserved 425984K
}
Event: 5.029 GC heap after
{Heap after GC invocations=10 (full 0):
 garbage-first heap   total 105472K, used 38054K [0x0000000080000000, 0x0000000100000000)
  region size 1024K, 7 young (7168K), 7 survivors (7168K)
 Metaspace       used 41775K, committed 42240K, reserved 491520K
  class space    used 5768K, committed 6016K, reserved 425984K
}
Event: 5.032 GC heap before
{Heap before GC invocations=10 (full 0):
 garbage-first heap   total 105472K, used 39078K [0x0000000080000000, 0x0000000100000000)
  region size 1024K, 8 young (8192K), 7 survivors (7168K)
 Metaspace       used 41775K, committed 42240K, reserved 491520K
  class space    used 5768K, committed 6016K, reserved 425984K
}
Event: 5.035 GC heap after
{Heap after GC invocations=11 (full 0):
 garbage-first heap   total 105472K, used 38652K [0x0000000080000000, 0x0000000100000000)
  region size 1024K, 1 young (1024K), 1 survivors (1024K)
 Metaspace       used 41775K, committed 42240K, reserved 491520K
  class space    used 5768K, committed 6016K, reserved 425984K
}
Event: 5.112 GC heap before
{Heap before GC invocations=11 (full 0):
 garbage-first heap   total 105472K, used 81660K [0x0000000080000000, 0x0000000100000000)
  region size 1024K, 43 young (44032K), 1 survivors (1024K)
 Metaspace       used 41802K, committed 42304K, reserved 491520K
  class space    used 5768K, committed 6016K, reserved 425984K
}
Event: 5.114 GC heap after
{Heap after GC invocations=12 (full 0):
 garbage-first heap   total 105472K, used 41721K [0x0000000080000000, 0x0000000100000000)
  region size 1024K, 4 young (4096K), 4 survivors (4096K)
 Metaspace       used 41802K, committed 42304K, reserved 491520K
  class space    used 5768K, committed 6016K, reserved 425984K
}
Event: 5.190 GC heap before
{Heap before GC invocations=12 (full 0):
 garbage-first heap   total 105472K, used 81657K [0x0000000080000000, 0x0000000100000000)
  region size 1024K, 43 young (44032K), 4 survivors (4096K)
 Metaspace       used 41804K, committed 42304K, reserved 491520K
  class space    used 5768K, committed 6016K, reserved 425984K
}
Event: 5.194 GC heap after
{Heap after GC invocations=13 (full 0):
 garbage-first heap   total 216064K, used 43235K [0x0000000080000000, 0x0000000100000000)
  region size 1024K, 2 young (2048K), 2 survivors (2048K)
 Metaspace       used 41804K, committed 42304K, reserved 491520K
  class space    used 5768K, committed 6016K, reserved 425984K
}
Event: 5.721 GC heap before
{Heap before GC invocations=13 (full 0):
 garbage-first heap   total 216064K, used 168163K [0x0000000080000000, 0x0000000100000000)
  region size 1024K, 124 young (126976K), 2 survivors (2048K)
 Metaspace       used 42508K, committed 43008K, reserved 491520K
  class space    used 5814K, committed 6080K, reserved 425984K
}
Event: 5.728 GC heap after
{Heap after GC invocations=14 (full 0):
 garbage-first heap   total 216064K, used 51164K [0x0000000080000000, 0x0000000100000000)
  region size 1024K, 10 young (10240K), 10 survivors (10240K)
 Metaspace       used 42508K, committed 43008K, reserved 491520K
  class space    used 5814K, committed 6080K, reserved 425984K
}
Event: 6.960 GC heap before
{Heap before GC invocations=14 (full 0):
 garbage-first heap   total 216064K, used 170972K [0x0000000080000000, 0x0000000100000000)
  region size 1024K, 124 young (126976K), 10 survivors (10240K)
 Metaspace       used 48593K, committed 49216K, reserved 491520K
  class space    used 6579K, committed 6848K, reserved 425984K
}
Event: 6.968 GC heap after
{Heap after GC invocations=15 (full 0):
 garbage-first heap   total 216064K, used 58316K [0x0000000080000000, 0x0000000100000000)
  region size 1024K, 14 young (14336K), 14 survivors (14336K)
 Metaspace       used 48593K, committed 49216K, reserved 491520K
  class space    used 6579K, committed 6848K, reserved 425984K
}

Dll operation events (15 events):
Event: 0.016 Loaded shared library C:\Program Files\Microsoft\jdk-17.0.14.7-hotspot\bin\java.dll
Event: 0.030 Loaded shared library C:\Program Files\Microsoft\jdk-17.0.14.7-hotspot\bin\jsvml.dll
Event: 0.062 Loaded shared library C:\Program Files\Microsoft\jdk-17.0.14.7-hotspot\bin\zip.dll
Event: 0.067 Loaded shared library C:\Program Files\Microsoft\jdk-17.0.14.7-hotspot\bin\instrument.dll
Event: 0.071 Loaded shared library C:\Program Files\Microsoft\jdk-17.0.14.7-hotspot\bin\net.dll
Event: 0.072 Loaded shared library C:\Program Files\Microsoft\jdk-17.0.14.7-hotspot\bin\nio.dll
Event: 0.074 Loaded shared library C:\Program Files\Microsoft\jdk-17.0.14.7-hotspot\bin\zip.dll
Event: 0.226 Loaded shared library C:\Program Files\Microsoft\jdk-17.0.14.7-hotspot\bin\jimage.dll
Event: 0.321 Loaded shared library C:\Program Files\Microsoft\jdk-17.0.14.7-hotspot\bin\verify.dll
Event: 0.383 Loaded shared library C:\Users\manth\.gradle\native\1def1411415f61bf3af743bc5b6707747c0891f09f0c88961ee8f79bc544acac\windows-amd64\native-platform.dll
Event: 0.396 Loaded shared library C:\Users\manth\.gradle\native\0.2.7\x86_64-windows-gnu\gradle-fileevents.dll
Event: 1.035 Loaded shared library C:\Program Files\Microsoft\jdk-17.0.14.7-hotspot\bin\management.dll
Event: 1.039 Loaded shared library C:\Program Files\Microsoft\jdk-17.0.14.7-hotspot\bin\management_ext.dll
Event: 1.216 Loaded shared library C:\Program Files\Microsoft\jdk-17.0.14.7-hotspot\bin\extnet.dll
Event: 1.422 Loaded shared library C:\Program Files\Microsoft\jdk-17.0.14.7-hotspot\bin\sunmscapi.dll

Deoptimization events (20 events):
Event: 7.101 Thread 0x00000185ff120820 Uncommon trap: trap_request=0xffffff45 fr.pc=0x00000185d2e393b0 relative=0x00000000000041b0
Event: 7.101 Thread 0x00000185ff120820 Uncommon trap: reason=unstable_if action=reinterpret pc=0x00000185d2e393b0 method=org.objectweb.asm.Frame.push(I)V @ 26 c2
Event: 7.101 Thread 0x00000185ff120820 DEOPT PACKING pc=0x00000185d2e393b0 sp=0x0000003cd3af50f0
Event: 7.101 Thread 0x00000185ff120820 DEOPT UNPACKING pc=0x00000185d24fa1a3 sp=0x0000003cd3af5018 mode 2
Event: 7.119 Thread 0x00000185ff120820 Uncommon trap: trap_request=0xffffff3d fr.pc=0x00000185d2c35084 relative=0x0000000000000ce4
Event: 7.119 Thread 0x00000185ff120820 Uncommon trap: reason=unstable_fused_if action=reinterpret pc=0x00000185d2c35084 method=org.objectweb.asm.ByteVector.putUTF8(Ljava/lang/String;)Lorg/objectweb/asm/ByteVector; @ 93 c2
Event: 7.119 Thread 0x00000185ff120820 DEOPT PACKING pc=0x00000185d2c35084 sp=0x0000003cd3af4570
Event: 7.119 Thread 0x00000185ff120820 DEOPT UNPACKING pc=0x00000185d24fa1a3 sp=0x0000003cd3af44c8 mode 2
Event: 7.261 Thread 0x00000185ff120820 Uncommon trap: trap_request=0xffffffd6 fr.pc=0x00000185d2a9df8c relative=0x000000000000092c
Event: 7.261 Thread 0x00000185ff120820 Uncommon trap: reason=array_check action=maybe_recompile pc=0x00000185d2a9df8c method=java.util.TimSort.binarySort([Ljava/lang/Object;IIILjava/util/Comparator;)V @ 183 c2
Event: 7.261 Thread 0x00000185ff120820 DEOPT PACKING pc=0x00000185d2a9df8c sp=0x0000003cd3af5b00
Event: 7.261 Thread 0x00000185ff120820 DEOPT UNPACKING pc=0x00000185d24fa1a3 sp=0x0000003cd3af5aa8 mode 2
Event: 7.367 Thread 0x00000185ff120820 Uncommon trap: trap_request=0xffffffc6 fr.pc=0x00000185d2beae00 relative=0x0000000000000240
Event: 7.367 Thread 0x00000185ff120820 Uncommon trap: reason=bimorphic_or_optimized_type_check action=maybe_recompile pc=0x00000185d2beae00 method=com.google.common.base.CharMatcher.indexIn(Ljava/lang/CharSequence;I)I @ 31 c2
Event: 7.367 Thread 0x00000185ff120820 DEOPT PACKING pc=0x00000185d2beae00 sp=0x0000003cd3af66a0
Event: 7.367 Thread 0x00000185ff120820 DEOPT UNPACKING pc=0x00000185d24fa1a3 sp=0x0000003cd3af6648 mode 2
Event: 7.540 Thread 0x00000185ff120820 Uncommon trap: trap_request=0xffffffcc fr.pc=0x00000185d2ea52d8 relative=0x0000000000001438
Event: 7.540 Thread 0x00000185ff120820 Uncommon trap: reason=intrinsic_or_type_checked_inlining action=make_not_entrant pc=0x00000185d2ea52d8 method=java.util.ArrayList.toArray([Ljava/lang/Object;)[Ljava/lang/Object; @ 36 c2
Event: 7.540 Thread 0x00000185ff120820 DEOPT PACKING pc=0x00000185d2ea52d8 sp=0x0000003cd3af5280
Event: 7.541 Thread 0x00000185ff120820 DEOPT UNPACKING pc=0x00000185d24fa1a3 sp=0x0000003cd3af51c8 mode 2

Classes loaded (20 events):
Event: 7.533 Loading class java/io/DeleteOnExitHook$1
Event: 7.533 Loading class java/io/DeleteOnExitHook$1 done
Event: 7.567 Loading class javax/net/ssl/HostnameVerifier
Event: 7.567 Loading class javax/net/ssl/HostnameVerifier done
Event: 7.570 Loading class javax/net/ssl/TrustManager
Event: 7.571 Loading class javax/net/ssl/TrustManager done
Event: 7.571 Loading class javax/net/ssl/X509TrustManager
Event: 7.572 Loading class javax/net/ssl/X509TrustManager done
Event: 7.575 Loading class javax/net/ssl/SSLPeerUnverifiedException
Event: 7.575 Loading class javax/net/ssl/SSLException
Event: 7.575 Loading class javax/net/ssl/SSLException done
Event: 7.575 Loading class javax/net/ssl/SSLPeerUnverifiedException done
Event: 7.575 Loading class javax/naming/NamingException
Event: 7.576 Loading class javax/naming/NamingException done
Event: 7.576 Loading class javax/naming/InvalidNameException
Event: 7.576 Loading class javax/naming/InvalidNameException done
Event: 7.576 Loading class java/security/cert/CertificateParsingException
Event: 7.576 Loading class java/security/cert/CertificateException
Event: 7.576 Loading class java/security/cert/CertificateException done
Event: 7.576 Loading class java/security/cert/CertificateParsingException done

Classes unloaded (0 events):
No events

Classes redefined (0 events):
No events

Internal exceptions (20 events):
Event: 6.821 Thread 0x00000185ff120820 Exception <a 'sun/nio/fs/WindowsException'{0x00000000868d4c20}> (0x00000000868d4c20) 
thrown [s\src\hotspot\share\prims\jni.cpp, line 516]
Event: 6.821 Thread 0x00000185ff120820 Exception <a 'sun/nio/fs/WindowsException'{0x00000000868d64c8}> (0x00000000868d64c8) 
thrown [s\src\hotspot\share\prims\jni.cpp, line 516]
Event: 6.837 Thread 0x00000185ff120820 Exception <a 'java/lang/NoSuchMethodError'{0x00000000867d4918}: 'java.lang.Object java.lang.invoke.Invokers$Holder.invoker(java.lang.Object, java.lang.Object, java.lang.Object, java.lang.Object, java.lang.Object, java.lang.Object)'> (0x00000000867d4918) 
thrown [s\src\hotspot\share\interpreter\linkResolver.cpp, line 759]
Event: 6.860 Thread 0x00000185ff120820 Exception <a 'java/lang/NoSuchMethodError'{0x000000008653ee08}: 'java.lang.Object java.lang.invoke.DelegatingMethodHandle$Holder.reinvoke_L(java.lang.Object, java.lang.Object, java.lang.Object, java.lang.Object, java.lang.Object, java.lang.Object, java.lang.Object, java.lang.Object, java.lang.Object, java.lang.Object, java.lang.Object, java.lang.Object, java.lang.Object, java.lang.Object, java.lang.Object, java.lang.Object, java.lang.Object, java.lang.Object, java.lang.Object, java.lang.Object, java.lang.O
Event: 6.860 Thread 0x00000185ff120820 Exception <a 'java/lang/NoSuchMethodError'{0x000000008654b908}: 'java.lang.Object java.lang.invoke.Invokers$Holder.invoker(java.lang.Object, java.lang.Object, java.lang.Object, java.lang.Object, java.lang.Object, java.lang.Object, java.lang.Object, java.lang.Object, java.lang.Object, java.lang.Object, java.lang.Object, java.lang.Object, java.lang.Object, java.lang.Object, java.lang.Object, java.lang.Object, java.lang.Object, java.lang.Object, java.lang.Object, java.lang.Object, java.lang.Object, java.lang.
Event: 6.860 Thread 0x00000185ff120820 Exception <a 'java/lang/NoSuchMethodError'{0x0000000086552d20}: 'java.lang.Object java.lang.invoke.DelegatingMethodHandle$Holder.delegate(java.lang.Object, java.lang.Object, java.lang.Object, java.lang.Object, java.lang.Object, java.lang.Object, java.lang.Object, java.lang.Object, java.lang.Object, java.lang.Object, java.lang.Object, java.lang.Object, java.lang.Object, java.lang.Object, java.lang.Object, java.lang.Object, java.lang.Object, java.lang.Object, java.lang.Object, java.lang.Object, java.lang.Obj
Event: 6.868 Thread 0x00000185ff120820 Exception <a 'java/lang/NoSuchMethodError'{0x0000000086423630}: 'java.lang.Object java.lang.invoke.DirectMethodHandle$Holder.invokeStatic(java.lang.Object, java.lang.Object, java.lang.Object, java.lang.Object, java.lang.Object, java.lang.Object, java.lang.Object, java.lang.Object, java.lang.Object, java.lang.Object, java.lang.Object, java.lang.Object, java.lang.Object, java.lang.Object, java.lang.Object, java.lang.Object, java.lang.Object, java.lang.Object, java.lang.Object, java.lang.Object, java.lang.Obj
Event: 6.869 Thread 0x00000185ff120820 Exception <a 'java/lang/NoSuchMethodError'{0x00000000864582f0}: 'java.lang.Object java.lang.invoke.DirectMethodHandle$Holder.invokeStatic(java.lang.Object, java.lang.Object, java.lang.Object, java.lang.Object, java.lang.Object, java.lang.Object, java.lang.Object, java.lang.Object, java.lang.Object, java.lang.Object, java.lang.Object, java.lang.Object, java.lang.Object, java.lang.Object, java.lang.Object, java.lang.Object, java.lang.Object, java.lang.Object, java.lang.Object, java.lang.Object, java.lang.Obj
Event: 6.871 Thread 0x00000185ff120820 Exception <a 'java/lang/NoSuchMethodError'{0x000000008648eb80}: 'java.lang.Object java.lang.invoke.DirectMethodHandle$Holder.invokeStatic(java.lang.Object, java.lang.Object, java.lang.Object, java.lang.Object, java.lang.Object, java.lang.Object, java.lang.Object, java.lang.Object, java.lang.Object, java.lang.Object, java.lang.Object, java.lang.Object, java.lang.Object, java.lang.Object, java.lang.Object, java.lang.Object, java.lang.Object, java.lang.Object, java.lang.Object, java.lang.Object, java.lang.Obj
Event: 7.149 Thread 0x00000185ff120820 Exception <a 'java/lang/NoSuchMethodError'{0x000000008af4af78}: 'java.lang.Object java.lang.invoke.DirectMethodHandle$Holder.newInvokeSpecial(java.lang.Object, java.lang.Object, java.lang.Object, java.lang.Object, int)'> (0x000000008af4af78) 
thrown [s\src\hotspot\share\interpreter\linkResolver.cpp, line 759]
Event: 7.149 Thread 0x00000185ff120820 Exception <a 'java/lang/NoSuchMethodError'{0x000000008af507a8}: 'java.lang.Object java.lang.invoke.DirectMethodHandle$Holder.invokeSpecial(java.lang.Object, java.lang.Object, java.lang.Object, java.lang.Object, java.lang.Object, int)'> (0x000000008af507a8) 
thrown [s\src\hotspot\share\interpreter\linkResolver.cpp, line 759]
Event: 7.150 Thread 0x00000185ff120820 Exception <a 'java/lang/NoSuchMethodError'{0x000000008af55988}: 'java.lang.Object java.lang.invoke.Invokers$Holder.linkToTargetMethod(java.lang.Object, java.lang.Object, java.lang.Object, int, java.lang.Object)'> (0x000000008af55988) 
thrown [s\src\hotspot\share\interpreter\linkResolver.cpp, line 759]
Event: 7.206 Thread 0x00000185ff120820 Exception <a 'java/lang/NoSuchMethodError'{0x000000008ad9d198}: 'int java.lang.invoke.DirectMethodHandle$Holder.invokeInterface(java.lang.Object, java.lang.Object, java.lang.Object, java.lang.Object)'> (0x000000008ad9d198) 
thrown [s\src\hotspot\share\interpreter\linkResolver.cpp, line 759]
Event: 7.249 Thread 0x00000185ff120820 Exception <a 'java/lang/NoSuchMethodError'{0x000000008aa2d000}: 'java.lang.Object java.lang.invoke.DirectMethodHandle$Holder.invokeStatic(java.lang.Object, long, java.lang.Object)'> (0x000000008aa2d000) 
thrown [s\src\hotspot\share\interpreter\linkResolver.cpp, line 759]
Event: 7.249 Thread 0x00000185ff120820 Exception <a 'java/lang/NoSuchMethodError'{0x000000008aa357d8}: 'java.lang.Object java.lang.invoke.DirectMethodHandle$Holder.newInvokeSpecial(java.lang.Object, long)'> (0x000000008aa357d8) 
thrown [s\src\hotspot\share\interpreter\linkResolver.cpp, line 759]
Event: 7.255 Thread 0x00000185ff120820 Exception <a 'java/lang/NoSuchMethodError'{0x000000008aaab830}: 'java.lang.Object java.lang.invoke.Invokers$Holder.linkToTargetMethod(java.lang.Object, java.lang.Object, java.lang.Object, java.lang.Object, long, java.lang.Object, java.lang.Object)'> (0x000000008aaab830) 
thrown [s\src\hotspot\share\interpreter\linkResolver.cpp, line 759]
Event: 7.260 Thread 0x00000185ff120820 Exception <a 'java/lang/NoSuchMethodError'{0x000000008aaf24d8}: 'java.lang.Object java.lang.invoke.DirectMethodHandle$Holder.newInvokeSpecial(java.lang.Object, java.lang.Object, java.lang.Object, long, java.lang.Object)'> (0x000000008aaf24d8) 
thrown [s\src\hotspot\share\interpreter\linkResolver.cpp, line 759]
Event: 7.260 Thread 0x00000185ff120820 Exception <a 'java/lang/NoSuchMethodError'{0x000000008aaf7e00}: 'java.lang.Object java.lang.invoke.DirectMethodHandle$Holder.invokeSpecial(java.lang.Object, java.lang.Object, java.lang.Object, java.lang.Object, long, java.lang.Object)'> (0x000000008aaf7e00) 
thrown [s\src\hotspot\share\interpreter\linkResolver.cpp, line 759]
Event: 7.260 Thread 0x00000185ff120820 Exception <a 'java/lang/NoSuchMethodError'{0x000000008aafcde0}: 'java.lang.Object java.lang.invoke.Invokers$Holder.linkToTargetMethod(java.lang.Object, java.lang.Object, long, java.lang.Object, java.lang.Object)'> (0x000000008aafcde0) 
thrown [s\src\hotspot\share\interpreter\linkResolver.cpp, line 759]
Event: 7.466 Thread 0x00000185ff120820 Exception <a 'java/lang/NoSuchMethodError'{0x0000000089de5120}: 'java.lang.Object java.lang.invoke.DirectMethodHandle$Holder.newInvokeSpecial(java.lang.Object, int, java.lang.Object)'> (0x0000000089de5120) 
thrown [s\src\hotspot\share\interpreter\linkResolver.cpp, line 759]

VM Operations (20 events):
Event: 5.665 Executing VM operation: ICBufferFull
Event: 5.665 Executing VM operation: ICBufferFull done
Event: 5.721 Executing VM operation: G1CollectForAllocation
Event: 5.728 Executing VM operation: G1CollectForAllocation done
Event: 6.094 Executing VM operation: ICBufferFull
Event: 6.094 Executing VM operation: ICBufferFull done
Event: 6.283 Executing VM operation: ICBufferFull
Event: 6.283 Executing VM operation: ICBufferFull done
Event: 6.286 Executing VM operation: HandshakeAllThreads
Event: 6.286 Executing VM operation: HandshakeAllThreads done
Event: 6.960 Executing VM operation: G1CollectForAllocation
Event: 6.968 Executing VM operation: G1CollectForAllocation done
Event: 7.101 Executing VM operation: HandshakeAllThreads
Event: 7.101 Executing VM operation: HandshakeAllThreads done
Event: 7.139 Executing VM operation: HandshakeAllThreads
Event: 7.139 Executing VM operation: HandshakeAllThreads done
Event: 7.205 Executing VM operation: HandshakeAllThreads
Event: 7.205 Executing VM operation: HandshakeAllThreads done
Event: 7.256 Executing VM operation: ICBufferFull
Event: 7.257 Executing VM operation: ICBufferFull done

Memory protections (0 events):
No events

Nmethod flushes (20 events):
Event: 4.787 Thread 0x00000185e13b31f0 flushing  nmethod 0x00000185cb7fec10
Event: 4.787 Thread 0x00000185e13b31f0 flushing  nmethod 0x00000185cb7ff410
Event: 4.787 Thread 0x00000185e13b31f0 flushing  nmethod 0x00000185cb800290
Event: 4.787 Thread 0x00000185e13b31f0 flushing  nmethod 0x00000185cb800a90
Event: 4.787 Thread 0x00000185e13b31f0 flushing  nmethod 0x00000185cb806a10
Event: 4.787 Thread 0x00000185e13b31f0 flushing  nmethod 0x00000185cb807010
Event: 4.787 Thread 0x00000185e13b31f0 flushing  nmethod 0x00000185cb807610
Event: 4.787 Thread 0x00000185e13b31f0 flushing  nmethod 0x00000185cb80cb90
Event: 4.787 Thread 0x00000185e13b31f0 flushing  nmethod 0x00000185cb816710
Event: 4.787 Thread 0x00000185e13b31f0 flushing  nmethod 0x00000185cb816a90
Event: 4.787 Thread 0x00000185e13b31f0 flushing  nmethod 0x00000185cb818810
Event: 4.787 Thread 0x00000185e13b31f0 flushing  nmethod 0x00000185cb829390
Event: 4.787 Thread 0x00000185e13b31f0 flushing  nmethod 0x00000185cb82b210
Event: 4.787 Thread 0x00000185e13b31f0 flushing  nmethod 0x00000185cb85c610
Event: 4.787 Thread 0x00000185e13b31f0 flushing  nmethod 0x00000185cb866e90
Event: 4.787 Thread 0x00000185e13b31f0 flushing  nmethod 0x00000185cb895910
Event: 7.103 Thread 0x00000185e13b31f0 flushing  nmethod 0x00000185d2d10490
Event: 7.106 Thread 0x00000185e13b31f0 flushing  nmethod 0x00000185cb3b7b10
Event: 7.106 Thread 0x00000185e13b31f0 flushing  nmethod 0x00000185cb3b8890
Event: 7.107 Thread 0x00000185e13b31f0 flushing  nmethod 0x00000185cb53b510

Events (20 events):
Event: 3.240 Thread 0x00000185ff120820 Thread added: 0x00000185ff21d3e0
Event: 3.240 Thread 0x00000185ff120820 Thread added: 0x00000185ff21e310
Event: 3.256 Thread 0x00000185e139f3d0 Thread added: 0x00000185ff3da850
Event: 3.560 Thread 0x00000185ff3da850 Thread exited: 0x00000185ff3da850
Event: 3.781 Thread 0x00000185ff3492c0 Thread added: 0x0000018586011510
Event: 4.289 Thread 0x00000185ff120820 Thread added: 0x00000185ff21ed30
Event: 4.785 Thread 0x00000185ff120820 Thread added: 0x00000185ff21de00
Event: 4.898 Thread 0x00000185ff120820 Thread added: 0x00000185ff21c9c0
Event: 4.914 Thread 0x00000185ff120820 Thread added: 0x00000185ff21b580
Event: 5.375 Thread 0x00000185ff120820 Thread added: 0x00000185ff21fc60
Event: 5.576 Thread 0x00000185ff120820 Thread added: 0x00000185ff21c4b0
Event: 5.795 Thread 0x00000185ff120820 Thread added: 0x0000018586a08540
Event: 5.884 Thread 0x00000185ff120820 Thread added: 0x0000018586a08a50
Event: 5.960 Thread 0x00000185ff120820 Thread added: 0x0000018586a08f60
Event: 6.055 Thread 0x00000185ff120820 Thread added: 0x0000018586a09470
Event: 6.151 Thread 0x00000185ff120820 Thread added: 0x0000018587ac0100
Event: 6.604 Thread 0x00000185ff120820 Thread added: 0x0000018586a09980
Event: 6.639 Thread 0x00000185ff120820 Thread added: 0x000001858640e4a0
Event: 6.789 Thread 0x00000185ff120820 Thread added: 0x000001858640e9b0
Event: 7.551 Thread 0x0000018586011510 Thread exited: 0x0000018586011510


Dynamic libraries:
0x00007ff696b60000 - 0x00007ff696b6e000 	C:\Program Files\Microsoft\jdk-17.0.14.7-hotspot\bin\java.exe
0x00007ffeccd20000 - 0x00007ffeccf87000 	C:\WINDOWS\SYSTEM32\ntdll.dll
0x00007ffecaf30000 - 0x00007ffecaff9000 	C:\WINDOWS\System32\KERNEL32.DLL
0x00007ffec9720000 - 0x00007ffec9b14000 	C:\WINDOWS\System32\KERNELBASE.dll
0x00007ffec40a0000 - 0x00007ffec413f000 	C:\WINDOWS\SYSTEM32\apphelp.dll
0x00007ffeca520000 - 0x00007ffeca66b000 	C:\WINDOWS\System32\ucrtbase.dll
0x00007ffe9a770000 - 0x00007ffe9a787000 	C:\Program Files\Microsoft\jdk-17.0.14.7-hotspot\bin\jli.dll
0x00007ffea8ba0000 - 0x00007ffea8bbd000 	C:\Program Files\Microsoft\jdk-17.0.14.7-hotspot\bin\VCRUNTIME140.dll
0x00007ffecc370000 - 0x00007ffecc535000 	C:\WINDOWS\System32\USER32.dll
0x00007ffeaf3a0000 - 0x00007ffeaf633000 	C:\WINDOWS\WinSxS\amd64_microsoft.windows.common-controls_6595b64144ccf1df_6.0.26100.8115_none_3e075c82e3354f9c\COMCTL32.dll
0x00007ffeca390000 - 0x00007ffeca3b7000 	C:\WINDOWS\System32\win32u.dll
0x00007ffecbdd0000 - 0x00007ffecbdfb000 	C:\WINDOWS\System32\GDI32.dll
0x00007ffecc5b0000 - 0x00007ffecc659000 	C:\WINDOWS\System32\msvcrt.dll
0x00007ffec95f0000 - 0x00007ffec971a000 	C:\WINDOWS\System32\gdi32full.dll
0x00007ffeca3c0000 - 0x00007ffeca463000 	C:\WINDOWS\System32\msvcp_win.dll
0x00007ffecbc20000 - 0x00007ffecbc52000 	C:\WINDOWS\System32\IMM32.DLL
0x00007ffeb8db0000 - 0x00007ffeb8dbc000 	C:\Program Files\Microsoft\jdk-17.0.14.7-hotspot\bin\vcruntime140_1.dll
0x00007ffe86e20000 - 0x00007ffe86ead000 	C:\Program Files\Microsoft\jdk-17.0.14.7-hotspot\bin\msvcp140.dll
0x00007ffe76320000 - 0x00007ffe76f92000 	C:\Program Files\Microsoft\jdk-17.0.14.7-hotspot\bin\server\jvm.dll
0x00007ffecb280000 - 0x00007ffecb336000 	C:\WINDOWS\System32\ADVAPI32.dll
0x00007ffecabf0000 - 0x00007ffecac97000 	C:\WINDOWS\System32\sechost.dll
0x00007ffecb340000 - 0x00007ffecb458000 	C:\WINDOWS\System32\RPCRT4.dll
0x00007ffecaca0000 - 0x00007ffecad20000 	C:\WINDOWS\System32\WS2_32.dll
0x00007ffec81f0000 - 0x00007ffec824e000 	C:\WINDOWS\SYSTEM32\POWRPROF.dll
0x00007ffebb1c0000 - 0x00007ffebb1f6000 	C:\WINDOWS\SYSTEM32\WINMM.dll
0x00007ffebdec0000 - 0x00007ffebdecb000 	C:\WINDOWS\SYSTEM32\VERSION.dll
0x00007ffec81d0000 - 0x00007ffec81e4000 	C:\WINDOWS\SYSTEM32\UMPDC.dll
0x00007ffec84a0000 - 0x00007ffec84bb000 	C:\WINDOWS\SYSTEM32\kernel.appcore.dll
0x00007ffeb71c0000 - 0x00007ffeb71ca000 	C:\Program Files\Microsoft\jdk-17.0.14.7-hotspot\bin\jimage.dll
0x00007ffec74b0000 - 0x00007ffec76f2000 	C:\WINDOWS\SYSTEM32\DBGHELP.DLL
0x00007ffecbe00000 - 0x00007ffecc182000 	C:\WINDOWS\System32\combase.dll
0x00007ffecbc70000 - 0x00007ffecbd47000 	C:\WINDOWS\System32\OLEAUT32.dll
0x00007ffea92b0000 - 0x00007ffea92eb000 	C:\WINDOWS\SYSTEM32\dbgcore.DLL
0x00007ffeca470000 - 0x00007ffeca515000 	C:\WINDOWS\System32\bcryptPrimitives.dll
0x00007ffeaefd0000 - 0x00007ffeaefde000 	C:\Program Files\Microsoft\jdk-17.0.14.7-hotspot\bin\instrument.dll
0x00007ffe97c00000 - 0x00007ffe97c25000 	C:\Program Files\Microsoft\jdk-17.0.14.7-hotspot\bin\java.dll
0x00007ffe7e6a0000 - 0x00007ffe7e777000 	C:\Program Files\Microsoft\jdk-17.0.14.7-hotspot\bin\jsvml.dll
0x00007ffecb4b0000 - 0x00007ffecbc16000 	C:\WINDOWS\System32\SHELL32.dll
0x00007ffeca670000 - 0x00007ffeca7da000 	C:\WINDOWS\System32\wintypes.dll
0x00007ffec9b20000 - 0x00007ffeca385000 	C:\WINDOWS\System32\windows.storage.dll
0x00007ffecc730000 - 0x00007ffecc827000 	C:\WINDOWS\System32\SHCORE.dll
0x00007ffecc540000 - 0x00007ffecc5a6000 	C:\WINDOWS\System32\shlwapi.dll
0x00007ffec9510000 - 0x00007ffec9539000 	C:\WINDOWS\SYSTEM32\profapi.dll
0x00007ffe986c0000 - 0x00007ffe986d8000 	C:\Program Files\Microsoft\jdk-17.0.14.7-hotspot\bin\zip.dll
0x00007ffe97d00000 - 0x00007ffe97d1a000 	C:\Program Files\Microsoft\jdk-17.0.14.7-hotspot\bin\net.dll
0x00007ffec0410000 - 0x00007ffec053d000 	C:\WINDOWS\SYSTEM32\WINHTTP.dll
0x00007ffec8a10000 - 0x00007ffec8a7c000 	C:\WINDOWS\system32\mswsock.dll
0x00007ffe8edd0000 - 0x00007ffe8ede6000 	C:\Program Files\Microsoft\jdk-17.0.14.7-hotspot\bin\nio.dll
0x00007ffe9c0b0000 - 0x00007ffe9c0c0000 	C:\Program Files\Microsoft\jdk-17.0.14.7-hotspot\bin\verify.dll
0x00007ffeb8eb0000 - 0x00007ffeb8ed7000 	C:\Users\manth\.gradle\native\1def1411415f61bf3af743bc5b6707747c0891f09f0c88961ee8f79bc544acac\windows-amd64\native-platform.dll
0x00007ffe74fe0000 - 0x00007ffe75058000 	C:\Users\manth\.gradle\native\0.2.7\x86_64-windows-gnu\gradle-fileevents.dll
0x00007ffe98180000 - 0x00007ffe9818a000 	C:\Program Files\Microsoft\jdk-17.0.14.7-hotspot\bin\management.dll
0x00007ffe8f770000 - 0x00007ffe8f77b000 	C:\Program Files\Microsoft\jdk-17.0.14.7-hotspot\bin\management_ext.dll
0x00007ffecc720000 - 0x00007ffecc728000 	C:\WINDOWS\System32\PSAPI.DLL
0x00007ffec7e80000 - 0x00007ffec7eb2000 	C:\WINDOWS\SYSTEM32\IPHLPAPI.DLL
0x00007ffecbc60000 - 0x00007ffecbc6a000 	C:\WINDOWS\System32\NSI.dll
0x00007ffec09b0000 - 0x00007ffec09cd000 	C:\WINDOWS\SYSTEM32\dhcpcsvc6.DLL
0x00007ffec0980000 - 0x00007ffec09a5000 	C:\WINDOWS\SYSTEM32\dhcpcsvc.DLL
0x00007ffec7ec0000 - 0x00007ffec7ff2000 	C:\WINDOWS\SYSTEM32\DNSAPI.dll
0x00007ffe8ee80000 - 0x00007ffe8ee89000 	C:\Program Files\Microsoft\jdk-17.0.14.7-hotspot\bin\extnet.dll
0x00007ffec8cf0000 - 0x00007ffec8d0b000 	C:\WINDOWS\SYSTEM32\CRYPTSP.dll
0x00007ffec8400000 - 0x00007ffec8439000 	C:\WINDOWS\system32\rsaenh.dll
0x00007ffec8ac0000 - 0x00007ffec8af3000 	C:\WINDOWS\SYSTEM32\USERENV.dll
0x00007ffec94e0000 - 0x00007ffec950a000 	C:\WINDOWS\SYSTEM32\bcrypt.dll
0x00007ffec8d10000 - 0x00007ffec8d1c000 	C:\WINDOWS\SYSTEM32\CRYPTBASE.dll
0x00007ffe8ed20000 - 0x00007ffe8ed2e000 	C:\Program Files\Microsoft\jdk-17.0.14.7-hotspot\bin\sunmscapi.dll
0x00007ffeca7e0000 - 0x00007ffeca957000 	C:\WINDOWS\System32\CRYPT32.dll
0x00007ffec8f10000 - 0x00007ffec8f40000 	C:\WINDOWS\SYSTEM32\ncrypt.dll
0x00007ffec8ec0000 - 0x00007ffec8eff000 	C:\WINDOWS\SYSTEM32\NTASN1.dll
0x00007ffea5e20000 - 0x00007ffea5e28000 	C:\WINDOWS\system32\wshunix.dll
0x00007ffec85c0000 - 0x00007ffec85f6000 	C:\WINDOWS\SYSTEM32\ntmarta.dll

dbghelp: loaded successfully - version: 4.0.5 - missing functions: none
symbol engine: initialized successfully - sym options: 0x614 - pdb path: .;C:\Program Files\Microsoft\jdk-17.0.14.7-hotspot\bin;C:\WINDOWS\SYSTEM32;C:\WINDOWS\WinSxS\amd64_microsoft.windows.common-controls_6595b64144ccf1df_6.0.26100.8115_none_3e075c82e3354f9c;C:\Program Files\Microsoft\jdk-17.0.14.7-hotspot\bin\server;C:\Users\manth\.gradle\native\1def1411415f61bf3af743bc5b6707747c0891f09f0c88961ee8f79bc544acac\windows-amd64;C:\Users\manth\.gradle\native\0.2.7\x86_64-windows-gnu

VM Arguments:
jvm_args: --add-opens=java.base/java.lang=ALL-UNNAMED --add-opens=java.base/java.lang.invoke=ALL-UNNAMED --add-opens=java.base/java.util=ALL-UNNAMED --add-opens=java.prefs/java.util.prefs=ALL-UNNAMED --add-exports=jdk.compiler/com.sun.tools.javac.api=ALL-UNNAMED --add-exports=jdk.compiler/com.sun.tools.javac.util=ALL-UNNAMED --add-opens=java.base/java.util=ALL-UNNAMED --add-opens=java.prefs/java.util.prefs=ALL-UNNAMED --add-opens=java.base/java.nio.charset=ALL-UNNAMED --add-opens=java.base/java.net=ALL-UNNAMED --add-opens=java.base/java.util.concurrent.atomic=ALL-UNNAMED --add-opens=java.xml/javax.xml.namespace=ALL-UNNAMED -XX:MaxMetaspaceSize=512m -Xmx2048m -Dfile.encoding=UTF-8 -Duser.country=US -Duser.language=en -Duser.variant -javaagent:C:\Users\manth\.gradle\wrapper\dists\gradle-8.13-bin\5xuhj0ry160q40clulazy9h7d\gradle-8.13\lib\agents\gradle-instrumentation-agent-8.13.jar 
java_command: org.gradle.launcher.daemon.bootstrap.GradleDaemon 8.13
java_class_path (initial): C:\Users\manth\.gradle\wrapper\dists\gradle-8.13-bin\5xuhj0ry160q40clulazy9h7d\gradle-8.13\lib\gradle-daemon-main-8.13.jar
Launcher Type: SUN_STANDARD

[Global flags]
     intx CICompilerCount                          = 4                                         {product} {ergonomic}
   size_t CompressedClassSpaceSize                 = 436207616                                 {product} {ergonomic}
     uint ConcGCThreads                            = 3                                         {product} {ergonomic}
     uint G1ConcRefinementThreads                  = 10                                        {product} {ergonomic}
   size_t G1HeapRegionSize                         = 1048576                                   {product} {ergonomic}
    uintx GCDrainStackTargetSize                   = 64                                        {product} {ergonomic}
   size_t InitialHeapSize                          = 264241152                                 {product} {ergonomic}
   size_t MarkStackSize                            = 4194304                                   {product} {ergonomic}
   size_t MaxHeapSize                              = 2147483648                                {product} {command line}
   size_t MaxMetaspaceSize                         = 536870912                                 {product} {command line}
   size_t MaxNewSize                               = 1287651328                                {product} {ergonomic}
   size_t MinHeapDeltaBytes                        = 1048576                                   {product} {ergonomic}
   size_t MinHeapSize                              = 8388608                                   {product} {ergonomic}
    uintx NonNMethodCodeHeapSize                   = 5839372                                {pd product} {ergonomic}
    uintx NonProfiledCodeHeapSize                  = 122909434                              {pd product} {ergonomic}
    uintx ProfiledCodeHeapSize                     = 122909434                              {pd product} {ergonomic}
    uintx ReservedCodeCacheSize                    = 251658240                              {pd product} {ergonomic}
     bool SegmentedCodeCache                       = true                                      {product} {ergonomic}
   size_t SoftMaxHeapSize                          = 2147483648                             {manageable} {ergonomic}
     bool UseCompressedClassPointers               = true                           {product lp64_product} {ergonomic}
     bool UseCompressedOops                        = true                           {product lp64_product} {ergonomic}
     bool UseG1GC                                  = true                                      {product} {ergonomic}
     bool UseLargePagesIndividualAllocation        = false                                  {pd product} {ergonomic}

Logging:
Log output configuration:
 #0: stdout all=warning uptime,level,tags
 #1: stderr all=off uptime,level,tags

Environment Variables:
JAVA_HOME=C:\Program Files\Microsoft\jdk-17.0.14.7-hotspot\
PATH=C:\Users\manth\AppData\Local\Programs\Microsoft VS Code;C:\Program Files\Microsoft\jdk-17.0.14.7-hotspot\bin;C:\Program Files\Common Files\Oracle\Java\javapath;C:\Program Files (x86)\Common Files\Oracle\Java\java8path;C:\Program Files (x86)\Common Files\Oracle\Java\javapath;C:\Users\manth\AppData\Local\Android\Sdk\platform-tools;C:\Windows;C:\Windows\System32\Wbem;C:\Windows\System32\WindowsPowerShell\v1.0\;C:\Windows\System32\OpenSSH\;C:\Program Files (x86)\NVIDIA Corporation\PhysX\Common;C:\Program Files\NVIDIA Corporation\NVIDIA NvDLISR;C:\WINDOWS\system32;C:\WINDOWS;C:\WINDOWS\System32\Wbem;C:\WINDOWS\System32\WindowsPowerShell\v1.0\;C:\WINDOWS\System32\OpenSSH\;C:\Program Files\dotnet\;C:\Program Files\nodejs\;C:\ProgramData\chocolatey\bin;C:\Program Files\Git\cmd;C:\Program Files\Java\jdk-17;C:\Users\manth\AppData\Local\Android\Sdk;C:\Users\manth\AppData\Local\Android\Sdk\emulator;C:\Users\manth\AppData\Local\Android\Sdk\tools;C:\Users\manth\AppData\Local\Android\Sdk\tools\bin;C:\Users\manth\AppData\Local\Android\Sdk\platform-tools;C:\Program Files\OpenSSL-Win64\bin;C:\Users\manth\AppData\Local\Microsoft\WindowsApps;C:\Users\manth\AppData\Local\Programs\Microsoft VS Code\bin;C:\Users\manth\AppData\Roaming\npm;C:\Users\manth\AppData\Local\Microsoft\WinGet\Packages\Schniz.fnm_Microsoft.Winget.Source_8wekyb3d8bbwe;C:\Users\manth\AppData\Local\GitHubDesktop\bin;C:\Users\manth\AppData\Local\JetBrains\Toolbox\scripts
USERNAME=manth
OS=Windows_NT
PROCESSOR_IDENTIFIER=Intel64 Family 6 Model 141 Stepping 1, GenuineIntel
TMP=C:\Users\manth\AppData\Local\Temp
TEMP=C:\Users\manth\AppData\Local\Temp



Periodic native trim disabled


---------------  S Y S T E M  ---------------

OS:
 Windows 11 , 64 bit Build 26100 (10.0.26100.8115)
OS uptime: 0 days 18:32 hours
Hyper-V role detected

CPU: total 12 (initial active 12) (6 cores per cpu, 2 threads per core) family 6 model 141 stepping 1 microcode 0x34, cx8, cmov, fxsr, ht, mmx, 3dnowpref, sse, sse2, sse3, ssse3, sse4.1, sse4.2, popcnt, lzcnt, tsc, tscinvbit, avx, avx2, aes, erms, clmul, bmi1, bmi2, adx, avx512f, avx512dq, avx512cd, avx512bw, avx512vl, sha, fma, vzeroupper, avx512_vpopcntdq, avx512_vpclmulqdq, avx512_vaes, avx512_vnni, clflush, clflushopt, clwb, avx512_vbmi2, avx512_vbmi, hv
Processor Information for the first 12 processors :
  Max Mhz: 2688, Current Mhz: 2688, Mhz Limit: 2688

Memory: 4k page, system-wide physical 16106M (719M free)
TotalPageFile size 45539M (AvailPageFile size 6M)
current process WorkingSet (physical memory assigned to process): 435M, peak: 435M
current process commit charge ("private bytes"): 478M, peak: 479M

vm_info: OpenJDK 64-Bit Server VM (17.0.14+7-LTS) for windows-amd64 JRE (17.0.14+7-LTS), built on Jan  8 2025 23:39:28 by "MicrosoftCorporation" with unknown MS VC++:1939

END.
